✔ the main application import graph excludes Worker-only modules (1.836128ms)
✔ Worker construction and the diagram-generation client have explicit owners (8.280076ms)
✔ Pyodide initialization and helper execution are Worker-only (19.670919ms)
✔ export payloads stay outside the eager application graph (1.599709ms)
✔ production rendering crosses the canonical request and Worker boundary (2.487998ms)
✔ the embedded Python render bridge has no alternate production caller (5.819604ms)
✔ History intent and SVG admission have one production ownership path (134.962387ms)
✔ right drawer availability and transitions have one production owner (5.01633ms)
✔ privileged capability owners and importers stay within their allowlists (200.269172ms)
✔ shared privileged detectors preserve the characterized current-source facts (185.035119ms)
✔ metadata validation callers cannot acquire identity or namespace access (3.018945ms)
✔ legend replacement characterization permits contraction but rejects growth or lost ownership (0.383352ms)
✔ versioned architecture detectors expose stable normalized subjects (0.675946ms)
✔ current Result admission detectors characterize the merged runtime source facts (252.508284ms)
✔ declared architecture rules actively govern the current source tree (792.967429ms)
✔ four-rule authority activation validates and passes on the current source tree (861.919814ms)
✔ pure architecture evaluation owns no I/O, source detection, or authority data (0.537953ms)
✔ pure Product Impact mechanics own no I/O, Git, environment, reporting, or CLI (0.768002ms)
✔ Product Impact authority bootstrap accepts zero or two inert JSON files (4.8909ms)
✔ registered architecture authority and executable matching have separate owners (0.354719ms)
✔ the Web checker remains the sole evaluator orchestrator and CLI entry point (0.727781ms)
✔ report-only source facts preserve the characterized masking behavior (1.181284ms)
✔ workflow triggers separate dev admission, dev staging, promotion, and deployment (0.570501ms)
✔ PR-to-dev jobs and aggregate use the trusted selective plan (1.275473ms)
✔ PR smoke selection is explicit while the full functional inventory stays wide (0.205029ms)
✔ exact dev staging routes every job through the protected-branch plan (0.554144ms)
✔ Gallery readiness routes jobs from direct-parent evidence and aggregates the current SHA (0.421267ms)
✔ trusted promotion uses base code for topology, exact-SHA evidence, and tree proof (0.711141ms)
✔ steady-state topology removes legacy main producers without changing final owners (0.4279ms)
✔ the PR template retains architecture evidence anchors (0.092467ms)
✔ the PR template contains one optional bounded Product Impact decision block (0.066172ms)
✔ the PR template requires exact changed-scope architecture debt arithmetic (0.08672ms)
✔ normal CI uses only dev as the staging push branch (0.039335ms)
✔ dev staging Web checks scope only the newly integrated change (0.196646ms)
✔ supported-version and slow matrices are mandatory in explicit release acceptance (0.190667ms)
✔ synthetic architecture fixtures grow through evidence dependencies, not alternate authority (0.70877ms)
✔ otherwise unmodified synthetic repositories pass current inherited authority (297.309572ms)
✔ active base rules accept one canonical entry edge (141.945121ms)
✔ an extra registered authority location fails and remains visible in the delta (231.907969ms)
✔ an unpreauthorized registered authority move fails (143.255327ms)
✔ a first-party static self-import fails as a one-node cycle (143.156625ms)
✔ an unresolved first-party static import fails closed (142.055611ms)
✔ two-node and three-node first-party static cycles fail (418.93546ms)
✔ an acyclic graph resolves extensionless modules and directory indexes (183.189923ms)
✔ multiple cycles report stable sorted nodes and internal edges (189.144781ms)
✔ compatibility-like names report and a private helper adds no authority (254.376507ms)
✔ active hard rule fails when the canonical entry edge is absent (161.981308ms)
✔ active hard rule rejects an unapproved canonical entry edge (193.223548ms)
✔ two simultaneously active preauthorized edges fail in stable subject order (173.661942ms)
✔ an inactive preauthorized edge does not fail (232.827924ms)
✔ a preauthorized one-for-one canonical path move passes and requires review (151.259843ms)
✔ trusted Product Impact stays absent for unchanged source and non-authoritative pull requests (504.301635ms)
✔ trusted Product Impact reports a mapped provider substitution as one conforming concern (139.271567ms)
✔ two changed architecture rules still produce one trusted Product Impact concern packet (133.452998ms)
✔ report-only Product Impact regression requires review without changing a passing Gate (226.136345ms)
✔ Decision Pack routing is outcome-oriented and accepts only an eligible exact-head decision (314.27025ms)
✔ stale and non-maintainer Product Impact decisions remain unresolved and routed (398.005909ms)
✔ invalid current Product Impact authority fails closed without exposing body content (149.101095ms)
✔ conflicting static and current Product Impact authority is report-only but explicit (149.739636ms)
✔ candidate Product Impact authority is validation-only and cannot authorize candidate runtime (252.507832ms)
✔ malformed candidate Product Impact authority fails closed (158.372754ms)
✔ mapped contract changes are surfaced while unrelated tests add no Product Impact burden (339.801582ms)
✔ Product Impact stdout and GitHub summary use the same deterministic report (254.344311ms)
✔ hard Product Impact fixtures block every blocking observation (705.266097ms)
✔ report-only rules report absence without consulting an accepted store or failing (151.355991ms)
✔ hard rules do not consult an accepted-violation store (142.430623ms)
✔ trusted checker rejects malformed proposed rule JSON as inert data (227.853451ms)
✔ a proposed detector that throws is never loaded or executed (144.415414ms)
✔ trusted fixture execution imports detector and evaluator modules from its base revision (135.726306ms)
✔ proposed detector ID and implementation cannot alter trusted source observation (147.839748ms)
✔ cross-validated inert architecture and Product Impact preauthorization passes and requires review (247.391627ms)
✔ mutually conforming proposed rules and source cannot replace base authority (144.931721ms)
✔ fixed profiles classify exact and excess production-file review thresholds (599.162583ms)
✔ fixed profiles classify exact and excess gross-churn review thresholds (610.096563ms)
✔ fixed profiles classify exact and excess net-addition review thresholds (620.613116ms)
✔ the architecture label selects a larger advisory profile without waiving blockers (265.836709ms)
✔ net-zero rewrites above gross thresholds require review in both profiles (252.621157ms)
✔ new module, export, create, reactive, and watcher signals are report-only (257.139582ms)
✔ registered performance, reference-output, and session paths require review (371.068849ms)
✔ review reasons are deduplicated and deterministically sorted (116.791863ms)
✔ report-only inventory contractions display removals without failing (120.267523ms)
✔ the GitHub step summary leads with independent Gate and Review results (237.691711ms)
✔ review reasons and blocking violations produce the four independent decision states (999.477113ms)
✔ GitHub Actions emits one bounded warning only when Review is required (562.781567ms)
✔ dependency, vendor, binary, and runtime/guard rules are non-waivable (1582.591341ms)
✔ malformed authority and unsupported accepted-violation authority fail canonically (252.338244ms)
✔ a trusted workflow cannot check out candidate head code (135.236454ms)
✔ reserved future guard paths need not exist before their rollout (129.256487ms)
✔ every Product Impact policy, checker, authority, parser, and fixture path is guarded (1858.45275ms)
✔ Product Impact checker implementation is separate from Product Impact authority (2268.193479ms)
✔ the Product Contract authority path is exact and isolated (460.018694ms)
✔ the narrow inert authority bundle contains only architecture rules, map, and decisions (367.792138ms)
✔ runtime cannot co-change with any protected architecture guard path (1042.418338ms)
✔ checker implementation and authority files cannot change together (26309.910111ms)
✔ all checker implementations are separated from reserved future authority (8613.547062ms)
✔ promotion helper stays checker-only while evidence workflows stay authority-only (448.843638ms)
✔ evaluator fixtures stay implementation-only while active rule authority stays isolated (347.369718ms)
✔ the reserved PR template is guard-only (244.501806ms)
✔ an unregistered path acquires no guard or authority classification (337.661694ms)
✔ the Web change-budget checker allows an owner-internal edit (128.095853ms)
✔ privileged ownership and import contractions do not require a policy edit (125.047283ms)
✔ runtime removal may contract its now-inactive owner authorization in one revision (146.446674ms)
✔ runtime removal may contract exactly its inactive owner and importer authorizations (243.293599ms)
✔ safe contraction passes but requires review at exact size thresholds (293.740613ms)
✔ runtime and policy cannot self-authorize a new privileged owner (330.170027ms)
✔ runtime and policy cannot self-authorize a new privileged importer (248.486805ms)
✔ runtime contraction cannot mix removal with a new authorization (321.688364ms)
✔ runtime contraction cannot remove an authorization still active at head (269.512913ms)
✔ runtime contraction cannot delete a capability key (322.853ms)
✔ runtime contraction cannot delete a privileged import-target key (352.554012ms)
✔ runtime contraction cannot add privileged policy keys (573.120095ms)
✔ runtime plus a semantically unchanged policy remains separated (278.641903ms)
✔ runtime plus policy contraction rejects every additional guard change (3493.803277ms)
✔ safe contraction requires review above the selected production-file threshold (424.475786ms)
✔ safe contraction does not waive dependency, vendor, or binary integrity (1328.563222ms)
✔ unapproved privileged expansion fails against the base allowlist (256.595058ms)
✔ an unused privileged owner allowlist entry can contract (213.059776ms)
✔ an active privileged owner allowlist entry cannot contract (304.08606ms)
✔ an active privileged importer allowlist entry cannot contract (356.176733ms)
✔ a policy change cannot self-authorize privileged runtime expansion (280.386358ms)
✔ base privileged allowlist keys cannot disappear (348.72832ms)
✔ privileged expansion requires policy preauthorization on the base revision (288.656789ms)
✔ comments, strings, and local session object keys are not hard failures (137.409942ms)
✔ index.html growth counts toward the net-addition review threshold (205.87819ms)
✔ base-policy execution ignores a PR-modified checker and detects its runtime co-change (159.928816ms)
✔ trusted-base execution rejects self-authorization despite a successful head checker (179.385598ms)
✔ trusted-base execution rejects runtime plus a candidate Product Contract and checker (182.230893ms)
✔ promotion omits runtime and guard inventories without weakening ordinary PRs (249.481465ms)
✔ promotion omits checker and authority aggregation without authorizing ordinary PRs (179.942475ms)
✔ promotion omits ordinary size profiling while ordinary review remains required (266.05832ms)
✔ promotion relies on exact staging instead of rerunning ordinary import-cycle checks (188.081922ms)
✔ promotion relies on exact staging instead of rerunning ordinary privileged checks (188.405831ms)
✔ promotion relies on exact staging instead of parsing ordinary architecture authority (277.74592ms)
✔ arbitrary-head and fork pull requests to main fail the bounded promotion gate (96.145396ms)
✔ malformed pull-request metadata fails before ordinary inventory evaluation (61.746671ms)
✔ promotion accepts a content-neutral main merge commit without a sync PR (98.637032ms)
✔ promotion rejects a main merge commit with main-only tree content (110.677593ms)
✔ promotion fails when dev does not contain current main content (143.661227ms)
✔ pull request SHA mismatches are blocking metadata errors (85.181949ms)
ℹ tests 139
ℹ suites 0
ℹ pass 139
ℹ fail 0
ℹ cancelled 0
ℹ skipped 0
ℹ todo 0
ℹ duration_ms 74131.039628
