✔ NUL name-status parsing preserves newlines and rename endpoints (1.796893ms)
✔ PR planning uses a three-dot diff and direct base evidence (1.089348ms)
✔ Product Contract documentation PR selects only Web policy validation (0.25578ms)
✔ dev and Gallery planning use a two-commit diff and direct parent evidence (0.4382ms)
✔ dev metadata and documentation changes select only changed surfaces (0.568065ms)
✔ Gallery metadata and documentation changes skip browser and performance (0.55679ms)
✔ Gallery-impacting surfaces select the full Gallery profile without evidence lookup (1.205514ms)
✔ dev control-plane changes run the full profile without inherited evidence (0.271436ms)
✔ dev direct-parent staging failures force the current run to full (0.748929ms)
✔ documentation-only PRs stay selective without querying any base staging state (2.038082ms)
✔ documentation-only dev pushes fail closed without a successful direct parent (0.999852ms)
✔ documentation-only Gallery pushes fail closed without browser or performance jobs (0.243614ms)
✔ a successful exact parent aggregate can extend a selective Gallery evidence chain (0.160225ms)
✔ a zero push before SHA fails closed without querying inherited evidence (0.184054ms)
✔ evidence verifier failures fall back to the full profile (0.153785ms)
✔ full changes never query inherited evidence (0.093258ms)
✔ invalid and empty diffs fail closed without querying evidence (0.17543ms)
✔ manual runs and architecture-change labels force full execution (0.237094ms)
✔ plan command writes one compact output line and escapes summary paths (0.61958ms)
✔ dev plan summary reports active protected-branch routing (0.827078ms)
✔ Gallery plan summary reports active protected-branch routing (0.273213ms)
✔ unexpected failures are not converted to full plans and redact tokens (0.231548ms)
✔ CLI rejects unknown arguments and invalid profile/event contracts (0.153934ms)
✔ workflow keeps trusted PR routing and activates protected dev routing (0.906228ms)
✔ web PR route inherits only exact base evidence and falls back to full on API failure (0.246276ms)
✔ release dispatch is exhaustive and cannot be inferred from a routine push (0.108898ms)
✔ release workflow binds exhaustive matrices and package/browser contracts to its gate (0.434553ms)
✔ gate accepts metadata, documentation, and full PR routes (2.635229ms)
✔ gate accepts metadata, documentation, and full dev staging routes (1.927904ms)
✔ Gallery gate accepts both light routes and requires both full jobs (0.658482ms)
✔ Gallery gate rejects the wrong profile, workflow SHA, and schema (0.186283ms)
✔ dev gate treats each matrix aggregate as one required job result (0.219107ms)
✔ dev gate rejects the wrong current SHA and malformed inherited evidence (0.143618ms)
✔ gate rejects required skipped, failure, and cancellation (0.260525ms)
✔ gate rejects planner failures and unrequired failures (0.204279ms)
✔ gate rejects missing expected jobs (0.155361ms)
✔ unknown jobs may succeed or skip but may not fail (0.221043ms)
✔ trusted gate rejects wrong profile, workflow SHA, and helper schema (0.189476ms)
✔ gate CLI rejects malformed plan and needs JSON (0.579703ms)
✔ gate CLI rejects a missing plan (0.128407ms)
✔ gate CLI emits a passing summary for a valid payload (0.228382ms)
✔ release aggregate rejects any skipped or failed exhaustive matrix (1.102128ms)
✔ documentation-only PR gate requires selected checks without claiming inherited staging (0.587077ms)
✔ metadata allowlist is deliberately narrow (1.32306ms)
✔ root Markdown and docs tree are documentation (0.183204ms)
✔ subsystem paths classify without making unknown production paths selective (0.181899ms)
✔ only exact normative policy documents receive the policy-documentation route (0.094647ms)
✔ mixed changes preserve the capability union (0.523852ms)
✔ rename, copy, and delete classify every relevant path (0.230857ms)
✔ empty, invalid, and unknown Git changes fail closed (0.235692ms)
✔ profile job registries are exact and centralized (0.325391ms)
✔ impact plans are strict, policy-derived, and immutable (0.696985ms)
✔ representative PR routes require the changed subsystem and cross-layer smoke (0.256257ms)
✔ mixed capabilities and both rename endpoints contribute independent required jobs (0.276752ms)
✔ documentation-only edits, copies, renames, and deletes use only documentation jobs (0.806679ms)
✔ control-plane, dependency, unknown and test-only changes cannot select partial coverage (0.443203ms)
✔ release retains every dev functional job plus supported-version and slow acceptance (0.139264ms)
✔ capability tampering cannot drop an independent contribution (0.215752ms)
✔ ordinary Web changes stay selective when accompanied by their regression tests (0.97361ms)
✔ documentation-only PR basis requires exact documentary scope and no inherited evidence (0.751386ms)
✔ expanded PR smoke has 8–13 cases and each remains in full functional acceptance (2243.604963ms)
✔ comparison browser contracts run in the required PR contract job and full acceptance (1852.028298ms)
✔ publishing starts only when a GitHub Release is published and uses immutable actions (0.984363ms)
✔ build checks exact source before one standard build and package verification (0.476344ms)
✔ credential job only downloads the same verified artifact and publishes with OIDC (0.470776ms)
ℹ tests 65
ℹ suites 0
ℹ pass 65
ℹ fail 0
ℹ cancelled 0
ℹ skipped 0
ℹ todo 0
ℹ duration_ms 4143.640456
