✔ NUL name-status parsing preserves newlines and rename endpoints (2.733855ms)
✔ PR planning uses a three-dot diff and direct base evidence (1.731523ms)
✔ Product Contract documentation PR selects only Web policy validation (0.353013ms)
✔ dev and Gallery planning use a two-commit diff and direct parent evidence (0.685219ms)
✔ dev metadata and documentation changes select only changed surfaces (1.365143ms)
✔ Gallery metadata and documentation changes skip browser and performance (1.517788ms)
✔ Gallery-impacting surfaces select the full Gallery profile without evidence lookup (1.979601ms)
✔ dev control-plane changes run the full profile without inherited evidence (0.513182ms)
✔ dev direct-parent staging failures force the current run to full (1.426232ms)
✔ documentation-only PRs stay selective without querying any base staging state (1.94235ms)
✔ documentation-only dev pushes fail closed without a successful direct parent (0.968964ms)
✔ documentation-only Gallery pushes fail closed without browser or performance jobs (0.758235ms)
✔ a successful exact parent aggregate can extend a selective Gallery evidence chain (0.426754ms)
✔ a zero push before SHA fails closed without querying inherited evidence (0.705077ms)
✔ evidence verifier failures fall back to the full profile (0.32524ms)
✔ full changes never query inherited evidence (0.140623ms)
✔ invalid and empty diffs fail closed without querying evidence (0.256983ms)
✔ manual runs and architecture-change labels force full execution (0.346412ms)
✔ plan command writes one compact output line and escapes summary paths (0.792168ms)
✔ dev plan summary reports active protected-branch routing (0.268451ms)
✔ Gallery plan summary reports active protected-branch routing (0.310631ms)
✔ unexpected failures are not converted to full plans and redact tokens (0.340877ms)
✔ CLI rejects unknown arguments and invalid profile/event contracts (0.171169ms)
✔ workflow keeps trusted PR routing and activates protected dev routing (1.314811ms)
✔ web PR route inherits only exact base evidence and falls back to full on API failure (0.412623ms)
✔ release dispatch is exhaustive and cannot be inferred from a routine push (0.166727ms)
✔ release workflow binds exhaustive matrices and package/browser contracts to its gate (0.670321ms)
✔ gate accepts metadata, documentation, and full PR routes (6.259156ms)
✔ gate accepts metadata, documentation, and full dev staging routes (0.920679ms)
✔ Gallery gate accepts both light routes and requires both full jobs (1.82332ms)
✔ Gallery gate rejects the wrong profile, workflow SHA, and schema (0.702876ms)
✔ dev gate treats each matrix aggregate as one required job result (0.652152ms)
✔ dev gate rejects the wrong current SHA and malformed inherited evidence (0.479259ms)
✔ gate rejects required skipped, failure, and cancellation (0.511678ms)
✔ gate rejects planner failures and unrequired failures (0.553196ms)
✔ gate rejects missing expected jobs (0.469117ms)
✔ unknown jobs may succeed or skip but may not fail (0.685821ms)
✔ trusted gate rejects wrong profile, workflow SHA, and helper schema (0.406766ms)
✔ gate CLI rejects malformed plan and needs JSON (0.861709ms)
✔ gate CLI rejects a missing plan (0.195178ms)
✔ gate CLI emits a passing summary for a valid payload (0.525662ms)
✔ release aggregate rejects any skipped or failed exhaustive matrix (1.342432ms)
✔ documentation-only PR gate requires selected checks without claiming inherited staging (0.835302ms)
✔ metadata allowlist is deliberately narrow (1.745518ms)
✔ root Markdown and docs tree are documentation (0.259546ms)
✔ subsystem paths classify without making unknown production paths selective (0.238317ms)
✔ only exact normative policy documents receive the policy-documentation route (0.133829ms)
✔ mixed changes preserve the capability union (0.820456ms)
✔ rename, copy, and delete classify every relevant path (0.327256ms)
✔ empty, invalid, and unknown Git changes fail closed (0.378758ms)
✔ profile job registries are exact and centralized (0.512633ms)
✔ impact plans are strict, policy-derived, and immutable (1.154386ms)
✔ representative PR routes require the changed subsystem and cross-layer smoke (0.436509ms)
✔ mixed capabilities and both rename endpoints contribute independent required jobs (0.494781ms)
✔ documentation-only edits, copies, renames, and deletes use only documentation jobs (0.574054ms)
✔ control-plane, dependency, unknown and test-only changes cannot select partial coverage (0.46131ms)
✔ release retains every dev functional job plus supported-version and slow acceptance (0.474802ms)
✔ capability tampering cannot drop an independent contribution (0.535149ms)
✔ ordinary Web changes stay selective when accompanied by their regression tests (0.841436ms)
✔ documentation-only PR basis requires exact documentary scope and no inherited evidence (1.183167ms)
node:internal/modules/cjs/loader:1569
  const err = new Error(message);
              ^

Error: Cannot find module '@playwright/test/cli'
Require stack:
- /tmp/gbdraw-issue597-session-import-guard-20260927/tests/ci/playwright-inventory.test.mjs
    at Module._resolveFilename (node:internal/modules/cjs/loader:1569:15)
    at wrapResolveFilename (node:internal/modules/cjs/loader:1123:27)
    at resolveForCJSWithHooks (node:internal/modules/cjs/loader:1174:12)
    at require.resolve (node:internal/modules/helpers:214:31)
    at file:///tmp/gbdraw-issue597-session-import-guard-20260927/tests/ci/playwright-inventory.test.mjs:8:21
    at ModuleJob.run (node:internal/modules/esm/module_job:569:25)
    at async node:internal/modules/esm/loader:650:26
    at async asyncRunEntryPointWithESMLoader (node:internal/modules/run_main:101:5) {
  code: 'MODULE_NOT_FOUND',
  requireStack: [
    '/tmp/gbdraw-issue597-session-import-guard-20260927/tests/ci/playwright-inventory.test.mjs'
  ]
}

Node.js v26.8.2
✖ tests/ci/playwright-inventory.test.mjs (43.929025ms)
✔ publishing starts only when a GitHub Release is published and uses immutable actions (1.180524ms)
✔ build checks exact source before one standard build and package verification (0.366866ms)
✔ credential job only downloads the same verified artifact and publishes with OIDC (0.36625ms)
ℹ tests 64
ℹ suites 0
ℹ pass 63
ℹ fail 1
ℹ cancelled 0
ℹ skipped 0
ℹ todo 0
ℹ duration_ms 99.650761

✖ failing tests:

test at tests/ci/playwright-inventory.test.mjs:1:1
✖ tests/ci/playwright-inventory.test.mjs (43.929025ms)
  'test failed'
