✔ current Result semantic-owner detector characterizes exact executable definitions (8.756964ms)
✔ current Result canonical-path detector characterizes named-import call edges (5.849322ms)
✔ stable inventory deltas expose additions, removals, totals, and signed change (1.033438ms)
✔ directed graph cycles include self-loops and stable multi-node SCC evidence (1.208219ms)
✔ acyclic graph evaluation passes with duplicate edges normalized away (0.496666ms)
✔ schema version 1 accepts only the two discriminated initial rule kinds (1.433526ms)
✔ schema version 1 accepts four bounded rules and rejects a fifth (0.89175ms)
✔ strict schema rejects unknown, executable-looking, duplicate, and unsorted data (0.667775ms)
✔ canonical edge schema requires nonempty unique sorted edges and one active edge (0.317441ms)
✔ detector compatibility and staged enforcement fail closed (0.332044ms)
✔ single-canonical-entry observation separates preauthorization from active edges (0.408164ms)
✔ single-owner observation requires one allowed active definition (0.218843ms)
✔ authority delta reports every planned direction without treating removal as contraction (0.646498ms)
✔ hard and report-only decisions use the five-field result envelope (0.274645ms)
✔ hard and report-only evaluation rejects accepted-store relations (0.235941ms)
✔ malformed four-input evaluation combinations fail closed (0.414257ms)
✔ evaluation leaves frozen inputs unchanged and returns stable plain data (0.255585ms)
✔ structured subject deltas normalize unchanged, addition, removal, and replacement (3.532087ms)
✔ structured subject deltas reject unknown fields and invalid canonical identifiers (0.394625ms)
✔ structured subject delta inputs remain unchanged and outputs are deeply frozen (0.257815ms)
✔ the canonical Product Impact fixture validates (2.734009ms)
✔ strict map validation rejects unknown fields at every schema level (2.079698ms)
✔ canonical IDs and references must be sorted and unique (0.465966ms)
✔ invalid architecture rule, subject category, and subject references fail closed (0.558011ms)
✔ hard enforcement rejects partial coverage and manual-only checkpoint evidence (0.403801ms)
✔ complete coverage rejects an unmapped allowed subject (0.298571ms)
✔ journey, checkpoint, effect, option, and contract references are cross-validated (0.876172ms)
✔ AND-of-OR alternatives preserve one option when its active provider changes (3.397459ms)
✔ separate jointly required contributions cannot be hidden by a shared option ID (0.595423ms)
✔ effect-equivalent option transitions require authority and retain stable effects (0.61538ms)
✔ a stable effect change or retirement is not eligible for a current decision (0.983104ms)
✔ static and domain authority are represented separately (0.582186ms)
✔ durable decisions validate active uniqueness, concern revision, and contracts (0.948984ms)
✔ durable decision authority rejects unknown fields and invalid retirement scope (0.230404ms)
✔ durable decisions are forbidden for static authority and automatic no-difference (0.174587ms)
✔ bounded parser accepts empty declarations without a head SHA (0.172475ms)
✔ bounded parser normalizes exact-head decisions and product-level rationale (0.222698ms)
✔ bounded parser rejects stale heads, wrong impact class, and incomplete rationale (0.480744ms)
✔ bounded parser rejects unknown fields and bounded collection overflows (0.495812ms)
✔ bounded parser rejects unmatched, reversed, duplicate, malformed, and oversized blocks (0.187802ms)
✔ parser errors are sanitized and never expose the untrusted body (0.162367ms)
✔ free-form PRODUCT_DECISION text is never parsed as checker authority (0.155388ms)
✔ an exact-head current maintainer decision resolves an effect-equivalent transition (0.480282ms)
✔ non-maintainers and incomplete changed-requirement acknowledgements are ineligible (0.98409ms)
✔ incompatible durable and current selections produce authority conflict (0.289634ms)
✔ a current decision incompatible with static authority also produces conflict (0.295552ms)
✔ a selected static option missing after the change is an ordinary regression (0.212121ms)
✔ missing complete inventories and partial mappings yield insufficient evidence (0.462505ms)
✔ candidate-modified mapped contracts cannot be sole hard evidence (0.444589ms)
✔ one concern triggered by multiple rules is evaluated exactly once (0.224862ms)
✔ unchanged registered subjects with no current decision are not applicable (1.641946ms)
✔ evaluation ordering is deterministic, inputs remain unchanged, and outputs are deeply frozen (1.113767ms)
✔ validation results are deterministic deeply frozen plain data (0.28641ms)
✔ exact Tests and Gallery workflow evidence succeeds with auditable output (4.104832ms)
✔ latest successful rerun attempt is inspected through the attempt-specific endpoint (1.563355ms)
✔ multiple successful exact-identity runs report every ignored older run ID (1.677088ms)
✔ run and aggregate evidence on later pages is not missed (1.857221ms)
✔ workflow resolution rejects missing, disabled, and path-mismatched workflows (1.497349ms)
✔ unsupported workflow, manual evidence, and wrong aggregate contracts fail before fetch (0.884706ms)
✔ wrong repository, event, branch, SHA, workflow ID, and absent runs never match (2.18336ms)
✔ a newer queued or failed run is selected instead of an older success (0.883269ms)
✔ cancelled, timed-out, skipped, and conclusion-less current runs fail closed (1.270611ms)
✔ a newly started current attempt cannot reuse an older successful attempt (0.732168ms)
✔ an attempt change during verification invalidates otherwise successful evidence (0.775912ms)
✔ aggregate job must be present exactly once and successful (1.497282ms)
✔ malformed run and job metadata fails closed with a bounded reason (0.901014ms)
✔ incomplete, malformed, and looping pagination fails closed (1.572641ms)
✔ conflict-free synthetic merge tree equal to the head tree succeeds without mutation commands (0.461429ms)
✔ shallow history, missing objects, conflicts, and different trees fail closed (0.447083ms)
✔ invalid SHA arguments are rejected before Git executes (0.156954ms)
✔ CLI failure returns nonzero with expected identity and bounded diagnostics (0.345661ms)
✔ same-repository dev to main pull requests are promotions (2.037193ms)
✔ fork dev to main pull requests are invalid promotions (0.688605ms)
✔ same-repository feature to main pull requests are invalid promotions (2.199412ms)
✔ same-repository dev to release pull requests are ordinary changes (0.486915ms)
✔ checker SHAs must match the pull request payload (0.349903ms)
✔ missing or malformed pull request payloads fail closed (0.529295ms)
✔ an arbitrary promotion variable cannot select promotion context (0.481736ms)
ℹ tests 78
ℹ suites 0
ℹ pass 78
ℹ fail 0
ℹ cancelled 0
ℹ skipped 0
ℹ todo 0
ℹ duration_ms 97.970035
