✔ minority reference alone flips right; reference center and every logical y stay fixed (3.958582ms)
✔ left flips only the positive source target, with no reference correction (1.032154ms)
✔ Custom is exclusive, missing rows Keep, and unknown rows cannot be selected (1.410771ms)
✔ binding changes are explicit stale outcomes and cannot produce corrections (0.541609ms)
✔ same material output has the same signature across mode and display-name edits (1.728195ms)
✔ final changed placement changes signature; validation requires exact final orientation coverage (0.629278ms)
✔ strict shared admission rejects inconsistent current source strand (0.617227ms)
✔ strict shared admission rejects nonfinite base (0.316488ms)
✔ strict shared admission rejects unknown record (0.256498ms)
✔ strict shared admission rejects duplicate variant (0.326955ms)
✔ strict shared admission rejects duplicate anchor (0.302309ms)
✔ strict shared admission rejects missing source anchor (0.234039ms)
✔ strict shared admission rejects unknown facts field (0.17612ms)
✔ strict shared admission rejects inconsistent null center (0.163143ms)
✔ local Select and Skip share cached Python eligibility and need no Worker (0.86055ms)
✔ a changed logical reference destination requires refreshed preview even when delta is unchanged (0.550401ms)
✔ receipt records actual absolute deltas including reference and only sparse reference x (15.032972ms)
✔ manual Reverse, cosmetic changes, translations and stable reorder retain the original evidence (2.97969ms)
✔ resource ID remapping with unchanged bytes preserves the binding for Save/fresh Load (2.080021ms)
✔ reject changed source bytes without dropping evidence (2.450831ms)
✔ reject changed selector without dropping evidence (2.710435ms)
✔ reject changed crop without dropping evidence (1.713836ms)
✔ reject changed plan anchor without dropping evidence (1.496934ms)
✔ reject changed plan removal without dropping evidence (0.97247ms)
✔ missing historical evidence and empty modern delta are distinct (1.848016ms)
✔ malformed modern receipt never becomes absent historical evidence (2.705122ms)
✔ new Align replaces evidence relative to immediately preceding artifact (2.493678ms)
✔ Python and Web admit the same source-bound compact receipt and reject corrupted bindings (3422.22014ms)
✔ Python and Web bind supplementary Unicode record keys in the same deterministic order (979.957286ms)
✔ malformed imported feature selectors are rejected before replacing the draft (1.658444ms)
✔ invalid annotation coordinates cannot be silently clamped or truncated (1.118493ms)
✔ TSV cannot silently replace invalid known annotation choices (0.763648ms)
✔ row style edits do not recolor sibling annotations or their inherited default (0.407452ms)
✔ explicit no-fill survives TSV while omitted fill keeps the Web default (1.01018ms)
✔ download reads the current rows without mutating state or resolving a catalog (2.297111ms)
✔ delete and re-add keeps coordinate and selected-feature annotation IDs unique (1.325928ms)
✔ selected annotations use stable hashes, including features without named qualifiers (0.423746ms)
✔ Annotation TSV parity: auxiliary columns (4.892959ms)
✔ Annotation TSV parity: BOM and trimmed headers (1.120679ms)
✔ Annotation TSV parity: typo alone (0.572633ms)
✔ Annotation TSV parity: missing required (0.235109ms)
✔ Annotation TSV parity: duplicate known (0.12022ms)
✔ Annotation TSV parity: duplicate unknown (0.093648ms)
✔ Annotation TSV parity: BOM duplicate (0.585608ms)
✔ Annotation TSV parity: short row (0.190565ms)
✔ Annotation TSV parity: extra cell (0.098259ms)
✔ Annotation TSV parity: empty ID (0.092479ms)
✔ Annotation TSV parity: late invalid row (0.197955ms)
✔ Annotation TSV parity: invalid mark=typo (0.164323ms)
✔ Annotation TSV parity: invalid coordinate_space=typo (0.145431ms)
✔ Annotation TSV parity: invalid start=1.5 (0.130066ms)
✔ Annotation TSV parity: invalid start=0 (0.149392ms)
✔ Annotation TSV parity: invalid lane=-1 (0.130992ms)
✔ Annotation TSV parity: invalid lane=1.5 (0.160215ms)
✔ Annotation TSV parity: invalid wraps_origin=maybe (0.740865ms)
✔ Annotation TSV parity: invalid hatch_cross=maybe (0.396492ms)
✔ Annotation TSV parity: invalid stroke_width=abc (0.608625ms)
✔ Annotation TSV parity: invalid stroke_width=0 (0.395007ms)
✔ Annotation TSV parity: invalid fill_opacity=2 (0.666669ms)
✔ Annotation TSV parity: invalid label_offset=-1 (0.47304ms)
✔ Annotation TSV parity: invalid hatch_spacing=0 (0.469373ms)
✔ Annotation TSV parity: invalid label_font_size=Infinity (1.464976ms)
✔ Annotation TSV parity: invalid stroke_dasharray=2,-1 (0.322369ms)
✔ Annotation TSV parity: invalid line_cap=bad (1.129186ms)
✔ Annotation TSV parity: invalid fill=#zzzzzz (0.974922ms)
✔ Annotation TSV parity: invalid fill=notacolor (0.174784ms)
✔ Annotation TSV parity: duplicate annotation ID (0.181609ms)
✔ Annotation TSV parity: invalid numeric style syntax (0.099608ms)
✔ file import commits once, separates notices, and preserves draft/Result on failure or stale completion (3.036581ms)
✔ record reconciliation failure cannot partially replace an imported draft (0.419037ms)
browser app lifecycle source guard passed
✔ tests/web/app-lifecycle-contract.test.mjs (152.530417ms)
✔ current Result semantic-owner detector characterizes exact executable definitions (10.593335ms)
✔ current Result canonical-path detector characterizes named-import call edges (3.691819ms)
✔ stable inventory deltas expose additions, removals, totals, and signed change (0.540205ms)
✔ directed graph cycles include self-loops and stable multi-node SCC evidence (0.70719ms)
✔ acyclic graph evaluation passes with duplicate edges normalized away (0.300302ms)
✔ schema version 1 accepts only the two discriminated initial rule kinds (0.93949ms)
✔ schema version 1 accepts four bounded rules and rejects a fifth (0.488448ms)
✔ strict schema rejects unknown, executable-looking, duplicate, and unsorted data (0.491499ms)
✔ canonical edge schema requires nonempty unique sorted edges and one active edge (0.355804ms)
✔ detector compatibility and staged enforcement fail closed (0.491107ms)
✔ single-canonical-entry observation separates preauthorization from active edges (0.351024ms)
✔ single-owner observation requires one allowed active definition (0.249921ms)
✔ authority delta reports every planned direction without treating removal as contraction (0.561293ms)
✔ hard and report-only decisions use the five-field result envelope (0.539855ms)
✔ hard and report-only evaluation rejects accepted-store relations (0.47246ms)
✔ malformed four-input evaluation combinations fail closed (0.465646ms)
✔ evaluation leaves frozen inputs unchanged and returns stable plain data (0.570236ms)
✔ empty, default, stale, renderer, manual-rule, and legacy inputs compile to EMPTY (2.500759ms)
✔ rule-derived fill residue is excluded without matching rules against Features (0.646277ms)
✔ each direct editor domain and their combination compile to MUTATING (3.087379ms)
✔ plan construction uses admission indexes and never enumerates catalog Features (0.196192ms)
✔ tests/web/circular-label-slot-exclusions.test.mjs (135.979746ms)
✔ Circular placement actions preserve the Axis boundary and radial sides (9.655277ms)
✔ managed Depth insertion preserves the existing Axis sides (2.482267ms)
✔ managed Depth insertion stays after an on-Axis Tick (5.521047ms)
✔ managed Depth removal rebases the Axis only when the row is before it (2.081327ms)
✔ managed Conservation insertion preserves the existing Axis sides (2.666956ms)
✔ managed Conservation insertion stays after an on-Axis Tick (1.716446ms)
✔ managed Conservation removal rebases the Axis only when the row is before it (1.402243ms)
✔ tests/web/cloudflare-worker.test.mjs (136.351821ms)
✔ tests/web/color-utils.test.mjs (137.693415ms)
✔ fresh Linear state projects No comparison (5.3025ms)
✔ adjacent LOSAT keeps selection intent separate from resolved work (1.732085ms)
✔ adjacent upload summary uses only resolver-active uploads (1.123549ms)
✔ selected upload and mixed plans project custom intent and active source counts (1.036152ms)
✔ LOSAT and LOSATP modes project only their active Settings and Advanced controls (1.296525ms)
✔ selected topology blocks only grouping and collinear LOSATP modes without changing the plan (0.620954ms)
✔ filter summary always reports actual values and compares against mode-profile defaults (0.384066ms)
✔ retained dormant draft count does not become an active pair count (0.313753ms)
✔ structured resolver issue codes project badges and disclosure focus targets (0.650988ms)
✔ projection does not mutate plan, resolution, filters, or retained file references (0.521567ms)
composition layout tests passed
✔ tests/web/composition-layout.test.mjs (158.188282ms)
Python and JavaScript composition runtime parity tests passed
✔ tests/web/composition-runtime-parity.test.mjs (2539.671882ms)
✔ tests/web/current-option-values.test.mjs (84.240082ms)
✔ incremental rebind adopts the replacement scale geometry, retaining same-root user offsets (15.791331ms)
✔ controlled definition callbacks complete for the active root and ignore superseded Results (5.658299ms)
✔ tests/web/definition-line-style-state.test.mjs (231.367034ms)
depth-track-state tests passed (/tmp/gbdraw-issue597-session-import-guard-20260927/gbdraw/web/js/app/depth-track-state.js)
✔ tests/web/depth-track-state.test.mjs (105.11005ms)
✔ tests/web/diagram-generation-worker.test.mjs (113.894848ms)
✔ W2/W4/W5: structured Python rejection acknowledges changed bytes, and A recovers once (24.353794ms)
✔ W3: accepted A-B-A uses exact bytes with replacement under the same ID (8.839189ms)
✔ W6: rejected A+C prunes B; restored A+B transfers B and reuses only A (10.995823ms)
✔ W7: protocol failure after staging terminates the Worker and resets main knowledge (11.85073ms)
✔ partial staging failure releases replaced files and cannot advertise the old cache (13.960362ms)
✔ pre-dispatch validation and auxiliary input errors leave the render resource cache unchanged (7.491641ms)
✔ W8: cancel after staging releases Worker ownership and transfers A to a new Worker (13.753686ms)
✔ W9: unadmitted B has no delayed promotion; A recovers with its bytes (6.002619ms)
✔ cancel during response handling cannot republish disposed Worker cache knowledge (17.748423ms)
✔ render staging selects references, transfers bytes once, and reuses the cache (6.40555ms)
✔ unacknowledged preparation, replacement, and reset never publish stale ownership (2.074309ms)
✔ tests/web/error-normalization.test.mjs (106.145659ms)
✔ plus and minus anchors use covered biological traversal (3.824347ms)
✔ signed strand-relative offsets wrap in both directions (0.546798ms)
✔ multipart midpoint excludes gaps and uses the earlier covered base for even length (0.416204ms)
✔ orientation is absolute, preserves current state when off, and is idempotent (1.174595ms)
✔ feature-end is the outgoing boundary rather than the 3-prime base (0.382617ms)
✔ unstranded exact paths expose source-forward midpoint and offset wording (0.352594ms)
✔ ambiguous, fuzzy, and unordered locations disable only unsafe operations with reasons (0.691093ms)
✔ invalid inputs, zero length, non-circular, and cropped records fail explicitly (0.300283ms)
✔ resolver does not mutate deeply frozen input and returns deterministic provenance (0.811423ms)
✔ schema-4 catalog validates and expands stable biological identities (10.452282ms)
✔ schema-3 migration proves only exact single-part anchors and disables ambiguous compounds (3.26859ms)
✔ duplicate-location source indexes survive catalog validation and expansion (4.178384ms)
✔ catalog rejects invalid or conflicting source feature indexes (1.22969ms)
✔ orthogroup members do not select one of multiple rendered references (1.634984ms)
✔ catalog dual-projects collinear groups into semantic and presentation catalogs without changing core scope (9.881075ms)
✔ catalog result topology must match the logical Results exactly (0.740271ms)
✔ catalog rejects empty, duplicate, and normalized-colliding rendered IDs (3.327909ms)
✔ catalog rejects dangling rendered and group references (2.19203ms)
✔ catalog validates ordered plural comparison endpoint references (4.309967ms)
✔ catalog rejects duplicate match, member, and partial presentation metadata (2.757956ms)
✔ catalog rejects invalid sequence-source references (4.755924ms)
✔ inline qualifier differences remain authoritative (2.483608ms)
✔ whole-record source validation is bounded by source count (57.698735ms)
✔ admitted projections do not reread later catalog mutations (7.067894ms)
✔ compound identity isolates duplicate accessions and positional indices (0.839149ms)
✔ schema-3 compact defaults restore stable IDs and record indexes (5.935638ms)
✔ linear catalog state uses global record indexes and matching display labels (1.196532ms)
✔ circular batch catalog state rebases item-local record indexes globally (7.581314ms)
✔ one catalog admission produces identities, indexes, scalar footprint, and zero secondary traversal (30.105682ms)
✔ catalog admission cannot hide bulk post-admission orthogroup enrichment behind a zero metric (0.478621ms)
✔ tests/web/feature-color-actions.test.mjs (34774.820204ms)
✔ FASTA uses NCBI-style coordinates, identifiers, and wrapping (3.857205ms)
✔ protein FASTA skips internal IDs and uses biological aliases (1.829956ms)
✔ feature captions ignore internal labels and use safe fallbacks (0.616799ms)
✔ FASTA descriptions skip internal metadata and retain safe later candidates (0.747677ms)
✔ fill edits exclude outline-only and connector paths while preserving transparent blocks (2.351315ms)
✔ visibility Off and On mutate one complete 0-leader visual unit (9.248038ms)
✔ visibility Off and On mutate one complete 1-leader visual unit (1.2221ms)
✔ visibility Off and On mutate one complete 2-leader visual unit (1.849831ms)
✔ Default restores only display values owned by the visibility preview (1.381196ms)
✔ stored visibility projection uses the same complete visual-unit mutation (0.903768ms)
✔ one action serializes combined text and visual-unit visibility changes once (2.736613ms)
✔ missing schema marker fails closed and queues exactly one forced regeneration (0.970072ms)
✔ unsupported schema marker fails closed and queues exactly one forced regeneration (0.95334ms)
✔ empty exact identity fails closed and queues exactly one forced regeneration (0.956304ms)
✔ missing target text fails closed and queues exactly one forced regeneration (0.438903ms)
✔ stored override on a metadata-free Result fails closed without partial mutation (0.525509ms)
✔ feature overrides use the compound biological identity (1.746887ms)
✔ feature overrides follow stable record keys when records are reordered (1.029229ms)
✔ a unique version-39 alias migrates to the compound key (1.797475ms)
✔ current compound keys skip the legacy feature scan (1.824734ms)
✔ version-39 migration indexes current descriptors by stable feature id (0.663317ms)
✔ a positional alias without a matching legacy catalog stays unresolved (0.536206ms)
✔ unmatched, ambiguous, and colliding legacy keys remain unresolved (1.164413ms)
✔ legacy-only feature state remains readable without inventing an identity (0.20035ms)
✔ a version-39 linear file key correlates through the prior stable feature (0.380567ms)
✔ duplicate-accession legacy correlations remain ambiguous without record keys (0.533486ms)
✔ popup draft defaults and previews use only the explicitly opened feature (8.418533ms)
✔ feature-end preset resets offset and later edits become custom placement (1.096861ms)
✔ operation capabilities keep safe unstranded midpoint and feature-end choices (0.861658ms)
✔ Apply rechecks freshness, suppresses double submit, and rebinds stable identity (1.897108ms)
✔ Cancel discards only the ephemeral popup draft (0.471491ms)
✔ explicit popup feature coordinates resolver, projector, runner, and target draft owner (18.454036ms)
✔ disabled source profile rejects before candidate execution (1.115499ms)
✔ Apply re-resolves the stable popup identity and rejects a stale feature (0.566121ms)
feature selection tests passed
✔ tests/web/feature-selection.test.mjs (125.587436ms)
feature selector tests passed
✔ tests/web/feature-selector.test.mjs (128.680194ms)
✔ tests/web/feature-shapes.test.mjs (115.642601ms)
feature visibility action tests passed
✔ tests/web/feature-visibility-actions.test.mjs (134.557276ms)
✔ source replacement discards absent feature intent and cannot resurrect it on return (5.026873ms)
✔ hidden, cropped, and unchanged semantic targets survive without a rendered path (0.552688ms)
✔ a different biological target cannot inherit an old rendered ID (0.456672ms)
✔ hidden rendered instances retain the stable selector owned by the visibility cache (0.445558ms)
✔ no individual intent requires no source traversal (0.609014ms)
feature visibility tests passed
✔ tests/web/feature-visibility.test.mjs (129.967963ms)
✔ tests/web/file-content-cache.test.mjs (105.733539ms)
✔ tests/web/file-imports.test.mjs (105.185977ms)
gallery session migration assertions passed
✔ tests/web/gallery-session-migration.test.mjs (3320.829541ms)
✔ tests/web/gallery-session-publication.test.mjs (4205.663925ms)
✔ Generate feedback follows cold/warm work, rejects duplicates, and ignores stale and settled progress (7.923948ms)
✔ Cancel and failure clean progress listeners and permit a fresh run (4.777089ms)
✔ Generate helper preparation reports real cold initialization and shares the warm render Worker (3.241614ms)
✔ application feedback keeps uncertain/invalid/unrendered settings distinct from Applied (1.818648ms)
✔ Pending, uncertainty, live failure and generation operations remain independent (1.637678ms)
✔ screen-reader feedback ignores path/count and validation-detail keystrokes (0.539164ms)
Generated History restores canonical request/resource owners without consuming draft History.
✔ tests/web/history-canonical-owner.test.mjs (438.490842ms)
History restores nullable config values and preserves key guards.
✔ tests/web/history-config-restore.test.mjs (337.970091ms)
history input tests passed
✔ keyboard select edits capture pre-change intent once and support Undo/Redo (38.730471ms)
✔ pointer select edits capture pre-change intent once and support Undo/Redo (18.327502ms)
✔ leaving an unchanged select closes its transaction without an Undo step (3.364832ms)
✔ disabled and explicitly managed selects stay outside input-adapter history (1.988143ms)
history tests passed
✔ tests/web/history.test.mjs (515.783945ms)
imported comparison intent tests passed
✔ tests/web/imported-comparison-intent.test.mjs (130.359188ms)
✔ schema 7 canonical placement uses code-point ordering and rejects transient or invalid wire intent (3.689448ms)
✔ inactive rotation retains raw intent but cannot emit an invalid effective display (1.636413ms)
✔ circular shared writer preserves rotation placement and nondefault tolerance (16.376226ms)
✔ linear shared writer preserves rotation placement and nondefault tolerance (5.124623ms)
✔ Main, resolved side, bulk Auto and history share one draft owner (2.207711ms)
✔ circular placement admission follows draft slots and preserves artifact geometry (7.71802ms)
✔ linear placement admission follows draft slots and preserves artifact geometry (2.49733ms)
✔ historical session 40 schema 6 promotes without Generate and preserves cardinality (21.879521ms)
layout preference tests passed
✔ tests/web/layout-preferences.test.mjs (157.753326ms)
legend layout action tests passed
✔ tests/web/legend-layout-actions.test.mjs (152.023057ms)
Applied stroke to 1 features via featureIds for "Beta"
Applied stroke to 1 features via featureIds for "Beta"
✔ tests/web/legend-sync.test.mjs (234.654143ms)
linear-comparisons tests passed
✔ tests/web/linear-comparisons.test.mjs (158.490533ms)
✔ tests/web/linear-label-visibility.test.mjs (131.761002ms)
✔ tests/web/linear-record-layout.test.mjs (148.418647ms)
✔ createLinearSeq handles file_definition and file_subtitle (1.214832ms)
✔ linear sources default getters and setters operate on grouped records (2.073274ms)
✔ resolveLinearRecordEffectiveDefinition falls back to file default when record definition is empty (2.467799ms)
✔ resolveLinearRecordEffectiveSubtitle falls back to file default when record subtitle is empty (0.630037ms)
✔ sessions without per-record values fall back to comparing label and fileDefinition (61.412946ms)
✔ an explicit override equal to the file default survives a save and reload (1.28288ms)
✔ tests/web/linear-sources.test.mjs (197.453016ms)
✔ tests/web/linear-typography.test.mjs (179.30006ms)
RW-03: 3 input checks + 1 merged check; default/Generate failure precedence and deep copy passed
RW-04: alias validity, NFC collisions, ordinals, immutability and failure precedence passed
RW-04: 2 valid feature aliases, 2 NFC/trim operations
✔ tests/web/losat-cache.test.mjs (232.691471ms)
✔ Web and Python current Session, request and protein-cache schemas agree (6.975477ms)
✔ Node LOSAT acceptance expects the current writer for every output schema (1.223547ms)
✔ Python LOSAT acceptance expects the current writer for every output schema (0.293476ms)
losat-settings tests passed
losat total-budget allocation tests passed
✔ tests/web/losat-settings.test.mjs (130.877291ms)
✔ extracts 1-based inclusive forward and reverse IUPAC spans (2.501647ms)
✔ rejects invalid and out-of-bounds coordinates (25.435452ms)
✔ registry refuses ambiguous record IDs and resolves stable keys first (1.494888ms)
✔ registry validates every supplied source identity field and duplicate key (0.894102ms)
✔ coverage reports a match endpoint whose displayed record source is missing (3.704266ms)
✔ coverage reports a recoverable homology comparison source missing from the catalog (1.449721ms)
✔ coverage reports a never-supplied homology comparison FASTA as optionally unavailable (0.552194ms)
✔ coverage resolves a catalog comparison source without consulting optional availability (0.583741ms)
✔ coverage fails closed when comparison source availability is unknown (0.92928ms)
✔ comparison availability preserves nulls and duplicate-name source ordering (0.72274ms)
✔ builds deterministic single and combined FASTA in query-subject order (1.307257ms)
✔ restores transformed linear record sources for pairwise session popups (2.934423ms)
✔ restores circular reference and display-ordered conservation sources (0.860504ms)
✔ keeps missing LOSAT comparison FASTA placeholders aligned with displayed series (0.600186ms)
✔ uses BLAST identity rather than stale source indexes for upload companions (1.045134ms)
✔ tests/web/mode-profiles.test.mjs (480.881963ms)
✔ tests/web/optional-positive-number.test.mjs (88.737646ms)
orthogroup stable identity tests passed
✔ tests/web/orthogroups-stable-identity.test.mjs (361.745636ms)
✔ compact pairwise payloads and hover rows match the accepted semantic baselines (82.337762ms)
✔ lightweight hover summaries match accepted compact payload-derived rows (9.816817ms)
✔ hover cannot touch full payload, Feature, source, member, FASTA, or sequence work (2.813829ms)
✔ one full payload request traverses each input once and builds one FASTA pair per member (5.841323ms)
✔ source contracts keep heavy work out of hover and migrated inner loops (27.683183ms)
✔ exact large-fixture payloads retain canonical digests, structure, and Feature references (157.300923ms)
Applied specific rules: updated 1 elements
Applied specific rules: updated 1 elements
Applied specific rules: updated 1 elements
Applied specific rules: updated 1 elements
Applied specific rules: updated 1 elements
✔ specific-rule replay uses palette default (1908.722646ms)
✔ specific-rule replay uses custom default (1085.145906ms)
✔ specific-rule replay uses explicit type (969.678892ms)
✔ specific-rule replay uses specific rule (967.753149ms)
✔ specific-rule replay uses hash rule precedence (992.787243ms)
✔ PR 394 original title fails with each matched opaque phrase identified (9.203131ms)
✔ PR 394 original opening sentence fails (0.742681ms)
✔ a title with a concrete action and object passes (0.915088ms)
✔ backticks do not hide opaque language in a PR title (0.24595ms)
✔ a clear opening with exact backticked check names passes (0.364741ms)
✔ opaque terms in a later technical section are outside the checker scope (0.646822ms)
✔ fenced and inline code in the opening are excluded from opaque-language matching (0.838891ms)
▶ a missing or placeholder opening fails with a specific fix
  ✔ missing opening (0.482952ms)
  ✔ TODO placeholder (2.555039ms)
  ✔ comment-only template (0.428963ms)
✔ a missing or placeholder opening fails with a specific fix (9.336885ms)
✔ gh pr create --fill is denied before missing explicit options are reported (5.082845ms)
✔ gh pr create with a clear literal title and readable body file is allowed (0.999604ms)
▶ stdin and unreadable body files are denied with actionable reasons
  ✔ stdin body (0.603216ms)
  ✔ missing file (7.421421ms)
✔ stdin and unreadable body files are denied with actionable reasons (8.490385ms)
✔ gh pr edit without a wording change is allowed (0.301629ms)
▶ wording-changing gh pr edit commands are validated
  ✔ clear title and body pass (0.426747ms)
  ✔ opaque title fails (0.260075ms)
  ✔ literal body is checked (0.18019ms)
✔ wording-changing gh pr edit commands are validated (1.209469ms)
✔ unrelated Bash commands and quoted documentation are allowed (0.246805ms)
▶ unresolved wording and compound PR commands are denied
  ✔ shell variable title (0.202652ms)
  ✔ compound command (1.886892ms)
✔ unresolved wording and compound PR commands are denied (2.38701ms)
✔ hook denial output uses the current PreToolUse JSON shape (138.986479ms)
✔ hook mode exits silently for allowed commands (89.273765ms)
✔ manual mode reports bad wording and accepts a clear proposal (165.967644ms)
preview feature search tests passed
✔ tests/web/preview-feature-search.test.mjs (292.174036ms)
preview runtime tests passed
✔ tests/web/preview-runtime.test.mjs (201.736446ms)
{
  "status": "preview transform interaction tests passed",
  "assertionCount": 127,
  "cases": [
    "repeated wheel uses one source, timer pair, and transition listener",
    "wheel fallback ends a clamped or missing-transition window",
    "pan updates the wrapper transform and restores the existing transition",
    "pan then wheel keeps wheel active after pan ends",
    "wheel then pan keeps pan active after wheel ends",
    "pointercancel preserves the last real pointer and completes cleanup",
    "lostpointercapture preserves the last real pointer and completes cleanup",
    "explicit canonical cancel empties every active source and resource",
    "reset cancels the canonical interaction without reconciliation",
    "pan/zoom dispose removes sources, timers, listeners, and subscriptions",
    "delegated Feature listeners install once per SVG root",
    "absent-hover gesture start performs no scan or presentation mutation",
    "pairwise keyboard affordance remains separate from Feature cursor ownership",
    "ordinary Feature hover builds one cold index and tracks only its fan-out",
    "existing-hover gesture clear uses tracked elements with zero scan delta",
    "active delegated hover events cause zero scan, style, and attribute deltas",
    "ordinary Feature hover resumes after the final source settles",
    "Feature click and modifier selection remain available after settle",
    "SVG root replacement cancels reconciliation and removes old listeners",
    "Feature action dispose removes delegated listeners and lifecycle subscription",
    "declarative Feature cursor exactly matches the production Feature selector",
    "gesture-start clear source has no ensure, scan, or cursor call path",
    "preview replacement cancels the canonical lifecycle before rebinding",
    "template preserves transition and routes interrupted pan cleanup"
  ]
}
✔ tests/web/preview-transform-interaction.test.mjs (206.138592ms)
✔ structured subject deltas normalize unchanged, addition, removal, and replacement (5.716086ms)
✔ structured subject deltas reject unknown fields and invalid canonical identifiers (1.975685ms)
✔ structured subject delta inputs remain unchanged and outputs are deeply frozen (0.480879ms)
✔ the canonical Product Impact fixture validates (8.88388ms)
✔ strict map validation rejects unknown fields at every schema level (5.567995ms)
✔ canonical IDs and references must be sorted and unique (2.29192ms)
✔ invalid architecture rule, subject category, and subject references fail closed (0.950218ms)
✔ hard enforcement rejects partial coverage and manual-only checkpoint evidence (0.642795ms)
✔ complete coverage rejects an unmapped allowed subject (0.804176ms)
✔ journey, checkpoint, effect, option, and contract references are cross-validated (8.626554ms)
✔ AND-of-OR alternatives preserve one option when its active provider changes (3.146358ms)
✔ separate jointly required contributions cannot be hidden by a shared option ID (2.136524ms)
✔ effect-equivalent option transitions require authority and retain stable effects (1.066567ms)
✔ a stable effect change or retirement is not eligible for a current decision (2.198176ms)
✔ static and domain authority are represented separately (1.508168ms)
✔ durable decisions validate active uniqueness, concern revision, and contracts (1.226302ms)
✔ durable decision authority rejects unknown fields and invalid retirement scope (0.282802ms)
✔ durable decisions are forbidden for static authority and automatic no-difference (0.300417ms)
✔ bounded parser accepts empty declarations without a head SHA (0.179267ms)
✔ bounded parser normalizes exact-head decisions and product-level rationale (0.227138ms)
✔ bounded parser rejects stale heads, wrong impact class, and incomplete rationale (0.647506ms)
✔ bounded parser rejects unknown fields and bounded collection overflows (0.488909ms)
✔ bounded parser rejects unmatched, reversed, duplicate, malformed, and oversized blocks (0.307704ms)
✔ parser errors are sanitized and never expose the untrusted body (0.167428ms)
✔ free-form PRODUCT_DECISION text is never parsed as checker authority (0.21854ms)
✔ an exact-head current maintainer decision resolves an effect-equivalent transition (1.490614ms)
✔ non-maintainers and incomplete changed-requirement acknowledgements are ineligible (1.310791ms)
✔ incompatible durable and current selections produce authority conflict (0.556117ms)
✔ a current decision incompatible with static authority also produces conflict (1.211307ms)
✔ a selected static option missing after the change is an ordinary regression (0.541117ms)
✔ missing complete inventories and partial mappings yield insufficient evidence (0.646895ms)
✔ candidate-modified mapped contracts cannot be sole hard evidence (0.576033ms)
✔ one concern triggered by multiple rules is evaluated exactly once (0.322631ms)
✔ unchanged registered subjects with no current decision are not applicable (0.368201ms)
✔ evaluation ordering is deterministic, inputs remain unchanged, and outputs are deeply frozen (1.636076ms)
✔ validation results are deterministic deeply frozen plain data (0.344034ms)
✔ exact Tests and Gallery workflow evidence succeeds with auditable output (31.783958ms)
✔ latest successful rerun attempt is inspected through the attempt-specific endpoint (6.638259ms)
✔ multiple successful exact-identity runs report every ignored older run ID (2.841762ms)
✔ run and aggregate evidence on later pages is not missed (16.480947ms)
✔ workflow resolution rejects missing, disabled, and path-mismatched workflows (10.183112ms)
✔ unsupported workflow, manual evidence, and wrong aggregate contracts fail before fetch (1.174257ms)
✔ wrong repository, event, branch, SHA, workflow ID, and absent runs never match (6.723987ms)
✔ a newer queued or failed run is selected instead of an older success (0.80001ms)
✔ cancelled, timed-out, skipped, and conclusion-less current runs fail closed (3.353215ms)
✔ a newly started current attempt cannot reuse an older successful attempt (30.673485ms)
✔ an attempt change during verification invalidates otherwise successful evidence (1.204494ms)
✔ aggregate job must be present exactly once and successful (4.859084ms)
✔ malformed run and job metadata fails closed with a bounded reason (1.629785ms)
✔ incomplete, malformed, and looping pagination fails closed (5.459892ms)
✔ conflict-free synthetic merge tree equal to the head tree succeeds without mutation commands (15.627678ms)
✔ shallow history, missing objects, conflicts, and different trees fail closed (1.713085ms)
✔ invalid SHA arguments are rejected before Git executes (0.26841ms)
✔ CLI failure returns nonzero with expected identity and bounded diagnostics (0.645893ms)
single Worker Pyodide startup tests passed
✔ tests/web/pyodide-startup.test.mjs (161.627628ms)
✔ discovery observes topology without inferring it from the diagram or record name (5.68771ms)
✔ ALL rows and exact-one use instance selectors, with no duplicate-ID fallback (1.086793ms)
✔ source replacement purges drafts; inactive selectors survive rediscovery and reorder (0.721626ms)
✔ blank remains null, explicit 1 survives, malformed input is never clamped (14.483026ms)
✔ record display drafts use one exact transform and provenance contract (1.213725ms)
✔ complete orientation override has one owner while cropped reverse stays region-owned (0.655985ms)
✔ detected topology, nullable reset, crop lock, and RC default stay separate from raw draft (0.296003ms)
✔ covered-base shortcut oracle + [[0,1]] (3.478642ms)
✔ covered-base shortcut oracle + [[99,100]] (0.808747ms)
✔ covered-base shortcut oracle + [[10,14]] (2.458505ms)
✔ covered-base shortcut oracle + [[90,100],[0,5]] (0.532309ms)
✔ covered-base shortcut oracle + [[10,13],[40,43]] (0.880436ms)
✔ covered-base shortcut oracle - [[0,1]] (0.589395ms)
✔ covered-base shortcut oracle - [[99,100]] (0.343449ms)
✔ covered-base shortcut oracle - [[10,14]] (7.906587ms)
✔ covered-base shortcut oracle - [[90,100],[0,5]] (0.271134ms)
✔ covered-base shortcut oracle - [[10,13],[40,43]] (0.209412ms)
✔ shortcuts reject stale, unbound, cross-record, empty, and unknown/mixed-strand selections (0.83886ms)
✔ same composite retains semantic capability when the committed resource becomes combined (22.942225ms)
✔ manual start and orientation edits clear feature provenance (0.647307ms)
✔ explicit popup target and its draft checkpoint stay record-bound (0.73658ms)
✔ same-name, same-content source replacement does not retain old feature capability (0.75888ms)
✔ unsupported draft lanes remain unavailable independently of current placement value (0.761493ms)
✔ alignment intent changes only its target direction and preserves pending display settings (2.129754ms)
✔ fresh loaded alignment binds canonical sources before discovery and restores pending orientation (1.721644ms)
record group tests passed
✔ tests/web/record-groups.test.mjs (126.146611ms)
✔ formatInferredOrganismStrain matches the shared inference table (13.12642ms)
✔ extractGenBankMetadata parses organism and strain without automatic subtitles (1.73056ms)
✔ extractGenBankMetadata reads /isolate ahead of /strain, like infer_record_source_metadata (1.988676ms)
✔ parseSequenceRecordText attaches inferred metadata to all records in multi-record file (1.502516ms)
record selector tests passed
✔ tests/web/record-selector.test.mjs (236.884681ms)
{"status":"responsiveness guardrail aggregate tests passed","assertions":10}
✔ tests/web/responsiveness-guardrail.test.mjs (178.265344ms)
✔ tests/web/result-normalization.test.mjs (219.327405ms)
✔ unavailable and unknown tabs resolve to Features instead of becoming no-ops (1.406417ms)
✔ capability loss normalizes the selected tab synchronously while open or closed (0.793161ms)
✔ close preserves a valid selection, reset clears it, and rollback restores then validates it (18.342288ms)
✔ an active alignment keeps its inspector and Reset tab reachable without group rows (0.369277ms)
{"featureCount":25000,"preparedMs":1264.7117250000001,"synchronousReuseMs":34.63427599999886}
✔ one prepared Python result supplies synchronous membership without JS regex translation (1870.798993ms)
✔ invalid syntax with an empty or unrelated catalog cannot reach the commit (1994.739188ms)
✔ late evaluation cannot commit to a replaced artifact, rules or catalog (922.492212ms)
✔ late evaluation cannot commit to a replaced artifact, rules or catalog (968.303854ms)
✔ late evaluation cannot commit to a replaced artifact, rules or catalog (926.332899ms)
✔ prepared precedence follows Python even when qualifier and wildcard rules interleave (826.995811ms)
✔ 25,000-feature matching is prepared once and reused synchronously (1309.400027ms)
✔ full candidate normalizes captions on matching cache hits and retains provenance (3264.119093ms)
✔ caption preparation rejects replaced source, Result and legend snapshots (835.253172ms)
✔ caption preparation rejects replaced source, Result and legend snapshots (946.137506ms)
✔ caption preparation rejects replaced source, Result and legend snapshots (848.707064ms)
✔ caption preparation rejects replaced source, Result and legend snapshots (808.003308ms)
✔ caption preparation rejects replaced source, Result and legend snapshots (780.352147ms)
✔ caption preparation rejects replaced source, Result and legend snapshots (727.017054ms)
✔ canceled caption helper cannot admit rules or emit a notification (1.348934ms)
✔ historical rule-derived overrides rebind by source caption and color while direct overrides survive (1510.752541ms)
✔ biological safety rows and hidden rendered features do not create unused legends (1311.478837ms)
✔ Generate preparation forwards its progress observer through caption and membership evaluation (1320.077633ms)
✔ derived comparison cache invalidation keeps prepared colors current while source replacement rejects them (1331.755735ms)
✔ tests/web/run-analysis-derived-cache.test.mjs (282.589633ms)
gbdraw circular typed request render: 0.01s.
post-gbdraw timing
  run-analysis sanitize and reapply editor overrides: 0.00s
  run-analysis assign results: 0.00s
post-gbdraw timing
  run-analysis sanitize and reapply editor overrides: 0.00s
gbdraw circular typed request render: 0.00s.
post-gbdraw timing
  run-analysis sanitize and reapply editor overrides: 0.00s
  run-analysis assign results: 0.00s
gbdraw circular typed request render: 0.00s.
post-gbdraw timing
  run-analysis sanitize and reapply editor overrides: 0.00s
  run-analysis assign results: 0.00s
gbdraw circular typed request render: 0.00s.
post-gbdraw timing
  run-analysis sanitize and reapply editor overrides: 0.00s
  run-analysis assign results: 0.00s
Failed to refresh circular record order: Error: injected record discovery helper failure
    at deserializeWorkerError (file:///tmp/gbdraw-issue597-session-import-guard-20260927/gbdraw/web/js/services/diagram-generation.js:175:17)
    at handleMessage (file:///tmp/gbdraw-issue597-session-import-guard-20260927/gbdraw/web/js/services/diagram-generation.js:528:23)
    at AuditSimplePathWorker.emit (file:///tmp/gbdraw-issue597-session-import-guard-20260927/tests/web/run-analysis-simple-path.test.mjs:123:7)
    at file:///tmp/gbdraw-issue597-session-import-guard-20260927/tests/web/run-analysis-simple-path.test.mjs:151:56
Failed to refresh circular record order: Error: injected depth record discovery failure
    at deserializeWorkerError (file:///tmp/gbdraw-issue597-session-import-guard-20260927/gbdraw/web/js/services/diagram-generation.js:175:17)
    at handleMessage (file:///tmp/gbdraw-issue597-session-import-guard-20260927/gbdraw/web/js/services/diagram-generation.js:528:23)
    at AuditSimplePathWorker.emit (file:///tmp/gbdraw-issue597-session-import-guard-20260927/tests/web/run-analysis-simple-path.test.mjs:123:7)
    at file:///tmp/gbdraw-issue597-session-import-guard-20260927/tests/web/run-analysis-simple-path.test.mjs:151:56
Failed to refresh circular record order: DiagramGenerationCanceledError: Diagram generation was canceled.
    at cancelDiagramGeneration (file:///tmp/gbdraw-issue597-session-import-guard-20260927/gbdraw/web/js/services/diagram-generation.js:592:17)
    at Object.cancelRunAnalysis (file:///tmp/gbdraw-issue597-session-import-guard-20260927/gbdraw/web/js/app/run-analysis.js:5359:12)
    at TestContext.<anonymous> (file:///tmp/gbdraw-issue597-session-import-guard-20260927/tests/web/run-analysis-simple-path.test.mjs:1122:16)
    at async Test.run (node:internal/test_runner/test:1409:7)
    at async Test.processPendingSubtests (node:internal/test_runner/test:974:7) {
  canceled: true
}
✔ afterPaint crosses one completed frame before resolving (2.005758ms)
✔ afterFrame crosses one post-bind frame before resolving (0.461604ms)
✔ superseded canonical execution stops before catalog and SVG admission (2.975581ms)
✔ audit-5 owner: direct simple createRunAnalysis path is worker-only and catalog-transactional (249.86352ms)
gbdraw circular typed request render: 0.00s.
post-gbdraw timing
  run-analysis sanitize and reapply editor overrides: 0.00s
  run-analysis assign results: 0.00s
LOSAT runtime warmup failed; execution will report the error if LOSAT is used. Error: Missing packaged asset: browser_wasi_shim module at https://audit.invalid/vendor/browser_wasi_shim/dist/index.js. Only URLs with a scheme in: file and data are supported by the default ESM loader. Received protocol 'https:'
    at file:///tmp/gbdraw-issue597-session-import-guard-20260927/gbdraw/web/js/services/losat.js:54:13
    at async Promise.all (index 0)
    at async prepareLosatRuntime (file:///tmp/gbdraw-issue597-session-import-guard-20260927/gbdraw/web/js/services/losat.js:782:20)
LOSAT timing: pairs=1, cache hits=0, misses=1, unique jobs=1, input FS write=0.00s, FASTA extraction=0.00s, FASTA cache hits=0, protein extraction cache hits=0, JS FASTA=2, Worker FASTA=0, derived payload cache hits=0, derived payload cache misses=0, protein conversion cache hits=0, filtered hit cache hits=0, filtered hit cache misses=0, cache hashing=0.01s, cache hash hits=0, job build=0.01s, job build wall=0.02s, runtime wait=0.00s, execution=0.00s, BLAST FS write=0.00s, FASTA chars=33
gbdraw linear typed request render: 0.00s.
post-gbdraw timing
  run-analysis sanitize and reapply editor overrides: 0.00s
  run-analysis assign results: 0.00s
LOSAT runtime warmup failed; execution will report the error if LOSAT is used. Error: Missing packaged asset: browser_wasi_shim module at https://audit.invalid/vendor/browser_wasi_shim/dist/index.js. Only URLs with a scheme in: file and data are supported by the default ESM loader. Received protocol 'https:'
    at file:///tmp/gbdraw-issue597-session-import-guard-20260927/gbdraw/web/js/services/losat.js:54:13
    at async Promise.all (index 0)
    at async prepareLosatRuntime (file:///tmp/gbdraw-issue597-session-import-guard-20260927/gbdraw/web/js/services/losat.js:782:20)
LOSAT timing: pairs=1, cache hits=0, misses=1, unique jobs=1, input FS write=0.00s, FASTA extraction=0.00s, FASTA cache hits=2, protein extraction cache hits=0, JS FASTA=0, Worker FASTA=0, derived payload cache hits=0, derived payload cache misses=0, protein conversion cache hits=0, filtered hit cache hits=0, filtered hit cache misses=0, cache hashing=0.00s, cache hash hits=2, job build=0.03s, job build wall=0.03s, runtime wait=0.00s, execution=0.00s, BLAST FS write=0.00s, FASTA chars=33
gbdraw linear typed request render: 0.00s.
post-gbdraw timing
  run-analysis sanitize and reapply editor overrides: 0.00s
  run-analysis assign results: 0.00s
LOSAT runtime warmup failed; execution will report the error if LOSAT is used. Error: Missing packaged asset: browser_wasi_shim module at https://audit.invalid/vendor/browser_wasi_shim/dist/index.js. Only URLs with a scheme in: file and data are supported by the default ESM loader. Received protocol 'https:'
    at file:///tmp/gbdraw-issue597-session-import-guard-20260927/gbdraw/web/js/services/losat.js:54:13
    at async Promise.all (index 0)
    at async prepareLosatRuntime (file:///tmp/gbdraw-issue597-session-import-guard-20260927/gbdraw/web/js/services/losat.js:782:20)
LOSAT timing: pairs=1, cache hits=1, misses=0, unique jobs=0, input FS write=0.00s, FASTA extraction=0.00s, FASTA cache hits=2, protein extraction cache hits=0, JS FASTA=0, Worker FASTA=0, derived payload cache hits=0, derived payload cache misses=0, protein conversion cache hits=0, filtered hit cache hits=0, filtered hit cache misses=0, cache hashing=0.00s, cache hash hits=2, job build=0.00s, job build wall=0.00s, runtime wait=0.00s, execution=0.00s, BLAST FS write=0.00s, FASTA chars=33
gbdraw linear typed request render: 0.00s.
post-gbdraw timing
  run-analysis sanitize and reapply editor overrides: 0.00s
  run-analysis assign results: 0.00s
gbdraw linear typed request render: 0.00s.
post-gbdraw timing
  run-analysis sanitize and reapply editor overrides: 0.00s
  run-analysis assign results: 0.00s
post-gbdraw timing
  run-analysis sanitize and reapply editor overrides: 0.00s
gbdraw linear typed request render: 0.00s.
post-gbdraw timing
  run-analysis sanitize and reapply editor overrides: 0.00s
  run-analysis assign results: 0.00s
gbdraw linear typed request render: 0.00s.
post-gbdraw timing
  run-analysis sanitize and reapply editor overrides: 0.00s
  run-analysis assign results: 0.00s
✔ neutral conservation replay delegates lazy resources to the shared reader (292.347748ms)
gbdraw linear typed request render: 0.00s.
post-gbdraw timing
  run-analysis sanitize and reapply editor overrides: 0.00s
  run-analysis assign results: 0.00s
✔ Linear mode none ignores dormant comparison state while active depth and annotations render (22.992814ms)
✔ source recipe reuses materialized source text and preserves record selection (2599.086224ms)
✔ source recipe counts survive transfer and follow same-name source replacements (64.9047ms)
✔ source recipe preserves selectedFeaturesSet empty, invalid, and non-empty semantics (2993.482299ms)
✔ source recipe preserves canonical string track slots (2260.622498ms)
✔ source recipe serializes validated object slots without dropping child fields (868.32199ms)
✔ source recipe distinguishes absent, null, and explicit empty track slots (26.852487ms)
✔ allocated helper names propagate into comparisons.tsv and the executable recipe (1868.911021ms)
runtime capability tests passed
✔ tests/web/runtime-capabilities.test.mjs (185.624252ms)
✔ tests/web/session-active-config-contract.test.mjs (181.659087ms)
✔ tests/web/session-active-files.test.mjs (310.250528ms)
✔ tests/web/session-authority.test.mjs (227.663446ms)
✔ current CLI single and CLI replay initialize Web from the canonical request (6203.569761ms)
✔ current CLI composite and CLI replay initialize Web from the canonical request (4957.114658ms)
✔ current CLI linear and CLI replay initialize Web from the canonical request (4542.848123ms)
✔ current CLI gff and CLI replay initialize Web from the canonical request (4621.714343ms)
session definition resource rehydration tests passed
✔ tests/web/session-definition-rehydration.test.mjs (669.40154ms)
✔ tests/web/session-draft-authority.test.mjs (2611.657039ms)
Session feature catalog validation failed. Error: The diagram engine returned incompatible feature metadata. Reload the page and Generate again.
    at catalogError (file:///tmp/gbdraw-issue597-session-import-guard-20260927/gbdraw/web/js/services/feature-catalog.js:32:28)
    at admitFeatureCatalog (file:///tmp/gbdraw-issue597-session-import-guard-20260927/gbdraw/web/js/services/feature-catalog.js:586:53)
    at validateFeatureCatalog (file:///tmp/gbdraw-issue597-session-import-guard-20260927/gbdraw/web/js/services/feature-catalog.js:672:3)
    at exportSession (file:///tmp/gbdraw-issue597-session-import-guard-20260927/gbdraw/web/js/services/config.js:4052:36)
    at file:///tmp/gbdraw-issue597-session-import-guard-20260927/tests/web/session-export-validation.test.mjs:68:22
✔ tests/web/session-export-validation.test.mjs (541.254624ms)
session feature metadata tests passed
✔ tests/web/session-feature-metadata.test.mjs (158.216887ms)
✔ tests/web/session-file.test.mjs (604.84716ms)
✔ decision-required protein comparisons stay committed without projecting a partial draft (168.855126ms)
✔ current session recovers files only when a sequence consumer is missing (130.494706ms)
✔ current Circular sessions recover only supplied comparison FASTA sources (107.181325ms)
✔ fresh Circular LOSAT resources become session-owned live files (4.599117ms)
✔ legacy standalone config import migrates retired values without a writer envelope (3.246799ms)
✔ current schema-8 alignment retains exact typed anchors and explicit historical receipt absence on import (288.8427ms)
✔ visible protein cache entries from the frozen v39 session recover stable edge identities (442.423243ms)
✔ a conflicting restored edge key is not exposed under the wrong endpoints (301.316737ms)
✔ version-39 import rejects duplicate raw LOSAT cache keys (0.92638ms)
✔ version-39 import rejects duplicate derived LOSATP cache keys (0.948967ms)
✔ version-39 import rejects a nucleotide raw cache key of undefined (0.515924ms)
✔ version-39 import rejects a nucleotide raw cache key of  (0.305811ms)
✔ version-39 import rejects a nucleotide raw cache key of null (0.232443ms)
✔ version-39 import rejects a nucleotide raw cache key of 1 (0.286682ms)
✔ version-39 import rejects an empty protein raw cache key (0.463316ms)
✔ version-39 import rejects a non-object losatCache (0.400515ms)
✔ version-39 import rejects a non-array losatCache.entries (0.25926ms)
✔ version-39 import rejects a non-object losatDerivedCache (0.169357ms)
✔ version-39 import rejects a non-array losatDerivedCache.entries (0.140035ms)
✔ version-39 import rejects branch-internal raw schema 3 (0.375188ms)
✔ version-39 import rejects branch-internal derived schema 2 (0.332727ms)
✔ version-40 import rejects duplicate raw LOSAT cache keys (0.222843ms)
✔ version-40 import rejects duplicate derived LOSATP cache keys (0.3519ms)
✔ version-40 import rejects a nucleotide raw cache key of undefined (0.14246ms)
✔ version-40 import rejects a nucleotide raw cache key of  (0.367609ms)
✔ version-40 import rejects a nucleotide raw cache key of null (0.34938ms)
✔ version-40 import rejects a nucleotide raw cache key of 1 (0.342968ms)
✔ version-40 import rejects an empty protein raw cache key (0.400221ms)
✔ version-40 import rejects a non-object losatCache (0.179473ms)
✔ version-40 import rejects a non-array losatCache.entries (0.095696ms)
✔ version-40 import rejects a non-object losatDerivedCache (0.043274ms)
✔ version-40 import rejects a non-array losatDerivedCache.entries (0.037602ms)
✔ version-40 import rejects branch-internal raw schema 3 (0.125758ms)
✔ version-40 import rejects branch-internal derived schema 2 (0.097513ms)
Error: Unsupported session version: 34.
    at validateSessionVersion (file:///tmp/gbdraw-issue597-session-import-guard-20260927/gbdraw/web/js/services/config.js:1176:11)
    at preflightSessionImport (file:///tmp/gbdraw-issue597-session-import-guard-20260927/gbdraw/web/js/services/config.js:1556:3)
    at importSession (file:///tmp/gbdraw-issue597-session-import-guard-20260927/gbdraw/web/js/services/config.js:4298:23)
    at async TestContext.<anonymous> (file:///tmp/gbdraw-issue597-session-import-guard-20260927/tests/web/session-losat-cache-validation.test.mjs:1176:20)
    at async Test.run (node:internal/test_runner/test:1409:7)
    at async Test.processPendingSubtests (node:internal/test_runner/test:974:7)
✔ session import rejects branch-internal version 34 (11.192095ms)
Error: Unsupported session version: 35.
    at validateSessionVersion (file:///tmp/gbdraw-issue597-session-import-guard-20260927/gbdraw/web/js/services/config.js:1176:11)
    at preflightSessionImport (file:///tmp/gbdraw-issue597-session-import-guard-20260927/gbdraw/web/js/services/config.js:1556:3)
    at importSession (file:///tmp/gbdraw-issue597-session-import-guard-20260927/gbdraw/web/js/services/config.js:4298:23)
    at async TestContext.<anonymous> (file:///tmp/gbdraw-issue597-session-import-guard-20260927/tests/web/session-losat-cache-validation.test.mjs:1176:20)
    at async Test.run (node:internal/test_runner/test:1409:7)
    at async Test.processPendingSubtests (node:internal/test_runner/test:974:7)
✔ session import rejects branch-internal version 35 (0.846165ms)
Error: Unsupported session version: 36.
    at validateSessionVersion (file:///tmp/gbdraw-issue597-session-import-guard-20260927/gbdraw/web/js/services/config.js:1176:11)
    at preflightSessionImport (file:///tmp/gbdraw-issue597-session-import-guard-20260927/gbdraw/web/js/services/config.js:1556:3)
    at importSession (file:///tmp/gbdraw-issue597-session-import-guard-20260927/gbdraw/web/js/services/config.js:4298:23)
    at async TestContext.<anonymous> (file:///tmp/gbdraw-issue597-session-import-guard-20260927/tests/web/session-losat-cache-validation.test.mjs:1176:20)
    at async Test.run (node:internal/test_runner/test:1409:7)
    at async Test.processPendingSubtests (node:internal/test_runner/test:974:7)
✔ session import rejects branch-internal version 36 (1.119809ms)
Error: Unsupported session version: 37.
    at validateSessionVersion (file:///tmp/gbdraw-issue597-session-import-guard-20260927/gbdraw/web/js/services/config.js:1176:11)
    at preflightSessionImport (file:///tmp/gbdraw-issue597-session-import-guard-20260927/gbdraw/web/js/services/config.js:1556:3)
    at importSession (file:///tmp/gbdraw-issue597-session-import-guard-20260927/gbdraw/web/js/services/config.js:4298:23)
    at async TestContext.<anonymous> (file:///tmp/gbdraw-issue597-session-import-guard-20260927/tests/web/session-losat-cache-validation.test.mjs:1176:20)
    at async Test.run (node:internal/test_runner/test:1409:7)
    at async Test.processPendingSubtests (node:internal/test_runner/test:974:7)
✔ session import rejects branch-internal version 37 (0.992008ms)
Error: Unsupported session version: 38.
    at validateSessionVersion (file:///tmp/gbdraw-issue597-session-import-guard-20260927/gbdraw/web/js/services/config.js:1176:11)
    at preflightSessionImport (file:///tmp/gbdraw-issue597-session-import-guard-20260927/gbdraw/web/js/services/config.js:1556:3)
    at importSession (file:///tmp/gbdraw-issue597-session-import-guard-20260927/gbdraw/web/js/services/config.js:4298:23)
    at async TestContext.<anonymous> (file:///tmp/gbdraw-issue597-session-import-guard-20260927/tests/web/session-losat-cache-validation.test.mjs:1176:20)
    at async Test.run (node:internal/test_runner/test:1409:7)
    at async Test.processPendingSubtests (node:internal/test_runner/test:974:7)
✔ session import rejects branch-internal version 38 (0.997052ms)
✔ accepts saved-preview, first Generate, and second Generate matrices (7.003144ms)
✔ accepts failure-before-activation, rollback-restoration, and stale matrices (0.436668ms)
✔ rejects every prohibited structural work condition (2.134517ms)
✔ rejects success and processing-clear lifecycle inversions (0.998919ms)
✔ rejects failure commits and finalization after rollback (0.414018ms)
✔ rejects second-Generate Worker, renderer, and resource reuse regressions (0.906353ms)
✔ rejects stale receipt acceptance (0.465152ms)
✔ rejects post-activation failure without restored ready preview (0.260586ms)
✔ returns deterministic failures for identical inputs (1.167877ms)
✔ tests/web/session-request.test.mjs (997.312421ms)
✔ current-session file views materialize one requested resource once (49.220816ms)
✔ combined file views report exact canonical byte sizes without preview decoding (13.408106ms)
✔ lazy resource failures identify the resource and remain cached (44.094372ms)
✔ ordinary uploaded File objects keep the native read behavior (1.381739ms)
✔ adopted export reuses descriptors and encodes only a replacement (25.068579ms)
✔ export keeps an imported draft file distinct from regenerated bytes under its old ID (1.442489ms)
✔ composite Save preserves ordered sources across a committed ID collision (3.945394ms)
✔ repeated, empty, LF and CRLF components preserve bytes, metadata and lazy reads (3.329901ms)
✔ same-length adopted, alternate-encoded and new candidates decode/hash at most once per Save (24.693071ms)
✔ composite descriptor matching preserves order, LF boundaries and immutable backing identity (2.861351ms)
✔ tests/web/session-resources.test.mjs (383.19291ms)
✔ settings-only document owns its full configuration and resources without a canonical owner (20.228ms)
✔ auxiliary file bytes and metadata round trip through the existing resource owner (20.388871ms)
✔ inactive biological inputs cannot be classified or saved as settings-only (3.600925ms)
✔ settings-only admission rejects missing request (2.736038ms)
✔ settings-only admission rejects biological binding (1.973366ms)
✔ settings-only admission rejects dangling binding (2.97588ms)
✔ settings-only admission rejects unbound resource (23.608022ms)
✔ settings-only admission rejects malformed config (8.712291ms)
✔ settings-only admission rejects unknown config (2.454674ms)
✔ settings-only admission rejects binding schema (5.15021ms)
✔ settings-only admission rejects saved Result (1.280947ms)
✔ settings-only admission rejects committed provenance (0.568206ms)
✔ released schema-1 and schema-2 full documents retain admission (0.587979ms)
✔ normal Align applies only-usable and unusable targets with one helper and one Result (98.629219ms)
✔ normal Align keeps a missing target unchanged in the resolved plan (12.598086ms)
✔ normal Align uses Python unique-direct-RBH plan without a review or second helper (8.621539ms)
✔ normal Align opens complete review for genuine Python ambiguity (2.806859ms)
✔ explicit review of a resolved response keeps the full local draft without generation (2.314201ms)
✔ automatic generation failure opens the resolved draft for one Apply retry (12.909974ms)
✔ canceled or stale resolved completion cannot install a plan or Result (3.149885ms)
✔ busy is synchronous, duplicate starts are ignored, and exact popup reference survives (3.633382ms)
✔ drawer preserves its selected exact member and opens the same review (4.21979ms)
✔ explicit review opens an applicable Python-selected draft for either response status (4.583721ms)
✔ missing target is explicitly unchanged and complete Apply includes every target (17.385186ms)
✔ candidate selection and Skip are local edits with zero Worker jobs (2.212854ms)
✔ Apply validates one explicit batch and commits through one generation call (4.900347ms)
✔ duplicate Apply while validation is pending starts one batch (10.754645ms)
✔ validation and generation failures preserve editable draft and prior artifact (49.545059ms)
✔ Cancel preserves committed diagram, plan, and Result (1.271247ms)
✔ stale initial resolution and canceled Apply cannot publish late completions (1.938913ms)
✔ changed committed Result rejects an old draft before validation (3.271255ms)
✔ active schema-2 plan validates on regeneration and supports Reset and stable reorder (20.697037ms)
✔ Python recommendation remains a hint while direct-RBH resolved selection is preserved (8.585194ms)
✔ stale active target enters the same repair draft and needs an explicit new choice (50.69258ms)
✔ drawer requires a unique exact reference before starting the Worker (0.821049ms)
✔ malformed Python projection and initial Worker errors leave the prior Result intact (3.662859ms)
✔ candidate preview delegates to the existing owner and Cancel clears it (1.289479ms)
✔ manual Reverse keeps the plan while invalidating edits clear it with a notice (36.085256ms)
✔ missing saved reference blocks regeneration while preserving plan and Result (4.147954ms)
✔ a committed schema-2 plan regenerates after its transient groups leave the catalog (5.585681ms)
✔ candidate labels retain biological metadata and displayed record names (2.740884ms)
✔ exclusive modes, reference Custom, Select and Skip are local with zero Worker (2.220718ms)
✔ Apply and both Reset scopes own one History transaction and consume receipt (14.961248ms)
✔ changed final reference correction refreshes preview and requires another Apply (5.395501ms)
✔ a changed final source binding rejects corrections without committing anything (1.714936ms)
✔ empty modern evidence and missing historical evidence disable combined Reset with different reasons (34.156701ms)
✔ canceled and stale direction generations leave orientations, receipt and History unchanged (5.657357ms)
✔ Align A then B resets to B before, including reference and only affected later edits (27.236011ms)
✔ failed Reset retains the original receipt and Result for an explicit retry (71.498ms)
✔ combined Reset uses current geometry for y without storing a translation snapshot (5.917587ms)
✔ stable reorder retains receipt, invalidation consumes it through the existing plan owner (2.672304ms)
✔ rule action admits full canonical rules and legend in one transaction after preparation (5685.672627ms)
✔ legend stale candidate leaves canonical rules, provenance, Result and History unchanged (2532.712842ms)
✔ legend error candidate leaves canonical rules, provenance, Result and History unchanged (2431.527248ms)
✔ historical caption ownership retains every source color before normalization (1616.758443ms)
✔ complete caption recolor uses bounded intent while caption replacement retains checkpoint History (2718.565119ms)
✔ current-worker EMPTY admission sanitizes once and performs zero application SVG work (38.603434ms)
✔ JSON cannot forge current-worker provenance and malformed envelopes fail closed (3.08652ms)
✔ fill-only current mutation uses one admitted root and shared lazy index (4.050055ms)
✔ stroke-only current mutation uses one admitted root and shared lazy index (4.775367ms)
✔ visibility-only current mutation uses one admitted root and shared lazy index (3.512804ms)
✔ Label-only current mutation uses one admitted root and shared lazy index (1.483982ms)
✔ Legend-only current mutation uses one admitted root and shared lazy index (4.945756ms)
✔ combined current mutations share one root/index and serialize once (6.055447ms)
✔ direct Legend rename, deletion, and addition are applied through catalog-backed admission (16.109971ms)
✔ a requested Legend addition reuses an exact renderer-produced caption (4.46262ms)
✔ a renderer-derived Legend style may be absent when no current binding remains (10.284975ms)
✔ an unexplained missing Legend binding remains rejected (0.727067ms)
✔ source replacement may retire styled, renamed, or deleted generated Legend categories (0.636177ms)
✔ explicit category deletion stays idempotent while the category is absent (0.591692ms)
✔ a dormant category style applies on its first returning Result without creating a manual row (13.516962ms)
✔ category absence capabilities never admit ambiguous Legend bindings (3.038339ms)
✔ Label replay is deferred until mounted identity binding (0.698125ms)
✔ mounted Label binding accepts one target and rejects missing or ambiguous identity (0.618566ms)
✔ current-session and legacy-import remain explicit, incompatible boundaries (2.208115ms)
✔ trusted renderer semantic hooks survive the SVG sanitizer contract (2.533228ms)
✔ standalone-only metadata is not admitted to plain preview sanitization (0.341775ms)
✔ only the three schema 1 composition attributes are allowlisted (1.181715ms)
✔ retired alternate viewBox metadata is not allowlisted (4.22395ms)
Applied specific rules: updated 1 elements
Track visibility updated
Track visibility updated
✔ completed style action publishes selected Result without another user action (1536.134172ms)
✔ depth OFF and ON publish parent visibility at the style owner (1.251368ms)
✔ tests/web/svg-styles-track-groups.test.mjs (119.099152ms)
visual comparator controls passed
✔ tests/web/svg-visual-semantics.test.mjs (159.562351ms)
✔ tests/web/track-slot-colors.test.mjs (134.642273ms)
✔ resolves shifted Linear public geometry by slot ID (2.48645ms)
✔ resolves shifted Circular public geometry by slot ID (0.539423ms)
✔ falls back to slot index for older geometry without slot IDs (0.21883ms)
✔ Linear placement actions preserve the Axis boundary and row sides (8.146439ms)
✔ Linear editor requests resolved geometry with each public slot ID (1.11759ms)
✔ Circular editor requests resolved geometry with each public slot ID (21.609306ms)
✔ returns enabled projection and rebases the draft Axis boundary (24.042296ms)
✔ handles all Axis boundary edge cases after disabled-row filtering (10.128587ms)
✔ reports duplicate and empty enabled IDs without rewriting the draft (0.866243ms)
✔ limits Linear to one enabled Features row and ignores a disabled duplicate (0.658033ms)
✔ requires exactly one Circular Features row only for visible feature underlays (0.975505ms)
✔ requires exactly one Linear Features row for visible feature underlays (0.680683ms)
✔ Linear editor live validation uses visible feature-underlay intent (14.625785ms)
✔ rejects an empty enabled Linear stack but preserves Circular axis-only drafts (0.891234ms)
✔ validates enabled Linear sides against the emitted Axis and keeps overlay exceptions (18.827019ms)
✔ derives an omitted Linear side from the emitted Axis (1.533491ms)
✔ derives an omitted Circular feature side from lane_direction (1.278372ms)
✔ validates enabled Circular sides against the emitted Axis and keeps overlay exceptions (0.528689ms)
✔ derives omitted Circular sides while keeping Feature lanes authoritative (1.592526ms)
✔ infers an omitted Circular Axis from a side-less Feature lane (1.059456ms)
✔ rejects nonpositive Circular radius and width before request serialization (2.612272ms)
✔ validates Depth binding and allows disabling an invalid row (23.629368ms)
✔ validates Annotation set inventory and advanced params (0.864647ms)
✔ validates overlay anchors and does not treat Spacer, Ticks, disabled, or Annotation rows as drawable (18.45029ms)
✔ accepts only source-bound managed Circular conservation rows (1.325779ms)
✔ reports renderer-specific params invalidated by a renderer change (1.010977ms)
✔ throws the typed summary only at an explicit boundary (1.255471ms)
✔ shared pixel corpus 0: linear height raw/draft/payload/text parity (12.043358ms)
✔ shared pixel corpus 0: linear spacing raw/draft/payload/text parity (0.482926ms)
✔ shared pixel corpus 0: circular inner_gap_px raw/draft/payload/text parity (0.9343ms)
✔ shared pixel corpus 0: circular outer_gap_px raw/draft/payload/text parity (0.203555ms)
✔ shared pixel corpus 1: linear height raw/draft/payload/text parity (0.489616ms)
✔ shared pixel corpus 1: linear spacing raw/draft/payload/text parity (0.307579ms)
✔ shared pixel corpus 1: circular inner_gap_px raw/draft/payload/text parity (0.301943ms)
✔ shared pixel corpus 1: circular outer_gap_px raw/draft/payload/text parity (0.225454ms)
✔ shared pixel corpus 2: linear height raw/draft/payload/text parity (0.335524ms)
✔ shared pixel corpus 2: linear spacing raw/draft/payload/text parity (0.359277ms)
✔ shared pixel corpus 2: circular inner_gap_px raw/draft/payload/text parity (0.208318ms)
✔ shared pixel corpus 2: circular outer_gap_px raw/draft/payload/text parity (0.411132ms)
✔ shared pixel corpus 3: linear height raw/draft/payload/text parity (0.515146ms)
✔ shared pixel corpus 3: linear spacing raw/draft/payload/text parity (0.164791ms)
✔ shared pixel corpus 3: circular inner_gap_px raw/draft/payload/text parity (0.162744ms)
✔ shared pixel corpus 3: circular outer_gap_px raw/draft/payload/text parity (0.483376ms)
✔ shared pixel corpus 4: linear height raw/draft/payload/text parity (0.36763ms)
✔ shared pixel corpus 4: linear spacing raw/draft/payload/text parity (0.231074ms)
✔ shared pixel corpus 4: circular inner_gap_px raw/draft/payload/text parity (0.932696ms)
✔ shared pixel corpus 4: circular outer_gap_px raw/draft/payload/text parity (0.201467ms)
✔ shared pixel corpus 5: linear height raw/draft/payload/text parity (0.155923ms)
✔ shared pixel corpus 5: linear spacing raw/draft/payload/text parity (0.123646ms)
✔ shared pixel corpus 5: circular inner_gap_px raw/draft/payload/text parity (3.297097ms)
✔ shared pixel corpus 5: circular outer_gap_px raw/draft/payload/text parity (0.191245ms)
✔ shared pixel corpus 6: linear height raw/draft/payload/text parity (0.153019ms)
✔ shared pixel corpus 6: linear spacing raw/draft/payload/text parity (0.109846ms)
✔ shared pixel corpus 6: circular inner_gap_px raw/draft/payload/text parity (0.11598ms)
✔ shared pixel corpus 6: circular outer_gap_px raw/draft/payload/text parity (0.105856ms)
✔ shared pixel corpus 7: linear height raw/draft/payload/text parity (0.103388ms)
✔ shared pixel corpus 7: linear spacing raw/draft/payload/text parity (0.108019ms)
✔ shared pixel corpus 7: circular inner_gap_px raw/draft/payload/text parity (0.109006ms)
✔ shared pixel corpus 7: circular outer_gap_px raw/draft/payload/text parity (0.104776ms)
✔ shared pixel corpus 8: linear height raw/draft/payload/text parity (0.108195ms)
✔ shared pixel corpus 8: linear spacing raw/draft/payload/text parity (0.14009ms)
✔ shared pixel corpus 8: circular inner_gap_px raw/draft/payload/text parity (0.143509ms)
✔ shared pixel corpus 8: circular outer_gap_px raw/draft/payload/text parity (0.6658ms)
✔ shared pixel corpus 9: linear height raw/draft/payload/text parity (0.258032ms)
✔ shared pixel corpus 9: linear spacing raw/draft/payload/text parity (0.305693ms)
✔ shared pixel corpus 9: circular inner_gap_px raw/draft/payload/text parity (0.153389ms)
✔ shared pixel corpus 9: circular outer_gap_px raw/draft/payload/text parity (0.652955ms)
✔ shared pixel corpus 10: linear height raw/draft/payload/text parity (0.17051ms)
✔ shared pixel corpus 10: linear spacing raw/draft/payload/text parity (0.115814ms)
✔ shared pixel corpus 10: circular inner_gap_px raw/draft/payload/text parity (0.117878ms)
✔ shared pixel corpus 10: circular outer_gap_px raw/draft/payload/text parity (0.104874ms)
✔ shared pixel corpus 11: linear height raw/draft/payload/text parity (0.102552ms)
✔ shared pixel corpus 11: linear spacing raw/draft/payload/text parity (0.096585ms)
✔ shared pixel corpus 11: circular inner_gap_px raw/draft/payload/text parity (0.192945ms)
✔ shared pixel corpus 11: circular outer_gap_px raw/draft/payload/text parity (1.921734ms)
✔ shared pixel corpus 12: linear height raw/draft/payload/text parity (0.182653ms)
✔ shared pixel corpus 12: linear spacing raw/draft/payload/text parity (0.112512ms)
✔ shared pixel corpus 12: circular inner_gap_px raw/draft/payload/text parity (0.111211ms)
✔ shared pixel corpus 12: circular outer_gap_px raw/draft/payload/text parity (0.090249ms)
✔ shared pixel corpus 13: linear height raw/draft/payload/text parity (0.106753ms)
✔ shared pixel corpus 13: linear spacing raw/draft/payload/text parity (0.099862ms)
✔ shared pixel corpus 13: circular inner_gap_px raw/draft/payload/text parity (0.423757ms)
✔ shared pixel corpus 13: circular outer_gap_px raw/draft/payload/text parity (0.308078ms)
✔ shared pixel corpus 14: linear height raw/draft/payload/text parity (0.498562ms)
✔ shared pixel corpus 14: linear spacing raw/draft/payload/text parity (0.410372ms)
✔ shared pixel corpus 14: circular inner_gap_px raw/draft/payload/text parity (0.432602ms)
✔ shared pixel corpus 14: circular outer_gap_px raw/draft/payload/text parity (0.644673ms)
✔ shared pixel corpus 15: linear height raw/draft/payload/text parity (0.303165ms)
✔ shared pixel corpus 15: linear spacing raw/draft/payload/text parity (0.406112ms)
✔ shared pixel corpus 15: circular inner_gap_px raw/draft/payload/text parity (0.370759ms)
✔ shared pixel corpus 15: circular outer_gap_px raw/draft/payload/text parity (0.436866ms)
✔ shared pixel corpus 16: linear height raw/draft/payload/text parity (0.61523ms)
✔ shared pixel corpus 16: linear spacing raw/draft/payload/text parity (0.534649ms)
✔ shared pixel corpus 16: circular inner_gap_px raw/draft/payload/text parity (0.499891ms)
✔ shared pixel corpus 16: circular outer_gap_px raw/draft/payload/text parity (0.499757ms)
✔ shared pixel corpus 17: linear height raw/draft/payload/text parity (0.537392ms)
✔ shared pixel corpus 17: linear spacing raw/draft/payload/text parity (1.062139ms)
✔ shared pixel corpus 17: circular inner_gap_px raw/draft/payload/text parity (0.525588ms)
✔ shared pixel corpus 17: circular outer_gap_px raw/draft/payload/text parity (0.449391ms)
✔ shared pixel corpus 18: linear height raw/draft/payload/text parity (1.287348ms)
✔ shared pixel corpus 18: linear spacing raw/draft/payload/text parity (0.836029ms)
✔ shared pixel corpus 18: circular inner_gap_px raw/draft/payload/text parity (0.608331ms)
✔ shared pixel corpus 18: circular outer_gap_px raw/draft/payload/text parity (0.679789ms)
✔ shared pixel corpus 19: linear height raw/draft/payload/text parity (0.765106ms)
✔ shared pixel corpus 19: linear spacing raw/draft/payload/text parity (0.418734ms)
✔ shared pixel corpus 19: circular inner_gap_px raw/draft/payload/text parity (0.952047ms)
✔ shared pixel corpus 19: circular outer_gap_px raw/draft/payload/text parity (0.955816ms)
✔ shared pixel corpus 20: linear height raw/draft/payload/text parity (1.013774ms)
✔ shared pixel corpus 20: linear spacing raw/draft/payload/text parity (0.624867ms)
✔ shared pixel corpus 20: circular inner_gap_px raw/draft/payload/text parity (0.504353ms)
✔ shared pixel corpus 20: circular outer_gap_px raw/draft/payload/text parity (0.543729ms)
✔ shared pixel corpus 21: linear height raw/draft/payload/text parity (0.590421ms)
✔ shared pixel corpus 21: linear spacing raw/draft/payload/text parity (0.477301ms)
✔ shared pixel corpus 21: circular inner_gap_px raw/draft/payload/text parity (0.532137ms)
✔ shared pixel corpus 21: circular outer_gap_px raw/draft/payload/text parity (0.363994ms)
✔ shared pixel corpus 22: linear height raw/draft/payload/text parity (1.061775ms)
✔ shared pixel corpus 22: linear spacing raw/draft/payload/text parity (0.703427ms)
✔ shared pixel corpus 22: circular inner_gap_px raw/draft/payload/text parity (0.930201ms)
✔ shared pixel corpus 22: circular outer_gap_px raw/draft/payload/text parity (0.468048ms)
✔ shared pixel corpus 23: linear height raw/draft/payload/text parity (0.438202ms)
✔ shared pixel corpus 23: linear spacing raw/draft/payload/text parity (0.466373ms)
✔ shared pixel corpus 23: circular inner_gap_px raw/draft/payload/text parity (0.412989ms)
✔ shared pixel corpus 23: circular outer_gap_px raw/draft/payload/text parity (1.654572ms)
✔ shared pixel corpus 24: linear height raw/draft/payload/text parity (0.248489ms)
✔ shared pixel corpus 24: linear spacing raw/draft/payload/text parity (0.151324ms)
✔ shared pixel corpus 24: circular inner_gap_px raw/draft/payload/text parity (0.153297ms)
✔ shared pixel corpus 24: circular outer_gap_px raw/draft/payload/text parity (0.208562ms)
✔ shared pixel corpus 25: linear height raw/draft/payload/text parity (0.220438ms)
✔ shared pixel corpus 25: linear spacing raw/draft/payload/text parity (0.224134ms)
✔ shared pixel corpus 25: circular inner_gap_px raw/draft/payload/text parity (0.209042ms)
✔ shared pixel corpus 25: circular outer_gap_px raw/draft/payload/text parity (0.188068ms)
✔ shared pixel corpus 26: linear height raw/draft/payload/text parity (0.200912ms)
✔ shared pixel corpus 26: linear spacing raw/draft/payload/text parity (0.227645ms)
✔ shared pixel corpus 26: circular inner_gap_px raw/draft/payload/text parity (0.215596ms)
✔ shared pixel corpus 26: circular outer_gap_px raw/draft/payload/text parity (0.228367ms)
✔ shared pixel corpus 27: linear height raw/draft/payload/text parity (0.205205ms)
✔ shared pixel corpus 27: linear spacing raw/draft/payload/text parity (0.191691ms)
✔ shared pixel corpus 27: circular inner_gap_px raw/draft/payload/text parity (0.208167ms)
✔ shared pixel corpus 27: circular outer_gap_px raw/draft/payload/text parity (0.193446ms)
✔ shared pixel corpus 28: linear height raw/draft/payload/text parity (0.786265ms)
✔ shared pixel corpus 28: linear spacing raw/draft/payload/text parity (0.242915ms)
✔ shared pixel corpus 28: circular inner_gap_px raw/draft/payload/text parity (0.217885ms)
✔ shared pixel corpus 28: circular outer_gap_px raw/draft/payload/text parity (0.200752ms)
✔ shared pixel corpus 29: linear height raw/draft/payload/text parity (0.284235ms)
✔ shared pixel corpus 29: linear spacing raw/draft/payload/text parity (0.482462ms)
✔ shared pixel corpus 29: circular inner_gap_px raw/draft/payload/text parity (0.225949ms)
✔ shared pixel corpus 29: circular outer_gap_px raw/draft/payload/text parity (0.231757ms)
✔ shared pixel corpus 30: linear height raw/draft/payload/text parity (0.21204ms)
✔ shared pixel corpus 30: linear spacing raw/draft/payload/text parity (0.495412ms)
✔ shared pixel corpus 30: circular inner_gap_px raw/draft/payload/text parity (0.308432ms)
✔ shared pixel corpus 30: circular outer_gap_px raw/draft/payload/text parity (0.280502ms)
✔ shared pixel corpus 31: linear height raw/draft/payload/text parity (0.290209ms)
✔ shared pixel corpus 31: linear spacing raw/draft/payload/text parity (0.323841ms)
✔ shared pixel corpus 31: circular inner_gap_px raw/draft/payload/text parity (0.397685ms)
✔ shared pixel corpus 31: circular outer_gap_px raw/draft/payload/text parity (0.292948ms)
✔ shared pixel corpus 32: linear height raw/draft/payload/text parity (0.292947ms)
✔ shared pixel corpus 32: linear spacing raw/draft/payload/text parity (0.73439ms)
✔ shared pixel corpus 32: circular inner_gap_px raw/draft/payload/text parity (0.371624ms)
✔ shared pixel corpus 32: circular outer_gap_px raw/draft/payload/text parity (0.511278ms)
✔ shared pixel corpus 33: linear height raw/draft/payload/text parity (0.46596ms)
✔ shared pixel corpus 33: linear spacing raw/draft/payload/text parity (0.429671ms)
✔ shared pixel corpus 33: circular inner_gap_px raw/draft/payload/text parity (0.50931ms)
✔ shared pixel corpus 33: circular outer_gap_px raw/draft/payload/text parity (0.439424ms)
✔ shared pixel corpus 34: linear height raw/draft/payload/text parity (0.476061ms)
✔ shared pixel corpus 34: linear spacing raw/draft/payload/text parity (1.317057ms)
✔ shared pixel corpus 34: circular inner_gap_px raw/draft/payload/text parity (0.525619ms)
✔ shared pixel corpus 34: circular outer_gap_px raw/draft/payload/text parity (0.51271ms)
✔ shared pixel corpus 35: linear height raw/draft/payload/text parity (0.470986ms)
✔ shared pixel corpus 35: linear spacing raw/draft/payload/text parity (0.443751ms)
✔ shared pixel corpus 35: circular inner_gap_px raw/draft/payload/text parity (0.667453ms)
✔ shared pixel corpus 35: circular outer_gap_px raw/draft/payload/text parity (0.506035ms)
✔ shared pixel corpus 36: linear height raw/draft/payload/text parity (0.45349ms)
✔ shared pixel corpus 36: linear spacing raw/draft/payload/text parity (0.430056ms)
✔ shared pixel corpus 36: circular inner_gap_px raw/draft/payload/text parity (0.50222ms)
✔ shared pixel corpus 36: circular outer_gap_px raw/draft/payload/text parity (0.745024ms)
✔ shared pixel corpus 37: linear height raw/draft/payload/text parity (4.509351ms)
✔ shared pixel corpus 37: linear spacing raw/draft/payload/text parity (0.712997ms)
✔ shared pixel corpus 37: circular inner_gap_px raw/draft/payload/text parity (0.510218ms)
✔ shared pixel corpus 37: circular outer_gap_px raw/draft/payload/text parity (0.427813ms)
✔ shared pixel corpus 38: linear height raw/draft/payload/text parity (0.548956ms)
✔ shared pixel corpus 38: linear spacing raw/draft/payload/text parity (1.104476ms)
✔ shared pixel corpus 38: circular inner_gap_px raw/draft/payload/text parity (0.965081ms)
✔ shared pixel corpus 38: circular outer_gap_px raw/draft/payload/text parity (0.759022ms)
✔ shared pixel corpus 39: linear height raw/draft/payload/text parity (0.384668ms)
✔ shared pixel corpus 39: linear spacing raw/draft/payload/text parity (0.411346ms)
✔ shared pixel corpus 39: circular inner_gap_px raw/draft/payload/text parity (0.660957ms)
✔ shared pixel corpus 39: circular outer_gap_px raw/draft/payload/text parity (0.531105ms)
✔ shared pixel corpus 40: linear height raw/draft/payload/text parity (0.486411ms)
✔ shared pixel corpus 40: linear spacing raw/draft/payload/text parity (0.398208ms)
✔ shared pixel corpus 40: circular inner_gap_px raw/draft/payload/text parity (0.355128ms)
✔ shared pixel corpus 40: circular outer_gap_px raw/draft/payload/text parity (0.441412ms)
✔ shared pixel corpus 41: linear height raw/draft/payload/text parity (0.407275ms)
✔ shared pixel corpus 41: linear spacing raw/draft/payload/text parity (0.438768ms)
✔ shared pixel corpus 41: circular inner_gap_px raw/draft/payload/text parity (0.453693ms)
✔ shared pixel corpus 41: circular outer_gap_px raw/draft/payload/text parity (0.392528ms)
✔ shared pixel corpus 42: linear height raw/draft/payload/text parity (0.657623ms)
✔ shared pixel corpus 42: linear spacing raw/draft/payload/text parity (0.487983ms)
✔ shared pixel corpus 42: circular inner_gap_px raw/draft/payload/text parity (0.392652ms)
✔ shared pixel corpus 42: circular outer_gap_px raw/draft/payload/text parity (0.423912ms)
✔ shared pixel corpus 43: linear height raw/draft/payload/text parity (0.453713ms)
✔ shared pixel corpus 43: linear spacing raw/draft/payload/text parity (0.448826ms)
✔ shared pixel corpus 43: circular inner_gap_px raw/draft/payload/text parity (1.805569ms)
✔ shared pixel corpus 43: circular outer_gap_px raw/draft/payload/text parity (0.522951ms)
✔ shared pixel corpus 44: linear height raw/draft/payload/text parity (0.419355ms)
✔ shared pixel corpus 44: linear spacing raw/draft/payload/text parity (0.334299ms)
✔ shared pixel corpus 44: circular inner_gap_px raw/draft/payload/text parity (0.292309ms)
✔ shared pixel corpus 44: circular outer_gap_px raw/draft/payload/text parity (0.279254ms)
✔ shared pixel corpus 45: linear height raw/draft/payload/text parity (0.310865ms)
✔ shared pixel corpus 45: linear spacing raw/draft/payload/text parity (0.282761ms)
✔ shared pixel corpus 45: circular inner_gap_px raw/draft/payload/text parity (0.276703ms)
✔ shared pixel corpus 45: circular outer_gap_px raw/draft/payload/text parity (0.52728ms)
✔ shared pixel corpus 46: linear height raw/draft/payload/text parity (0.409354ms)
✔ shared pixel corpus 46: linear spacing raw/draft/payload/text parity (0.245958ms)
✔ shared pixel corpus 46: circular inner_gap_px raw/draft/payload/text parity (0.245947ms)
✔ shared pixel corpus 46: circular outer_gap_px raw/draft/payload/text parity (0.231838ms)
✔ shared pixel corpus 47: linear height raw/draft/payload/text parity (0.348241ms)
✔ shared pixel corpus 47: linear spacing raw/draft/payload/text parity (0.522097ms)
✔ shared pixel corpus 47: circular inner_gap_px raw/draft/payload/text parity (0.333003ms)
✔ shared pixel corpus 47: circular outer_gap_px raw/draft/payload/text parity (0.261123ms)
✔ shared pixel corpus 48: linear height raw/draft/payload/text parity (0.258085ms)
✔ shared pixel corpus 48: linear spacing raw/draft/payload/text parity (0.246956ms)
✔ shared pixel corpus 48: circular inner_gap_px raw/draft/payload/text parity (0.27208ms)
✔ shared pixel corpus 48: circular outer_gap_px raw/draft/payload/text parity (0.27061ms)
✔ shared pixel corpus 49: linear height raw/draft/payload/text parity (0.242271ms)
✔ shared pixel corpus 49: linear spacing raw/draft/payload/text parity (0.228202ms)
✔ shared pixel corpus 49: circular inner_gap_px raw/draft/payload/text parity (0.235812ms)
✔ shared pixel corpus 49: circular outer_gap_px raw/draft/payload/text parity (0.227193ms)
✔ shared pixel corpus 50: linear height raw/draft/payload/text parity (0.223849ms)
✔ shared pixel corpus 50: linear spacing raw/draft/payload/text parity (0.245551ms)
✔ shared pixel corpus 50: circular inner_gap_px raw/draft/payload/text parity (0.338504ms)
✔ shared pixel corpus 50: circular outer_gap_px raw/draft/payload/text parity (0.454761ms)
✔ shared pixel corpus 51: linear height raw/draft/payload/text parity (0.40903ms)
✔ shared pixel corpus 51: linear spacing raw/draft/payload/text parity (0.265679ms)
✔ shared pixel corpus 51: circular inner_gap_px raw/draft/payload/text parity (0.310393ms)
✔ shared pixel corpus 51: circular outer_gap_px raw/draft/payload/text parity (0.403947ms)
✔ shared pixel corpus 52: linear height raw/draft/payload/text parity (0.294308ms)
✔ shared pixel corpus 52: linear spacing raw/draft/payload/text parity (0.221693ms)
✔ shared pixel corpus 52: circular inner_gap_px raw/draft/payload/text parity (1.075948ms)
✔ shared pixel corpus 52: circular outer_gap_px raw/draft/payload/text parity (0.252469ms)
✔ shared pixel corpus 53: linear height raw/draft/payload/text parity (0.241223ms)
✔ shared pixel corpus 53: linear spacing raw/draft/payload/text parity (0.22749ms)
✔ shared pixel corpus 53: circular inner_gap_px raw/draft/payload/text parity (0.225547ms)
✔ shared pixel corpus 53: circular outer_gap_px raw/draft/payload/text parity (0.321132ms)
✔ shared pixel corpus 54: linear height raw/draft/payload/text parity (0.739085ms)
✔ shared pixel corpus 54: linear spacing raw/draft/payload/text parity (0.286566ms)
✔ shared pixel corpus 54: circular inner_gap_px raw/draft/payload/text parity (0.260487ms)
✔ shared pixel corpus 54: circular outer_gap_px raw/draft/payload/text parity (0.220873ms)
✔ omitted pixel fields remain auto and disabled valid drafts retain geometry (0.813576ms)
✔ invalid depth height remains editable without overwriting its last valid config (0.660049ms)
✔ same-repository dev to main pull requests are promotions (3.424663ms)
✔ fork dev to main pull requests are invalid promotions (0.650599ms)
✔ same-repository feature to main pull requests are invalid promotions (5.771487ms)
✔ same-repository dev to release pull requests are ordinary changes (0.679887ms)
✔ checker SHAs must match the pull request payload (0.738258ms)
✔ missing or malformed pull request payloads fail closed (0.54187ms)
✔ an arbitrary promotion variable cannot select promotion context (0.375711ms)
zip utility tests passed
✔ tests/web/zip.test.mjs (281.524151ms)
ℹ tests 851
ℹ suites 0
ℹ pass 851
ℹ fail 0
ℹ cancelled 0
ℹ skipped 0
ℹ todo 0
ℹ duration_ms 34905.498188
