probe: merge-300
  merge-300/cluster
  merge-300/cluster_merge
probe: merge-600
  merge-600/cluster
  merge-600/cluster_merge
probe: merge-1200
  merge-1200/cluster
  merge-1200/cluster_merge
probe: merge-edges
  merge-edges/max_conflicts_0
  merge-edges/max_conflicts_1
  merge-edges/reverse
  merge-edges/max_conflicts_0_merge
  merge-edges/max_conflicts_1_merge
  merge-edges/reverse_merge
probe: gallery-collinear
  gallery-collinear/post_search
  gallery-collinear/post_search_merge
probe: gallery-collinear-off
  gallery-collinear-off/post_search
  gallery-collinear-off/post_search_merge
