merge-300 cluster 44.9422 1.2542 -97.21 pass
merge-600 cluster 174.2466 3.0488 -98.25 pass
merge-1200 cluster 706.9925 5.9809 -99.15 pass
merge-edges max_conflicts_0 0.1208 0.116 -3.99 inconclusive
merge-edges max_conflicts_1 0.1149 0.1274 10.92 inconclusive
merge-edges reverse 0.139 0.1278 -8.08 inconclusive
merge-300 cluster_merge 42.8203 0.4596 -98.93 pass
merge-600 cluster_merge 173.5369 0.9077 -99.48 pass
merge-1200 cluster_merge 712.0288 1.9043 -99.73 pass
merge-edges max_conflicts_0_merge 0.0644 0.062 -3.61 inconclusive
merge-edges max_conflicts_1_merge 0.0849 0.0657 -22.65 inconclusive
merge-edges reverse_merge 0.0303 0.0305 0.73 inconclusive
gallery-collinear post_search_merge 1.9214 1.2895 -32.89 pass
gallery-collinear-off post_search_merge 2.014 1.3965 -30.66 pass
gallery-collinear post_search 515.7204 507.203 -1.65 pass
gallery-collinear-off post_search 115.835 114.9576 -0.76 pass
gallery-collinear-vibrio post_search 3434.1574 3044.6082 -11.34 pass
gallery-collinear-vibrio post_search_merge 4.7483 4.0014 -15.73 pass
gallery-collinear-vibrio-off post_search 457.2466 458.6734 0.31 pass
gallery-collinear-vibrio-off post_search_merge 3.2597 3.0073 -7.74 pass
