✔ the main application import graph excludes Worker-only modules (1.564702ms)
✔ Worker construction and the diagram-generation client have explicit owners (6.041404ms)
✔ Pyodide initialization and helper execution are Worker-only (11.427936ms)
✔ export payloads stay outside the eager application graph (0.79177ms)
✔ production rendering crosses the canonical request and Worker boundary (1.714483ms)
✔ the embedded Python render bridge has no alternate production caller (4.283346ms)
✔ History intent and SVG admission have one production ownership path (135.082642ms)
✔ right drawer availability and transitions have one production owner (4.387915ms)
✔ privileged capability owners and importers stay within their allowlists (185.379471ms)
✔ shared privileged detectors preserve the characterized current-source facts (175.652416ms)
✔ metadata validation callers cannot acquire identity or namespace access (3.193158ms)
✔ legend replacement characterization permits contraction but rejects growth or lost ownership (0.354989ms)
✔ versioned architecture detectors expose stable normalized subjects (0.621131ms)
✔ current Result admission detectors characterize the merged runtime source facts (243.117097ms)
✔ declared architecture rules actively govern the current source tree (794.980373ms)
✔ four-rule authority activation validates and passes on the current source tree (806.981461ms)
✔ pure architecture evaluation owns no I/O, source detection, or authority data (0.388098ms)
✔ pure Product Impact mechanics own no I/O, Git, environment, reporting, or CLI (0.584573ms)
✔ Product Impact authority bootstrap accepts zero or two inert JSON files (2.484826ms)
✔ registered architecture authority and executable matching have separate owners (0.252571ms)
✔ the Web checker remains the sole evaluator orchestrator and CLI entry point (0.585066ms)
✔ report-only source facts preserve the characterized masking behavior (0.875815ms)
✔ workflow triggers separate dev admission, dev staging, promotion, and deployment (0.405919ms)
✔ PR-to-dev jobs and aggregate use the trusted selective plan (1.377867ms)
✔ PR smoke selection is explicit while the full functional inventory stays wide (0.180856ms)
✔ exact dev staging routes every job through the protected-branch plan (0.452166ms)
✔ Gallery readiness routes jobs from direct-parent evidence and aggregates the current SHA (0.308918ms)
✔ trusted promotion uses base code for topology, exact-SHA evidence, and tree proof (0.378766ms)
✔ steady-state topology removes legacy main producers without changing final owners (0.321298ms)
✔ the PR template retains architecture evidence anchors (0.061988ms)
✔ the PR template contains one optional bounded Product Impact decision block (0.052891ms)
✔ the PR template requires exact changed-scope architecture debt arithmetic (0.064081ms)
✔ normal CI uses only dev as the staging push branch (0.026781ms)
✔ dev staging Web checks scope only the newly integrated change (0.152523ms)
✔ supported-version and slow matrices are mandatory in explicit release acceptance (0.149545ms)
✔ synthetic architecture fixtures grow through evidence dependencies, not alternate authority (0.730824ms)
✔ otherwise unmodified synthetic repositories pass current inherited authority (275.352305ms)
✔ active base rules accept one canonical entry edge (152.119748ms)
✔ an extra registered authority location fails and remains visible in the delta (142.607396ms)
✔ an unpreauthorized registered authority move fails (142.961398ms)
✔ a first-party static self-import fails as a one-node cycle (138.551631ms)
✔ an unresolved first-party static import fails closed (138.748665ms)
✔ two-node and three-node first-party static cycles fail (274.78451ms)
✔ an acyclic graph resolves extensionless modules and directory indexes (134.320648ms)
✔ multiple cycles report stable sorted nodes and internal edges (135.384355ms)
✔ compatibility-like names report and a private helper adds no authority (131.653132ms)
✔ active hard rule fails when the canonical entry edge is absent (129.55905ms)
✔ active hard rule rejects an unapproved canonical entry edge (139.171483ms)
✔ two simultaneously active preauthorized edges fail in stable subject order (137.106641ms)
✔ an inactive preauthorized edge does not fail (134.033681ms)
✔ a preauthorized one-for-one canonical path move passes and requires review (137.96604ms)
✔ trusted Product Impact stays absent for unchanged source and non-authoritative pull requests (467.204508ms)
✔ trusted Product Impact reports a mapped provider substitution as one conforming concern (156.658702ms)
✔ two changed architecture rules still produce one trusted Product Impact concern packet (154.934374ms)
✔ report-only Product Impact regression requires review without changing a passing Gate (139.43265ms)
✔ Decision Pack routing is outcome-oriented and accepts only an eligible exact-head decision (286.397062ms)
✔ stale and non-maintainer Product Impact decisions remain unresolved and routed (273.270143ms)
✔ invalid current Product Impact authority fails closed without exposing body content (133.294505ms)
✔ conflicting static and current Product Impact authority is report-only but explicit (148.741155ms)
✔ candidate Product Impact authority is validation-only and cannot authorize candidate runtime (133.102774ms)
✔ malformed candidate Product Impact authority fails closed (130.854042ms)
✔ mapped contract changes are surfaced while unrelated tests add no Product Impact burden (271.105645ms)
✔ Product Impact stdout and GitHub summary use the same deterministic report (140.014046ms)
✔ hard Product Impact fixtures block every blocking observation (531.230022ms)
✔ report-only rules report absence without consulting an accepted store or failing (137.598939ms)
✔ hard rules do not consult an accepted-violation store (131.059075ms)
✔ trusted checker rejects malformed proposed rule JSON as inert data (132.707447ms)
✔ a proposed detector that throws is never loaded or executed (132.923293ms)
✔ trusted fixture execution imports detector and evaluator modules from its base revision (130.316035ms)
✔ proposed detector ID and implementation cannot alter trusted source observation (140.382221ms)
✔ cross-validated inert architecture and Product Impact preauthorization passes and requires review (132.470389ms)
✔ mutually conforming proposed rules and source cannot replace base authority (135.65859ms)
✔ fixed profiles classify exact and excess production-file review thresholds (551.432582ms)
✔ fixed profiles classify exact and excess gross-churn review thresholds (620.59896ms)
✔ fixed profiles classify exact and excess net-addition review thresholds (598.182406ms)
✔ the architecture label selects a larger advisory profile without waiving blockers (288.503991ms)
✔ net-zero rewrites above gross thresholds require review in both profiles (299.380741ms)
✔ new module, export, create, reactive, and watcher signals are report-only (302.296397ms)
✔ registered performance, reference-output, and session paths require review (426.159211ms)
✔ review reasons are deduplicated and deterministically sorted (138.638786ms)
✔ report-only inventory contractions display removals without failing (159.993563ms)
✔ the GitHub step summary leads with independent Gate and Review results (279.918055ms)
✔ review reasons and blocking violations produce the four independent decision states (1062.410523ms)
✔ GitHub Actions emits one bounded warning only when Review is required (540.497085ms)
✔ dependency, vendor, binary, and runtime/guard rules are non-waivable (1590.075003ms)
✔ malformed authority and unsupported accepted-violation authority fail canonically (222.24304ms)
✔ a trusted workflow cannot check out candidate head code (128.703883ms)
✔ reserved future guard paths need not exist before their rollout (128.507383ms)
✔ every Product Impact policy, checker, authority, parser, and fixture path is guarded (1897.335218ms)
✔ Product Impact checker implementation is separate from Product Impact authority (2158.664552ms)
✔ the Product Contract authority path is exact and isolated (398.170031ms)
✔ the narrow inert authority bundle contains only architecture rules, map, and decisions (413.194757ms)
✔ runtime cannot co-change with any protected architecture guard path (1234.409291ms)
✔ checker implementation and authority files cannot change together (28647.721996ms)
✔ all checker implementations are separated from reserved future authority (12990.424802ms)
✔ promotion helper stays checker-only while evidence workflows stay authority-only (930.851018ms)
✔ evaluator fixtures stay implementation-only while active rule authority stays isolated (738.843116ms)
✔ the reserved PR template is guard-only (523.653275ms)
✔ an unregistered path acquires no guard or authority classification (631.583883ms)
✔ the Web change-budget checker allows an owner-internal edit (258.328536ms)
✔ privileged ownership and import contractions do not require a policy edit (427.450761ms)
✔ runtime removal may contract its now-inactive owner authorization in one revision (234.024501ms)
✔ runtime removal may contract exactly its inactive owner and importer authorizations (521.14433ms)
✔ safe contraction passes but requires review at exact size thresholds (569.479036ms)
✔ runtime and policy cannot self-authorize a new privileged owner (802.718688ms)
✔ runtime and policy cannot self-authorize a new privileged importer (750.016096ms)
✔ runtime contraction cannot mix removal with a new authorization (540.092708ms)
✔ runtime contraction cannot remove an authorization still active at head (713.257375ms)
✔ runtime contraction cannot delete a capability key (716.173256ms)
✔ runtime contraction cannot delete a privileged import-target key (379.037637ms)
✔ runtime contraction cannot add privileged policy keys (866.886459ms)
✔ runtime plus a semantically unchanged policy remains separated (553.518426ms)
✔ runtime plus policy contraction rejects every additional guard change (4718.328243ms)
✔ safe contraction requires review above the selected production-file threshold (448.211711ms)
✔ safe contraction does not waive dependency, vendor, or binary integrity (1329.825677ms)
✔ unapproved privileged expansion fails against the base allowlist (387.961724ms)
✔ an unused privileged owner allowlist entry can contract (170.289728ms)
✔ an active privileged owner allowlist entry cannot contract (391.241976ms)
✔ an active privileged importer allowlist entry cannot contract (303.760003ms)
✔ a policy change cannot self-authorize privileged runtime expansion (388.034436ms)
✔ base privileged allowlist keys cannot disappear (289.49625ms)
✔ privileged expansion requires policy preauthorization on the base revision (359.565236ms)
✔ comments, strings, and local session object keys are not hard failures (140.807744ms)
✔ index.html growth counts toward the net-addition review threshold (138.304837ms)
✔ base-policy execution ignores a PR-modified checker and detects its runtime co-change (264.927825ms)
✔ trusted-base execution rejects self-authorization despite a successful head checker (183.509407ms)
✔ trusted-base execution rejects runtime plus a candidate Product Contract and checker (207.949439ms)
✔ promotion omits runtime and guard inventories without weakening ordinary PRs (283.350031ms)
✔ promotion omits checker and authority aggregation without authorizing ordinary PRs (194.962161ms)
✔ promotion omits ordinary size profiling while ordinary review remains required (293.254888ms)
✔ promotion relies on exact staging instead of rerunning ordinary import-cycle checks (190.806698ms)
✔ promotion relies on exact staging instead of rerunning ordinary privileged checks (181.302908ms)
✔ promotion relies on exact staging instead of parsing ordinary architecture authority (261.606758ms)
✔ arbitrary-head and fork pull requests to main fail the bounded promotion gate (99.441721ms)
✔ malformed pull-request metadata fails before ordinary inventory evaluation (66.124159ms)
✔ promotion accepts a content-neutral main merge commit without a sync PR (107.218771ms)
✔ promotion rejects a main merge commit with main-only tree content (146.20381ms)
✔ promotion fails when dev does not contain current main content (154.460959ms)
✔ pull request SHA mismatches are blocking metadata errors (72.776294ms)
ℹ tests 139
ℹ suites 0
ℹ pass 139
ℹ fail 0
ℹ cancelled 0
ℹ skipped 0
ℹ todo 0
ℹ duration_ms 86127.053869
