✔ NUL name-status parsing preserves newlines and rename endpoints (2.107888ms)
✔ PR planning uses a three-dot diff and direct base evidence (1.339444ms)
✔ Product Contract documentation PR selects only Web policy validation (0.290966ms)
✔ dev and Gallery planning use a two-commit diff and direct parent evidence (0.507188ms)
✔ dev metadata and documentation changes select only changed surfaces (0.507104ms)
✔ Gallery metadata and documentation changes skip browser and performance (0.394405ms)
✔ Gallery-impacting surfaces select the full Gallery profile without evidence lookup (0.836961ms)
✔ dev control-plane changes run the full profile without inherited evidence (0.251408ms)
✔ dev direct-parent staging failures force the current run to full (0.562574ms)
✔ documentation-only PRs stay selective without querying any base staging state (1.092055ms)
✔ documentation-only dev pushes fail closed without a successful direct parent (0.431432ms)
✔ documentation-only Gallery pushes fail closed without browser or performance jobs (0.229976ms)
✔ a successful exact parent aggregate can extend a selective Gallery evidence chain (0.15512ms)
✔ a zero push before SHA fails closed without querying inherited evidence (0.174642ms)
✔ evidence verifier failures fall back to the full profile (0.17714ms)
✔ full changes never query inherited evidence (0.089426ms)
✔ invalid and empty diffs fail closed without querying evidence (0.187073ms)
✔ manual runs and architecture-change labels force full execution (0.249421ms)
✔ plan command writes one compact output line and escapes summary paths (0.497597ms)
✔ dev plan summary reports active protected-branch routing (0.227161ms)
✔ Gallery plan summary reports active protected-branch routing (0.233452ms)
✔ unexpected failures are not converted to full plans and redact tokens (0.189762ms)
✔ CLI rejects unknown arguments and invalid profile/event contracts (0.34554ms)
✔ workflow keeps trusted PR routing and activates protected dev routing (1.191618ms)
✔ web PR route inherits only exact base evidence and falls back to full on API failure (0.271908ms)
✔ release dispatch is exhaustive and cannot be inferred from a routine push (0.117842ms)
✔ release workflow binds exhaustive matrices and package/browser contracts to its gate (0.562904ms)
✔ gate accepts metadata, documentation, and full PR routes (2.148987ms)
✔ gate accepts metadata, documentation, and full dev staging routes (1.484477ms)
✔ Gallery gate accepts both light routes and requires both full jobs (1.374005ms)
✔ Gallery gate rejects the wrong profile, workflow SHA, and schema (0.44531ms)
✔ dev gate treats each matrix aggregate as one required job result (0.479984ms)
✔ dev gate rejects the wrong current SHA and malformed inherited evidence (0.196994ms)
✔ gate rejects required skipped, failure, and cancellation (0.190328ms)
✔ gate rejects planner failures and unrequired failures (0.21462ms)
✔ gate rejects missing expected jobs (0.157699ms)
✔ unknown jobs may succeed or skip but may not fail (0.250344ms)
✔ trusted gate rejects wrong profile, workflow SHA, and helper schema (0.168665ms)
✔ gate CLI rejects malformed plan and needs JSON (0.523077ms)
✔ gate CLI rejects a missing plan (0.160683ms)
✔ gate CLI emits a passing summary for a valid payload (0.423614ms)
✔ release aggregate rejects any skipped or failed exhaustive matrix (0.929376ms)
✔ documentation-only PR gate requires selected checks without claiming inherited staging (0.511609ms)
✔ metadata allowlist is deliberately narrow (1.290855ms)
✔ root Markdown and docs tree are documentation (0.181965ms)
✔ subsystem paths classify without making unknown production paths selective (0.211642ms)
✔ only exact normative policy documents receive the policy-documentation route (0.111659ms)
✔ mixed changes preserve the capability union (0.624642ms)
✔ rename, copy, and delete classify every relevant path (0.217202ms)
✔ empty, invalid, and unknown Git changes fail closed (0.18484ms)
✔ profile job registries are exact and centralized (0.341838ms)
✔ impact plans are strict, policy-derived, and immutable (0.733393ms)
✔ representative PR routes require the changed subsystem and cross-layer smoke (0.271039ms)
✔ mixed capabilities and both rename endpoints contribute independent required jobs (0.249796ms)
✔ documentation-only edits, copies, renames, and deletes use only documentation jobs (0.794802ms)
✔ control-plane, dependency, unknown and test-only changes cannot select partial coverage (0.261206ms)
✔ release retains every dev functional job plus supported-version and slow acceptance (0.150762ms)
✔ capability tampering cannot drop an independent contribution (0.247921ms)
✔ ordinary Web changes stay selective when accompanied by their regression tests (0.346376ms)
✔ documentation-only PR basis requires exact documentary scope and no inherited evidence (0.432758ms)
✔ expanded PR smoke has 8–19 cases and each remains in full functional acceptance (1720.753087ms)
✔ comparison browser contracts run in the required PR contract job and full acceptance (1942.943134ms)
✔ publishing starts only when a GitHub Release is published and uses immutable actions (0.94549ms)
✔ build checks exact source before one standard build and package verification (0.415676ms)
✔ credential job only downloads the same verified artifact and publishes with OIDC (0.183548ms)
ℹ tests 65
ℹ suites 0
ℹ pass 65
ℹ fail 0
ℹ cancelled 0
ℹ skipped 0
ℹ todo 0
ℹ duration_ms 3709.327349
