✖ Worker construction and the diagram-generation client have explicit owners (4.535861ms)
✖ shared privileged detectors preserve the characterized current-source facts (200.032501ms)
ℹ tests 2
ℹ suites 0
ℹ pass 0
ℹ fail 2
ℹ cancelled 0
ℹ skipped 0
ℹ todo 0
ℹ duration_ms 542.375157

✖ failing tests:

test at tests/web/architecture-contracts.test.mjs:277:1
✖ Worker construction and the diagram-generation client have explicit owners (4.535861ms)
  AssertionError [ERR_ASSERTION]: Expected values to be strictly deep-equal:
  + actual - expected

    Map(4) {
      'services/diagram-generation.js' => 1,
      'services/losat.js' => 2,
  +   'services/session-import-client.js' => 2,
  -   'services/session-import-client.js' => 1,
      'workers/losat-threaded-worker.js' => 2
    }

      at TestContext.<anonymous> (file:///tmp/issue597-integrated-guard-negative-sfmlga_g/tests/web/architecture-contracts.test.mjs:278:10)
      at Test.runInAsyncScope (node:async_hooks:226:14)
      at Test.run (node:internal/test_runner/test:1402:25)
      at Test.start (node:internal/test_runner/test:1262:17)
      at startSubtestAfterBootstrap (node:internal/test_runner/harness:387:17) {
    generatedMessage: true,
    code: 'ERR_ASSERTION',
    actual: Map(4) { 'services/diagram-generation.js' => 1, 'services/losat.js' => 2, 'services/session-import-client.js' => 2, 'workers/losat-threaded-worker.js' => 2 },
    expected: Map(4) { 'services/diagram-generation.js' => 1, 'services/losat.js' => 2, 'services/session-import-client.js' => 1, 'workers/losat-threaded-worker.js' => 2 },
    operator: 'deepStrictEqual',
    diff: 'simple'
  }

test at tests/web/architecture-contracts.test.mjs:516:1
✖ shared privileged detectors preserve the characterized current-source facts (200.032501ms)
  AssertionError [ERR_ASSERTION]: Expected values to be strictly deep-equal:
  + actual - expected
  ... Skipped lines

    {
      'Canonical editor state': [
        {
          count: 8,
          path: 'app/app-setup.js'
  ...
        {
  +       count: 2,
  -       count: 1,
          path: 'services/session-import-client.js'
        },
        {
          count: 1,
          path: 'workers/diagram-generation-worker.js'

      at TestContext.<anonymous> (file:///tmp/issue597-integrated-guard-negative-sfmlga_g/tests/web/architecture-contracts.test.mjs:558:10)
      at Test.runInAsyncScope (node:async_hooks:226:14)
      at Test.run (node:internal/test_runner/test:1402:25)
      at Test.processPendingSubtests (node:internal/test_runner/test:974:18)
      at Test.postRun (node:internal/test_runner/test:1542:19)
      at node:internal/test_runner/test:1305:31
      at node:internal/process/task_queues:151:7
      at AsyncResource.runInAsyncScope (node:async_hooks:226:14)
      at AsyncResource.runMicrotask (node:internal/process/task_queues:148:8) {
    generatedMessage: true,
    code: 'ERR_ASSERTION',
    actual: {
      'Canonical editor state': [ [Object], [Object], [Object], [Object], [Object] ],
      'Diagram Worker': [ [Object], [Object], [Object], [Object], [Object], [Object] ],
      History: [ [Object], [Object], [Object] ],
      'Mounted SVG/Result replacement': [
        [Object], [Object], [Object],
        [Object], [Object], [Object],
        [Object], [Object], [Object],
        [Object], [Object], [Object],
        [Object], [Object], [Object],
        [Object], [Object], [Object]
      ],
      'Python helper': [ [Object], [Object] ],
      'Render request': [ [Object], [Object], [Object] ],
      'Resource staging': [ [Object], [Object], [Object], [Object], [Object], [Object] ],
      'SVG/Result admission': [ [Object], [Object] ],
      Session: [ [Object], [Object], [Object], [Object] ]
    },
    expected: {
      'Canonical editor state': [ [Object], [Object], [Object], [Object], [Object] ],
      'Diagram Worker': [ [Object], [Object], [Object], [Object], [Object], [Object] ],
      History: [ [Object], [Object], [Object] ],
      'Mounted SVG/Result replacement': [
        [Object], [Object], [Object],
        [Object], [Object], [Object],
        [Object], [Object], [Object],
        [Object], [Object], [Object],
        [Object], [Object], [Object],
        [Object], [Object], [Object]
      ],
      'Python helper': [ [Object], [Object] ],
      'Render request': [ [Object], [Object], [Object] ],
      'Resource staging': [ [Object], [Object], [Object], [Object], [Object], [Object] ],
      'SVG/Result admission': [ [Object], [Object] ],
      Session: [ [Object], [Object], [Object], [Object] ]
    },
    operator: 'deepStrictEqual',
    diff: 'simple'
  }
