✔ the main application import graph excludes Worker-only modules (3.133382ms)
✔ Worker construction and the diagram-generation client have explicit owners (10.11363ms)
✔ Pyodide initialization and helper execution are Worker-only (12.668445ms)
✔ export payloads stay outside the eager application graph (0.960176ms)
✔ production rendering crosses the canonical request and Worker boundary (1.958372ms)
✔ the embedded Python render bridge has no alternate production caller (5.016746ms)
✔ History intent and SVG admission have one production ownership path (6.037976ms)
✔ right drawer availability and transitions have one production owner (5.425795ms)
✔ privileged capability owners and importers stay within their allowlists (205.357692ms)
✔ shared privileged detectors preserve the characterized current-source facts (210.407777ms)
✔ versioned architecture detectors expose stable normalized subjects (0.803334ms)
✔ current Result admission detectors characterize the merged runtime source facts (258.927379ms)
✔ declared architecture rules actively govern the current source tree (907.474817ms)
✔ four-rule authority activation validates and passes on the current source tree (878.017084ms)
✔ pure architecture evaluation owns no I/O, source detection, or authority data (0.492686ms)
✔ pure Product Impact mechanics own no I/O, Git, environment, reporting, or CLI (0.615382ms)
✔ Product Impact authority bootstrap accepts zero or two inert JSON files (3.117681ms)
✔ registered architecture authority and executable matching have separate owners (0.320308ms)
✔ the Web checker remains the sole evaluator orchestrator and CLI entry point (0.869238ms)
✔ report-only source facts preserve the characterized masking behavior (1.425406ms)
✔ workflow triggers separate dev admission, dev staging, promotion, and deployment (0.642922ms)
✔ PR-to-dev jobs and aggregate use the trusted selective plan (1.229931ms)
✔ PR smoke selection is explicit while the full functional inventory stays wide (0.146454ms)
✔ exact dev staging routes every job through the protected-branch plan (0.517833ms)
✔ Gallery readiness routes jobs from direct-parent evidence and aggregates the current SHA (0.342141ms)
✔ trusted promotion uses base code for topology, exact-SHA evidence, and tree proof (0.486327ms)
✔ steady-state topology removes legacy main producers without changing final owners (0.524073ms)
✔ the PR template retains architecture evidence anchors (0.080334ms)
✔ the PR template contains one optional bounded Product Impact decision block (0.067868ms)
✔ the PR template requires exact changed-scope architecture debt arithmetic (0.102098ms)
✔ normal CI uses only dev as the staging push branch (0.038618ms)
✔ dev staging Web checks scope only the newly integrated change (0.184137ms)
✔ supported-version and slow matrices are mandatory in explicit release acceptance (0.305847ms)
✔ synthetic architecture fixtures grow through evidence dependencies, not alternate authority (0.790758ms)
✔ otherwise unmodified synthetic repositories pass current inherited authority (286.647815ms)
✔ active base rules accept one canonical entry edge (145.012229ms)
✔ an extra registered authority location fails and remains visible in the delta (139.835157ms)
✔ an unpreauthorized registered authority move fails (133.500798ms)
✔ a first-party static self-import fails as a one-node cycle (128.401372ms)
✔ an unresolved first-party static import fails closed (126.761686ms)
✔ two-node and three-node first-party static cycles fail (263.406611ms)
✔ an acyclic graph resolves extensionless modules and directory indexes (134.608676ms)
✔ multiple cycles report stable sorted nodes and internal edges (138.290818ms)
✔ compatibility-like names report and a private helper adds no authority (129.187698ms)
✔ active hard rule fails when the canonical entry edge is absent (128.908559ms)
✔ active hard rule rejects an unapproved canonical entry edge (131.572403ms)
✔ two simultaneously active preauthorized edges fail in stable subject order (129.398714ms)
✔ an inactive preauthorized edge does not fail (126.613416ms)
✔ a preauthorized one-for-one canonical path move passes and requires review (131.891323ms)
✔ trusted Product Impact stays absent for unchanged source and non-authoritative pull requests (397.696643ms)
✔ trusted Product Impact reports a mapped provider substitution as one conforming concern (126.599363ms)
✔ two changed architecture rules still produce one trusted Product Impact concern packet (133.667026ms)
✔ report-only Product Impact regression requires review without changing a passing Gate (133.452074ms)
✔ Decision Pack routing is outcome-oriented and accepts only an eligible exact-head decision (282.834842ms)
✔ stale and non-maintainer Product Impact decisions remain unresolved and routed (284.8802ms)
✔ invalid current Product Impact authority fails closed without exposing body content (146.90604ms)
✔ conflicting static and current Product Impact authority is report-only but explicit (135.622573ms)
✔ candidate Product Impact authority is validation-only and cannot authorize candidate runtime (132.39386ms)
✔ malformed candidate Product Impact authority fails closed (123.960125ms)
✔ mapped contract changes are surfaced while unrelated tests add no Product Impact burden (248.105038ms)
✔ Product Impact stdout and GitHub summary use the same deterministic report (142.601486ms)
✔ hard Product Impact fixtures block every blocking observation (544.128197ms)
✔ report-only rules report absence without consulting an accepted store or failing (136.547806ms)
✔ hard rules do not consult an accepted-violation store (124.110647ms)
✔ trusted checker rejects malformed proposed rule JSON as inert data (122.986938ms)
✔ a proposed detector that throws is never loaded or executed (125.225841ms)
✔ trusted fixture execution imports detector and evaluator modules from its base revision (122.67266ms)
✔ proposed detector ID and implementation cannot alter trusted source observation (125.856578ms)
✔ cross-validated inert architecture and Product Impact preauthorization passes and requires review (128.288177ms)
✔ mutually conforming proposed rules and source cannot replace base authority (128.886107ms)
✔ fixed profiles classify exact and excess production-file review thresholds (557.462679ms)
✔ fixed profiles classify exact and excess gross-churn review thresholds (638.521998ms)
✔ fixed profiles classify exact and excess net-addition review thresholds (615.356511ms)
✔ the architecture label selects a larger advisory profile without waiving blockers (268.143486ms)
✔ net-zero rewrites above gross thresholds require review in both profiles (260.906718ms)
✔ new module, export, create, reactive, and watcher signals are report-only (267.730366ms)
✔ registered performance, reference-output, and session paths require review (384.903036ms)
✔ review reasons are deduplicated and deterministically sorted (131.58327ms)
✔ report-only inventory contractions display removals without failing (132.589092ms)
✔ the GitHub step summary leads with independent Gate and Review results (259.883993ms)
✔ review reasons and blocking violations produce the four independent decision states (1049.148003ms)
✔ GitHub Actions emits one bounded warning only when Review is required (579.687477ms)
✔ dependency, vendor, binary, and runtime/guard rules are non-waivable (1588.84525ms)
✔ malformed authority and unsupported accepted-violation authority fail canonically (231.135022ms)
✔ a trusted workflow cannot check out candidate head code (132.781235ms)
✔ reserved future guard paths need not exist before their rollout (128.43188ms)
✔ every Product Impact policy, checker, authority, parser, and fixture path is guarded (2036.474441ms)
✔ Product Impact checker implementation is separate from Product Impact authority (2106.91691ms)
✔ the Product Contract authority path is exact and isolated (383.776181ms)
✔ the narrow inert authority bundle contains only architecture rules, map, and decisions (419.086995ms)
✔ runtime cannot co-change with any protected architecture guard path (1099.753133ms)
✔ checker implementation and authority files cannot change together (28686.742907ms)
✔ all checker implementations are separated from reserved future authority (6689.278558ms)
✔ promotion helper stays checker-only while evidence workflows stay authority-only (397.143382ms)
✔ evaluator fixtures stay implementation-only while active rule authority stays isolated (302.559024ms)
✔ the reserved PR template is guard-only (293.55275ms)
✔ an unregistered path acquires no guard or authority classification (285.555628ms)
✔ the Web change-budget checker allows an owner-internal edit (139.270952ms)
✔ privileged ownership and import contractions do not require a policy edit (137.350237ms)
✔ runtime removal may contract its now-inactive owner authorization in one revision (159.557755ms)
✔ runtime removal may contract exactly its inactive owner and importer authorizations (167.111045ms)
✔ safe contraction passes but requires review at exact size thresholds (309.296331ms)
✔ runtime and policy cannot self-authorize a new privileged owner (245.947662ms)
✔ runtime and policy cannot self-authorize a new privileged importer (281.387958ms)
✔ runtime contraction cannot mix removal with a new authorization (262.481003ms)
✔ runtime contraction cannot remove an authorization still active at head (245.519265ms)
✔ runtime contraction cannot delete a capability key (250.717201ms)
✔ runtime contraction cannot delete a privileged import-target key (255.025816ms)
✔ runtime contraction cannot add privileged policy keys (526.97047ms)
✔ runtime plus a semantically unchanged policy remains separated (332.367164ms)
✔ runtime plus policy contraction rejects every additional guard change (3606.059158ms)
✔ safe contraction requires review above the selected production-file threshold (343.208557ms)
✔ safe contraction does not waive dependency, vendor, or binary integrity (1160.590697ms)
✔ unapproved privileged expansion fails against the base allowlist (270.762131ms)
✔ an unused privileged owner allowlist entry can contract (167.349117ms)
✔ an active privileged owner allowlist entry cannot contract (296.515757ms)
✔ an active privileged importer allowlist entry cannot contract (287.873939ms)
✔ a policy change cannot self-authorize privileged runtime expansion (288.920309ms)
✔ base privileged allowlist keys cannot disappear (266.045902ms)
✔ privileged expansion requires policy preauthorization on the base revision (247.991962ms)
✔ comments, strings, and local session object keys are not hard failures (145.740249ms)
✔ index.html growth counts toward the net-addition review threshold (129.242951ms)
✔ base-policy execution ignores a PR-modified checker and detects its runtime co-change (147.372493ms)
✔ trusted-base execution rejects self-authorization despite a successful head checker (165.902621ms)
✔ trusted-base execution rejects runtime plus a candidate Product Contract and checker (170.851474ms)
✔ promotion omits runtime and guard inventories without weakening ordinary PRs (189.181983ms)
✔ promotion omits checker and authority aggregation without authorizing ordinary PRs (203.695244ms)
✔ promotion omits ordinary size profiling while ordinary review remains required (188.556744ms)
✔ promotion relies on exact staging instead of rerunning ordinary import-cycle checks (189.964691ms)
✔ promotion relies on exact staging instead of rerunning ordinary privileged checks (201.846782ms)
✔ promotion relies on exact staging instead of parsing ordinary architecture authority (191.338407ms)
✔ arbitrary-head and fork pull requests to main fail the bounded promotion gate (99.065768ms)
✔ malformed pull-request metadata fails before ordinary inventory evaluation (67.314059ms)
✔ promotion accepts a content-neutral main merge commit without a sync PR (112.847301ms)
✔ promotion rejects a main merge commit with main-only tree content (120.781333ms)
✔ promotion fails when dev does not contain current main content (92.26631ms)
✔ pull request SHA mismatches are blocking metadata errors (70.624177ms)
✔ schema-3 catalog validates and expands stable biological identities (6.66922ms)
✔ duplicate-location source indexes survive catalog validation and expansion (1.636568ms)
✔ catalog rejects invalid or conflicting source feature indexes (0.368418ms)
✔ orthogroup members do not select one of multiple rendered references (0.586843ms)
✔ catalog dual-projects collinear groups into semantic and presentation catalogs without changing core scope (6.284426ms)
✔ catalog result topology must match the logical Results exactly (0.265163ms)
✔ catalog rejects empty, duplicate, and normalized-colliding rendered IDs (0.8189ms)
✔ catalog rejects dangling rendered and group references (1.266091ms)
✔ catalog validates ordered plural comparison endpoint references (1.258575ms)
✔ catalog rejects duplicate match, member, and partial presentation metadata (0.742702ms)
✔ catalog rejects invalid sequence-source references (1.877942ms)
✔ inline qualifier differences remain authoritative (0.664176ms)
✔ whole-record source validation is bounded by source count (18.354311ms)
✔ admitted projections do not reread later catalog mutations (4.478287ms)
✔ compound identity isolates duplicate accessions and positional indices (0.248467ms)
✔ schema-3 compact defaults restore stable IDs and record indexes (0.837691ms)
✔ linear catalog state uses global record indexes and matching display labels (1.268144ms)
✔ circular batch catalog state rebases item-local record indexes globally (1.046195ms)
✔ one catalog admission produces identities, indexes, scalar footprint, and zero secondary traversal (2.147579ms)
✔ catalog admission cannot hide bulk post-admission orthogroup enrichment behind a zero metric (0.580094ms)
✔ tests/web/losat-cache.test.mjs (51.86178ms)
✔ Web and Python current Session, request and protein-cache schemas agree (7.00328ms)
✔ Node LOSAT acceptance expects the current writer for every output schema (0.678431ms)
✔ Python LOSAT acceptance expects the current writer for every output schema (0.116822ms)
✔ compact pairwise payloads and hover rows match the accepted semantic baselines (18.080436ms)
✔ lightweight hover summaries match accepted compact payload-derived rows (5.211204ms)
✔ hover cannot touch full payload, Feature, source, member, FASTA, or sequence work (0.912012ms)
✔ one full payload request traverses each input once and builds one FASTA pair per member (3.515819ms)
✔ source contracts keep heavy work out of hover and migrated inner loops (4.387676ms)
✔ exact large-fixture payloads retain canonical digests, structure, and Feature references (118.240091ms)
✔ tests/web/run-analysis-derived-cache.test.mjs (94.492405ms)
ℹ tests 168
ℹ suites 0
ℹ pass 168
ℹ fail 0
ℹ cancelled 0
ℹ skipped 0
ℹ todo 0
ℹ duration_ms 71816.835423
