1280 saved-raw passed
1280 resolved-warm passed
1280 derived-warm passed
1280 color passed
1280 block passed
1280 member passed
1280 filter passed
1280 reverse passed
1280 all-record-evidence passed
1280 record-order passed
Traceback (most recent call last):
  File "/mnt/c/Users/genom/GitHub/gbdraw/.worktrees/collinear-s08-20260916/tests/run_protein_local_browser_acceptance.py", line 609, in <module>
    assert history == {'undone': True, 'redo': True, 'restored': True}
    ^^
  File "/mnt/c/Users/genom/GitHub/gbdraw/.worktrees/collinear-s08-20260916/tests/run_protein_local_browser_acceptance.py", line 58, in main
    return run_integration(args)
  File "/mnt/c/Users/genom/GitHub/gbdraw/.worktrees/collinear-s08-20260916/tests/run_protein_local_browser_acceptance.py", line 423, in run_integration
    run_integration_lifecycle(args, report, context_for, close_context, save)
    ~~~~~~~~~~~~~~~~~~~~~~~~~^^^^^^^^^^^^^^^^^^^^^^^^^^^^^^^^^^^^^^^^^^^^^^^^
  File "/mnt/c/Users/genom/GitHub/gbdraw/.worktrees/collinear-s08-20260916/tests/run_protein_local_browser_acceptance.py", line 532, in run_integration_lifecycle
    ):
  File "/home/kawato/micromamba/lib/python3.13/site-packages/playwright/sync_api/_generated.py", line 12594, in wait_for_function
    self._sync(
    ~~~~~~~~~~^
        self._impl_obj.wait_for_function(
        ^^^^^^^^^^^^^^^^^^^^^^^^^^^^^^^^^
    ...<4 lines>...
        )
        ^
    )
    ^
  File "/home/kawato/micromamba/lib/python3.13/site-packages/playwright/_impl/_sync_base.py", line 115, in _sync
    return task.result()
           ~~~~~~~~~~~^^
  File "/home/kawato/micromamba/lib/python3.13/site-packages/playwright/_impl/_page.py", line 1144, in wait_for_function
    return await self._main_frame.wait_for_function(**locals_to_params(locals()))
           ^^^^^^^^^^^^^^^^^^^^^^^^^^^^^^^^^^^^^^^^^^^^^^^^^^^^^^^^^^^^^^^^^^^^^^
  File "/home/kawato/micromamba/lib/python3.13/site-packages/playwright/_impl/_frame.py", line 932, in wait_for_function
    await self._channel.send("waitForFunction", self._timeout, params)
  File "/home/kawato/micromamba/lib/python3.13/site-packages/playwright/_impl/_connection.py", line 69, in send
    return await self._connection.wrap_api_call(
           ^^^^^^^^^^^^^^^^^^^^^^^^^^^^^^^^^^^^^
    ...<3 lines>...
    )
    ^
  File "/home/kawato/micromamba/lib/python3.13/site-packages/playwright/_impl/_connection.py", line 563, in wrap_api_call
    raise rewrite_error(error, f"{parsed_st['apiName']}: {error}") from None
playwright._impl._errors.TimeoutError: Page.wait_for_function: Timeout 240000ms exceeded.
