1280 saved-raw passed
1280 clear-cache passed
Traceback (most recent call last):
  File "/mnt/c/Users/genom/GitHub/gbdraw/.worktrees/collinear-s08-20260916/tests/run_protein_local_browser_acceptance.py", line 667, in <module>
    main()
    ~~~~^^
  File "/mnt/c/Users/genom/GitHub/gbdraw/.worktrees/collinear-s08-20260916/tests/run_protein_local_browser_acceptance.py", line 58, in main
    return run_integration(args)
  File "/mnt/c/Users/genom/GitHub/gbdraw/.worktrees/collinear-s08-20260916/tests/run_protein_local_browser_acceptance.py", line 426, in run_integration
    run_integration_lifecycle(args, report, context_for, close_context, save)
    ~~~~~~~~~~~~~~~~~~~~~~~~~^^^^^^^^^^^^^^^^^^^^^^^^^^^^^^^^^^^^^^^^^^^^^^^^
  File "/mnt/c/Users/genom/GitHub/gbdraw/.worktrees/collinear-s08-20260916/tests/run_protein_local_browser_acceptance.py", line 617, in run_integration_lifecycle
    changed = page.evaluate(r'''async () => {
      const app = window.__GBDRAW_APP__;
    ...<5 lines>...
      return true;
    }''')
  File "/home/kawato/micromamba/lib/python3.13/site-packages/playwright/sync_api/_generated.py", line 9280, in evaluate
    self._sync(
    ~~~~~~~~~~^
        self._impl_obj.evaluate(expression=expression, arg=mapping.to_impl(arg))
        ^^^^^^^^^^^^^^^^^^^^^^^^^^^^^^^^^^^^^^^^^^^^^^^^^^^^^^^^^^^^^^^^^^^^^^^^
    )
    ^
  File "/home/kawato/micromamba/lib/python3.13/site-packages/playwright/_impl/_sync_base.py", line 115, in _sync
    return task.result()
           ~~~~~~~~~~~^^
  File "/home/kawato/micromamba/lib/python3.13/site-packages/playwright/_impl/_page.py", line 472, in evaluate
    return await self._main_frame.evaluate(expression, arg)
           ^^^^^^^^^^^^^^^^^^^^^^^^^^^^^^^^^^^^^^^^^^^^^^^^
  File "/home/kawato/micromamba/lib/python3.13/site-packages/playwright/_impl/_frame.py", line 345, in evaluate
    await self._channel.send(
    ...<6 lines>...
    )
  File "/home/kawato/micromamba/lib/python3.13/site-packages/playwright/_impl/_connection.py", line 69, in send
    return await self._connection.wrap_api_call(
           ^^^^^^^^^^^^^^^^^^^^^^^^^^^^^^^^^^^^^
    ...<3 lines>...
    )
    ^
  File "/home/kawato/micromamba/lib/python3.13/site-packages/playwright/_impl/_connection.py", line 563, in wrap_api_call
    raise rewrite_error(error, f"{parsed_st['apiName']}: {error}") from None
playwright._impl._errors.Error: Page.evaluate: TypeError: file.text is not a function
    at eval (eval at evaluate (:303:30), <anonymous>:4:35)
    at UtilityScript.evaluate (<anonymous>:310:18)
    at UtilityScript.<anonymous> (<anonymous>:1:44)
