✔ current Result semantic-owner detector characterizes exact executable definitions (7.486035ms)
✔ current Result canonical-path detector characterizes named-import call edges (3.687549ms)
✔ stable inventory deltas expose additions, removals, totals, and signed change (0.519744ms)
✔ directed graph cycles include self-loops and stable multi-node SCC evidence (0.528995ms)
✔ acyclic graph evaluation passes with duplicate edges normalized away (0.213957ms)
✔ schema version 1 accepts only the two discriminated initial rule kinds (0.730876ms)
✔ schema version 1 accepts four bounded rules and rejects a fifth (0.38078ms)
✔ strict schema rejects unknown, executable-looking, duplicate, and unsorted data (0.425165ms)
✔ canonical edge schema requires nonempty unique sorted edges and one active edge (0.256942ms)
✔ detector compatibility and staged enforcement fail closed (0.219644ms)
✔ single-canonical-entry observation separates preauthorization from active edges (0.250605ms)
✔ single-owner observation requires one allowed active definition (0.148861ms)
✔ authority delta reports every planned direction without treating removal as contraction (0.337232ms)
✔ hard and report-only decisions use the five-field result envelope (0.233502ms)
✔ hard and report-only evaluation rejects accepted-store relations (0.218331ms)
✔ malformed four-input evaluation combinations fail closed (0.278098ms)
✔ evaluation leaves frozen inputs unchanged and returns stable plain data (0.231879ms)
✔ structured subject deltas normalize unchanged, addition, removal, and replacement (2.158951ms)
✔ structured subject deltas reject unknown fields and invalid canonical identifiers (0.331944ms)
✔ structured subject delta inputs remain unchanged and outputs are deeply frozen (0.195988ms)
✔ the canonical Product Impact fixture validates (2.058411ms)
✔ strict map validation rejects unknown fields at every schema level (1.690952ms)
✔ canonical IDs and references must be sorted and unique (0.465812ms)
✔ invalid architecture rule, subject category, and subject references fail closed (0.789368ms)
✔ hard enforcement rejects partial coverage and manual-only checkpoint evidence (0.355875ms)
✔ complete coverage rejects an unmapped allowed subject (0.243528ms)
✔ journey, checkpoint, effect, option, and contract references are cross-validated (0.721639ms)
✔ AND-of-OR alternatives preserve one option when its active provider changes (2.316411ms)
✔ separate jointly required contributions cannot be hidden by a shared option ID (0.36058ms)
✔ effect-equivalent option transitions require authority and retain stable effects (0.488879ms)
✔ a stable effect change or retirement is not eligible for a current decision (0.769658ms)
✔ static and domain authority are represented separately (0.466037ms)
✔ durable decisions validate active uniqueness, concern revision, and contracts (0.66688ms)
✔ durable decision authority rejects unknown fields and invalid retirement scope (0.180502ms)
✔ durable decisions are forbidden for static authority and automatic no-difference (0.137333ms)
✔ bounded parser accepts empty declarations without a head SHA (0.131474ms)
✔ bounded parser normalizes exact-head decisions and product-level rationale (0.128662ms)
✔ bounded parser rejects stale heads, wrong impact class, and incomplete rationale (0.360159ms)
✔ bounded parser rejects unknown fields and bounded collection overflows (0.359872ms)
✔ bounded parser rejects unmatched, reversed, duplicate, malformed, and oversized blocks (0.180663ms)
✔ parser errors are sanitized and never expose the untrusted body (0.18435ms)
✔ free-form PRODUCT_DECISION text is never parsed as checker authority (0.127983ms)
✔ an exact-head current maintainer decision resolves an effect-equivalent transition (0.311941ms)
✔ non-maintainers and incomplete changed-requirement acknowledgements are ineligible (0.526987ms)
✔ incompatible durable and current selections produce authority conflict (0.267133ms)
✔ a current decision incompatible with static authority also produces conflict (0.238689ms)
✔ a selected static option missing after the change is an ordinary regression (0.210764ms)
✔ missing complete inventories and partial mappings yield insufficient evidence (0.409865ms)
✔ candidate-modified mapped contracts cannot be sole hard evidence (0.421052ms)
✔ one concern triggered by multiple rules is evaluated exactly once (0.550662ms)
✔ unchanged registered subjects with no current decision are not applicable (0.214021ms)
✔ evaluation ordering is deterministic, inputs remain unchanged, and outputs are deeply frozen (0.439036ms)
✔ validation results are deterministic deeply frozen plain data (0.193232ms)
ℹ tests 53
ℹ suites 0
ℹ pass 53
ℹ fail 0
ℹ cancelled 0
ℹ skipped 0
ℹ todo 0
ℹ duration_ms 144.782132
