============================= test session starts ==============================
platform linux -- Python 3.13.3, pytest-9.0.2, pluggy-1.5.0 -- /home/kawato/micromamba/bin/python
cachedir: .pytest_cache
rootdir: /mnt/c/Users/genom/GitHub/gbdraw/.worktrees/collinear-s08-20260916
configfile: pyproject.toml
plugins: anyio-4.9.0, xdist-3.8.0, timeout-2.4.0, cov-7.0.0
timeout: 300.0s
timeout method: signal
timeout func_only: False
collecting ... collected 179 items

tests/test_web_feature_catalog.py::test_feature_catalog_uses_one_read_only_svg_index PASSED [  0%]
tests/test_web_feature_catalog.py::test_feature_catalog_preserves_fallback_feature_dom_order PASSED [  1%]
tests/test_web_feature_catalog.py::test_sequence_source_deduplication_is_order_independent_and_fail_closed PASSED [  1%]
tests/test_web_feature_catalog.py::test_feature_catalog_rejects_missing_conflicting_and_duplicate_match_ids PASSED [  2%]
tests/test_web_feature_catalog.py::test_feature_catalog_rejects_ambiguous_orthogroup_identity PASSED [  2%]
tests/test_web_feature_catalog.py::test_feature_catalog_normalizes_references_and_sequence_ownership PASSED [  3%]
tests/test_web_feature_catalog.py::test_feature_catalog_references_only_exactly_reconstructible_sequences PASSED [  3%]
tests/test_web_feature_catalog.py::test_feature_catalog_compacts_translation_after_alias_resolution PASSED [  4%]
tests/test_web_feature_catalog.py::test_feature_catalog_disambiguates_identical_biological_feature_ids PASSED [  5%]
tests/test_web_feature_catalog.py::test_feature_catalog_preserves_duplicate_location_source_identity PASSED [  5%]
tests/test_web_feature_catalog.py::test_feature_catalog_rejects_invalid_or_conflicting_source_aliases[identity_overrides0] PASSED [  6%]
tests/test_web_feature_catalog.py::test_feature_catalog_rejects_invalid_or_conflicting_source_aliases[identity_overrides1] PASSED [  6%]
tests/test_web_feature_catalog.py::test_feature_catalog_rejects_invalid_or_conflicting_source_aliases[identity_overrides2] PASSED [  7%]
tests/test_web_feature_catalog.py::test_feature_catalog_rejects_invalid_or_conflicting_source_aliases[identity_overrides3] PASSED [  7%]
tests/test_web_feature_catalog.py::test_feature_catalog_rejects_invalid_or_conflicting_source_aliases[identity_overrides4] PASSED [  8%]
tests/test_web_feature_catalog.py::test_feature_catalog_rejects_duplicate_canonical_source_identity PASSED [  8%]
tests/test_web_feature_catalog.py::test_feature_catalog_fails_closed_without_matching_source_identity[member0] PASSED [  9%]
tests/test_web_feature_catalog.py::test_feature_catalog_fails_closed_without_matching_source_identity[member1] PASSED [ 10%]
tests/test_web_feature_catalog.py::test_feature_catalog_fails_closed_without_matching_source_identity[member2] PASSED [ 10%]
tests/test_web_feature_catalog.py::test_feature_catalog_fails_closed_without_matching_source_identity[member3] PASSED [ 11%]
tests/test_web_feature_catalog.py::test_feature_catalog_resolves_hidden_match_endpoints_by_source_identity PASSED [ 11%]
tests/test_web_feature_catalog.py::test_feature_catalog_distinguishes_membership_and_presentation_scopes PASSED [ 12%]
tests/test_web_feature_catalog.py::test_feature_catalog_derives_collinear_group_presentation_from_matches PASSED [ 12%]
tests/test_web_feature_catalog.py::test_feature_catalog_applies_collinear_presentation_to_unrendered_groups PASSED [ 13%]
tests/test_web_feature_catalog.py::test_feature_catalog_rejects_incomplete_group_presentation_aliases PASSED [ 13%]
tests/test_web_feature_catalog.py::test_feature_catalog_rejects_disagreeing_match_identity_fields[stable-subject-1] PASSED [ 14%]
tests/test_web_feature_catalog.py::test_feature_catalog_rejects_disagreeing_match_identity_fields[stable-query-1] PASSED [ 15%]
tests/test_web_feature_catalog.py::test_feature_catalog_references_one_biological_payload_from_many_renderings PASSED [ 15%]
tests/test_web_feature_catalog.py::test_sequence_source_validation_is_bounded_by_source_count PASSED [ 16%]
tests/test_session_request_codec.py::test_typed_collinearity_anchor_schema2_and_schema1_compatibility PASSED [ 16%]
tests/test_session_request_codec.py::test_schema6_round_trips_circular_batch_grouping_and_outputs PASSED [ 17%]
tests/test_session_request_codec.py::test_schema6_round_trips_unresolved_record_cardinality_and_row PASSED [ 17%]
tests/test_session_request_codec.py::test_schema5_defaults_record_cardinality_to_exactly_one PASSED [ 18%]
tests/test_session_request_codec.py::test_branch_only_request_schemas_are_rejected[3] PASSED [ 18%]
tests/test_session_request_codec.py::test_branch_only_request_schemas_are_rejected[4] PASSED [ 19%]
tests/test_session_request_codec.py::test_codec_module_does_not_import_cli_or_legacy_session_owners PASSED [ 20%]
tests/test_session_request_codec.py::test_circular_request_payload_round_trip_uses_stable_resources PASSED [ 20%]
tests/test_session_request_codec.py::test_supported_schemas_restore_mode_specific_nested_option_types[circular-1] PASSED [ 21%]
tests/test_session_request_codec.py::test_supported_schemas_restore_mode_specific_nested_option_types[circular-2] PASSED [ 21%]
tests/test_session_request_codec.py::test_supported_schemas_restore_mode_specific_nested_option_types[circular-5] PASSED [ 22%]
tests/test_session_request_codec.py::test_supported_schemas_restore_mode_specific_nested_option_types[circular-6] PASSED [ 22%]
tests/test_session_request_codec.py::test_supported_schemas_restore_mode_specific_nested_option_types[circular-7] PASSED [ 23%]
tests/test_session_request_codec.py::test_supported_schemas_restore_mode_specific_nested_option_types[linear-1] PASSED [ 24%]
tests/test_session_request_codec.py::test_supported_schemas_restore_mode_specific_nested_option_types[linear-2] PASSED [ 24%]
tests/test_session_request_codec.py::test_supported_schemas_restore_mode_specific_nested_option_types[linear-5] PASSED [ 25%]
tests/test_session_request_codec.py::test_supported_schemas_restore_mode_specific_nested_option_types[linear-6] PASSED [ 25%]
tests/test_session_request_codec.py::test_supported_schemas_restore_mode_specific_nested_option_types[linear-7] PASSED [ 26%]
tests/test_session_request_codec.py::test_supported_schemas_ignore_wrong_mode_shared_defaults[circular-depthTrackHeights-None-1] PASSED [ 26%]
tests/test_session_request_codec.py::test_supported_schemas_ignore_wrong_mode_shared_defaults[circular-depthTrackHeights-None-2] PASSED [ 27%]
tests/test_session_request_codec.py::test_supported_schemas_ignore_wrong_mode_shared_defaults[circular-depthTrackHeights-None-5] PASSED [ 27%]
tests/test_session_request_codec.py::test_supported_schemas_ignore_wrong_mode_shared_defaults[circular-depthTrackHeights-None-6] PASSED [ 28%]
tests/test_session_request_codec.py::test_supported_schemas_ignore_wrong_mode_shared_defaults[circular-depthTrackHeights-None-7] PASSED [ 29%]
tests/test_session_request_codec.py::test_supported_schemas_ignore_wrong_mode_shared_defaults[linear-conservationReference-auto-1] PASSED [ 29%]
tests/test_session_request_codec.py::test_supported_schemas_ignore_wrong_mode_shared_defaults[linear-conservationReference-auto-2] PASSED [ 30%]
tests/test_session_request_codec.py::test_supported_schemas_ignore_wrong_mode_shared_defaults[linear-conservationReference-auto-5] PASSED [ 30%]
tests/test_session_request_codec.py::test_supported_schemas_ignore_wrong_mode_shared_defaults[linear-conservationReference-auto-6] PASSED [ 31%]
tests/test_session_request_codec.py::test_supported_schemas_ignore_wrong_mode_shared_defaults[linear-conservationReference-auto-7] PASSED [ 31%]
tests/test_session_request_codec.py::test_current_schema_rejects_nondefault_wrong_mode_shared_options[circular-depthTrackHeights-value0] PASSED [ 32%]
tests/test_session_request_codec.py::test_current_schema_rejects_nondefault_wrong_mode_shared_options[linear-conservationReference-query] PASSED [ 32%]
tests/test_session_request_codec.py::test_current_schema_rejects_populated_wrong_mode_track_fields[circular-linearTrackAxisIndex-0-Linear track values] PASSED [ 33%]
tests/test_session_request_codec.py::test_current_schema_rejects_populated_wrong_mode_track_fields[linear-centerReservedRadius-10-Circular track values] PASSED [ 34%]
tests/test_session_request_codec.py::test_linear_comparison_kinds_and_payload_round_trip PASSED [ 34%]
tests/test_session_request_codec.py::test_supported_schemas_privately_migrate_standard_collinearity_parameters[1] PASSED [ 35%]
tests/test_session_request_codec.py::test_supported_schemas_privately_migrate_standard_collinearity_parameters[2] PASSED [ 35%]
tests/test_session_request_codec.py::test_standard_collinearity_embedded_max_paralog_does_not_override_explicit_setting PASSED [ 36%]
tests/test_session_request_codec.py::test_standard_collinearity_embedded_max_paralog_is_inert_in_orthogroup_mode PASSED [ 36%]
tests/test_session_request_codec.py::test_current_schema_rejects_standard_collinearity_parameters PASSED [ 37%]
tests/test_session_request_codec.py::test_schema2_nested_output_prefix_is_required_but_ignored PASSED [ 37%]
tests/test_session_request_codec.py::test_current_schema_rejects_legacy_nested_output_prefix PASSED [ 38%]
tests/test_session_request_codec.py::test_legacy_circular_schemas_migrate_removed_layout_values[1] PASSED [ 39%]
tests/test_session_request_codec.py::test_legacy_circular_schemas_migrate_removed_layout_values[2] PASSED [ 39%]
tests/test_session_request_codec.py::test_current_circular_writer_uses_only_canonical_layout_fields PASSED [ 40%]
tests/test_session_request_codec.py::test_current_schema_rejects_private_circular_track_params PASSED [ 40%]
tests/test_session_request_codec.py::test_legacy_factor_spacing_replays_but_cannot_leak_into_current_schema PASSED [ 41%]
tests/test_session_request_codec.py::test_schema2_migrates_removed_feature_table_field PASSED [ 41%]
tests/test_session_request_codec.py::test_current_schema_rejects_removed_feature_table_field PASSED [ 42%]
tests/test_session_request_codec.py::test_collinear_pipeline_ignores_legacy_derived_comparison_pairs PASSED [ 43%]
tests/test_session_request_codec.py::test_file_backed_options_and_typed_config_round_trip PASSED [ 43%]
tests/test_session_request_codec.py::test_schema5_round_trips_scale_visibility_in_full_config_and_override[CircularDiagramRequest-CircularDiagramOptions] PASSED [ 44%]
tests/test_session_request_codec.py::test_schema5_round_trips_scale_visibility_in_full_config_and_override[LinearDiagramRequest-LinearDiagramOptions] PASSED [ 44%]
tests/test_session_request_codec.py::test_schema5_round_trips_arrow_shape_and_geometry_overrides[CircularDiagramRequest-CircularDiagramOptions] PASSED [ 45%]
tests/test_session_request_codec.py::test_schema5_round_trips_arrow_shape_and_geometry_overrides[LinearDiagramRequest-LinearDiagramOptions] PASSED [ 45%]
tests/test_session_request_codec.py::test_schema5_full_config_missing_scale_visibility_defaults_visible[CircularDiagramRequest-CircularDiagramOptions] PASSED [ 46%]
tests/test_session_request_codec.py::test_schema5_full_config_missing_scale_visibility_defaults_visible[LinearDiagramRequest-LinearDiagramOptions] PASSED [ 46%]
tests/test_session_request_codec.py::test_canonical_depth_tracks_round_trip_mixed_sources PASSED [ 47%]
tests/test_session_request_codec.py::test_canonical_depth_track_shape_and_text_are_strict PASSED [ 48%]
tests/test_session_request_codec.py::test_legacy_depth_matrix_is_written_as_canonical_tracks PASSED [ 48%]
tests/test_session_request_codec.py::test_in_memory_record_is_encoded_as_a_genbank_resource PASSED [ 49%]
tests/test_session_request_codec.py::test_annotation_targets_and_styles_round_trip PASSED [ 49%]
tests/test_session_request_codec.py::test_decode_requires_caller_owned_output_directory PASSED [ 50%]
tests/test_session_request_codec.py::test_current_writer_serializes_resolved_mode_defaults[CircularDiagramRequest-expected_options0] PASSED [ 50%]
tests/test_session_request_codec.py::test_current_writer_serializes_resolved_mode_defaults[LinearDiagramRequest-expected_options1] PASSED [ 51%]
tests/test_session_request_codec.py::test_sparse_supported_schemas_retain_historical_defaults[CircularDiagramRequest-expected_overrides0-1] PASSED [ 51%]
tests/test_session_request_codec.py::test_sparse_supported_schemas_retain_historical_defaults[CircularDiagramRequest-expected_overrides0-2] PASSED [ 52%]
tests/test_session_request_codec.py::test_sparse_supported_schemas_retain_historical_defaults[LinearDiagramRequest-expected_overrides1-1] PASSED [ 53%]
tests/test_session_request_codec.py::test_sparse_supported_schemas_retain_historical_defaults[LinearDiagramRequest-expected_overrides1-2] PASSED [ 53%]
tests/test_session_request_codec.py::test_current_schema_sparse_options_use_current_mode_defaults[CircularDiagramRequest] PASSED [ 54%]
tests/test_session_request_codec.py::test_current_schema_sparse_options_use_current_mode_defaults[LinearDiagramRequest] PASSED [ 54%]
tests/test_session_request_codec.py::test_supported_schemas_preserve_explicit_serialized_defaults[1] PASSED [ 55%]
tests/test_session_request_codec.py::test_supported_schemas_preserve_explicit_serialized_defaults[2] PASSED [ 55%]
tests/test_session_request_codec.py::test_supported_schemas_preserve_explicit_serialized_defaults[5] PASSED [ 56%]
tests/test_session_request_codec.py::test_supported_schemas_preserve_explicit_serialized_defaults[6] PASSED [ 56%]
tests/test_session_request_codec.py::test_supported_schemas_preserve_explicit_serialized_defaults[7] PASSED [ 57%]
tests/test_session_request_codec.py::test_supported_schemas_migrate_legacy_flat_label_settings[CircularDiagramRequest-legacy_overrides0-labels.circular.scope-both-1] PASSED [ 58%]
tests/test_session_request_codec.py::test_supported_schemas_migrate_legacy_flat_label_settings[CircularDiagramRequest-legacy_overrides0-labels.circular.scope-both-2] PASSED [ 58%]
tests/test_session_request_codec.py::test_supported_schemas_migrate_legacy_flat_label_settings[CircularDiagramRequest-legacy_overrides0-labels.circular.scope-both-5] PASSED [ 59%]
tests/test_session_request_codec.py::test_supported_schemas_migrate_legacy_flat_label_settings[CircularDiagramRequest-legacy_overrides0-labels.circular.scope-both-6] PASSED [ 59%]
tests/test_session_request_codec.py::test_supported_schemas_migrate_legacy_flat_label_settings[CircularDiagramRequest-legacy_overrides0-labels.circular.scope-both-7] PASSED [ 60%]
tests/test_session_request_codec.py::test_supported_schemas_migrate_legacy_flat_label_settings[LinearDiagramRequest-legacy_overrides1-labels.linear.scope-orthogroup_top-1] PASSED [ 60%]
tests/test_session_request_codec.py::test_supported_schemas_migrate_legacy_flat_label_settings[LinearDiagramRequest-legacy_overrides1-labels.linear.scope-orthogroup_top-2] PASSED [ 61%]
tests/test_session_request_codec.py::test_supported_schemas_migrate_legacy_flat_label_settings[LinearDiagramRequest-legacy_overrides1-labels.linear.scope-orthogroup_top-5] PASSED [ 62%]
tests/test_session_request_codec.py::test_supported_schemas_migrate_legacy_flat_label_settings[LinearDiagramRequest-legacy_overrides1-labels.linear.scope-orthogroup_top-6] PASSED [ 62%]
tests/test_session_request_codec.py::test_supported_schemas_migrate_legacy_flat_label_settings[LinearDiagramRequest-legacy_overrides1-labels.linear.scope-orthogroup_top-7] PASSED [ 63%]
tests/test_session_request_codec.py::test_supported_schemas_migrate_legacy_full_config_label_settings[1] PASSED [ 63%]
tests/test_session_request_codec.py::test_supported_schemas_migrate_legacy_full_config_label_settings[2] PASSED [ 64%]
tests/test_session_request_codec.py::test_supported_schemas_migrate_legacy_full_config_label_settings[5] PASSED [ 64%]
tests/test_session_request_codec.py::test_supported_schemas_migrate_legacy_full_config_label_settings[6] PASSED [ 65%]
tests/test_session_request_codec.py::test_supported_schemas_migrate_legacy_full_config_label_settings[7] PASSED [ 65%]
tests/test_session_request_codec.py::test_legacy_schemas_migrate_retired_config_overrides[spreadout-above-1] PASSED [ 66%]
tests/test_session_request_codec.py::test_legacy_schemas_migrate_retired_config_overrides[spreadout-above-2] PASSED [ 67%]
tests/test_session_request_codec.py::test_legacy_schemas_migrate_retired_config_overrides[tuckin-below-1] PASSED [ 67%]
tests/test_session_request_codec.py::test_legacy_schemas_migrate_retired_config_overrides[tuckin-below-2] PASSED [ 68%]
tests/test_session_request_codec.py::test_current_schema_rejects_retired_config_overrides[overrides0-depth_tick_interval] PASSED [ 68%]
tests/test_session_request_codec.py::test_current_schema_rejects_retired_config_overrides[overrides1-label_placement] PASSED [ 69%]
tests/test_session_request_codec.py::test_current_schema_rejects_retired_config_overrides[overrides2-linear_track_layout] PASSED [ 69%]
tests/test_session_request_codec.py::test_current_schema_rejects_retired_config_overrides[overrides3-linear_track_layout] PASSED [ 70%]
tests/test_session_request_codec.py::test_current_schema_writer_rejects_retired_config_overrides[overrides0-depth_tick_interval] PASSED [ 70%]
tests/test_session_request_codec.py::test_current_schema_writer_rejects_retired_config_overrides[overrides1-label_placement] PASSED [ 71%]
tests/test_session_request_codec.py::test_current_schema_writer_rejects_retired_config_overrides[overrides2-linear_track_layout] PASSED [ 72%]
tests/test_session_request_codec.py::test_current_schema_writer_rejects_retired_config_overrides[overrides3-linear_track_layout] PASSED [ 72%]
tests/test_session_request_codec.py::test_legacy_canonical_schema_preserves_repeat_rectangle_default[1] PASSED [ 73%]
tests/test_session_request_codec.py::test_legacy_canonical_schema_preserves_repeat_rectangle_default[2] PASSED [ 73%]
tests/test_session_request_codec.py::test_current_canonical_schema_uses_underlay_default_and_round_trips_override PASSED [ 74%]
tests/test_session_request_codec.py::test_current_schema_rejects_unknown_or_invalid_structure[<lambda>-Unsupported canonical request schema] PASSED [ 74%]
tests/test_session_request_codec.py::test_current_schema_rejects_unknown_or_invalid_structure[<lambda>-Unsupported canonical request mode] PASSED [ 75%]
tests/test_session_request_codec.py::test_current_schema_rejects_unknown_or_invalid_structure[<lambda>-Missing required field] PASSED [ 75%]
tests/test_session_request_codec.py::test_current_schema_rejects_unknown_or_invalid_structure[<lambda>-Unknown field0] PASSED [ 76%]
tests/test_session_request_codec.py::test_current_schema_rejects_unknown_or_invalid_structure[<lambda>-Unknown field1] PASSED [ 77%]
tests/test_session_request_codec.py::test_current_schema_rejects_unknown_or_invalid_structure[<lambda>-Unsupported record source kind] PASSED [ 77%]
tests/test_session_request_codec.py::test_decode_rejects_unknown_comparison_kind PASSED [ 78%]
tests/test_session_request_codec.py::test_decode_rejects_missing_resource_reference PASSED [ 78%]
tests/test_session_request_codec.py::test_encode_rejects_noncanonical_option_values PASSED [ 79%]
tests/test_session_request_codec.py::test_schema_one_unknown_field_policy_is_explicit PASSED [ 79%]
tests/test_session_request_codec.py::test_collinear_inference_choice_round_trips_and_omission_preserves_old_sessions[False] PASSED [ 80%]
tests/test_session_request_codec.py::test_collinear_inference_choice_round_trips_and_omission_preserves_old_sessions[True] PASSED [ 81%]
tests/test_session_compat.py::test_version_39_multiline_conservation_labels_expand_at_compat_boundary PASSED [ 81%]
tests/test_session_compat.py::test_multiline_conservation_label_migration_is_version_39_only[33] PASSED [ 82%]
tests/test_session_compat.py::test_multiline_conservation_label_migration_is_version_39_only[42] PASSED [ 82%]
tests/test_session_compat.py::test_version_39_multiline_conservation_label_count_mismatch_stays_strict PASSED [ 83%]
tests/test_session_compat.py::test_session_adapter_passes_plain_prepared_request_to_current_renderer PASSED [ 83%]
tests/test_session_compat.py::test_unresolved_session_batch_preflights_all_resolved_outputs PASSED [ 84%]
tests/test_session_compat.py::test_rewrite_protein_artifact_references_rejects_key_collisions PASSED [ 84%]
tests/test_session_compat.py::test_rewrite_protein_artifact_references_updates_compound_ids PASSED [ 85%]
tests/test_session_compat.py::test_feature_analysis_ids_fail_closed_across_protein_request_artifacts[comparison-exact] PASSED [ 86%]
tests/test_session_compat.py::test_feature_analysis_ids_fail_closed_across_protein_request_artifacts[comparison-compound] PASSED [ 86%]
tests/test_session_compat.py::test_feature_analysis_ids_fail_closed_across_protein_request_artifacts[alignment-target-exact] PASSED [ 87%]
tests/test_session_compat.py::test_feature_analysis_ids_fail_closed_across_protein_request_artifacts[alignment-target-compound] PASSED [ 87%]
tests/test_session_compat.py::test_typed_protein_results_fail_closed_for_unresolved_analysis_ids[orthogroup-result-exact] PASSED [ 88%]
tests/test_session_compat.py::test_typed_protein_results_fail_closed_for_unresolved_analysis_ids[orthogroup-result-compound] PASSED [ 88%]
tests/test_session_compat.py::test_typed_protein_results_fail_closed_for_unresolved_analysis_ids[collinearity-result-exact] PASSED [ 89%]
tests/test_session_compat.py::test_typed_protein_results_fail_closed_for_unresolved_analysis_ids[collinearity-result-compound] PASSED [ 89%]
tests/test_session_compat.py::test_released_session_versions_write_current_reloadable_sidecars[v27-cli] PASSED [ 90%]
tests/test_session_compat.py::test_released_session_versions_write_current_reloadable_sidecars[v28-cli] PASSED [ 91%]
tests/test_session_compat.py::test_released_session_versions_write_current_reloadable_sidecars[v29-cli] PASSED [ 91%]
tests/test_session_compat.py::test_released_session_versions_write_current_reloadable_sidecars[v30-cli] PASSED [ 92%]
tests/test_session_compat.py::test_released_session_versions_write_current_reloadable_sidecars[v31-v1] PASSED [ 92%]
tests/test_session_compat.py::test_released_session_versions_write_current_reloadable_sidecars[v32-v2] PASSED [ 93%]
tests/test_session_compat.py::test_released_session_versions_write_current_reloadable_sidecars[v33-v2] PASSED [ 93%]
tests/test_session_compat.py::test_supported_v32_session_replays_through_compatibility_adapter PASSED [ 94%]
tests/test_session_compat.py::test_released_schema_v2_fixture_promotes_to_current_typed_artifacts PASSED [ 94%]
tests/test_session_compat.py::test_released_schema_v2_alignment_target_promotes_with_protein_artifacts PASSED [ 95%]
tests/test_session_compat.py::test_released_schema_v2_fixture_cli_sidecar_is_current_and_rerenders PASSED [ 96%]
tests/test_session_compat.py::test_version_39_typed_replay_retains_dormant_comparison_resource PASSED [ 96%]
tests/test_session_compat.py::test_current_typed_replay_retains_web_only_conservation_fastas PASSED [ 97%]
tests/test_session_compat.py::test_released_schema_v2_fixture_sidecar_collision_is_atomic PASSED [ 97%]
tests/test_session_compat.py::test_session_adapter_rejects_unsupported_session_schema PASSED [ 98%]
tests/test_session_compat.py::test_current_artifact_type_rejects_legacy_cache_schema PASSED [ 98%]
tests/test_session_compat.py::test_released_noncanonical_linear_cli_replay_promotes_current_sidecar PASSED [ 99%]
tests/test_session_compat.py::test_main_schema1_binding_witness_reads_without_promotion PASSED [100%]

=============================== warnings summary ===============================
tests/test_session_compat.py::test_released_schema_v2_fixture_cli_sidecar_is_current_and_rerenders
tests/test_session_compat.py::test_version_39_typed_replay_retains_dormant_comparison_resource
  /home/kawato/micromamba/lib/python3.13/site-packages/Bio/SeqIO/InsdcIO.py:404: BiopythonWarning: Feature qualifier key 'candidate_cluster_numbers' is longer than maximum length specified by standard (20 characters).
    warnings.warn(

tests/test_session_compat.py::test_released_schema_v2_fixture_cli_sidecar_is_current_and_rerenders
tests/test_session_compat.py::test_version_39_typed_replay_retains_dormant_comparison_resource
  /home/kawato/micromamba/lib/python3.13/site-packages/Bio/SeqIO/InsdcIO.py:404: BiopythonWarning: Feature qualifier key 'candidate_cluster_number' is longer than maximum length specified by standard (20 characters).
    warnings.warn(

-- Docs: https://docs.pytest.org/en/stable/how-to/capture-warnings.html
======================= 179 passed, 4 warnings in 14.65s =======================
