✔ tests/web/losat-cache.test.mjs (66.854243ms)
Session feature catalog validation failed. Error: The diagram engine returned incompatible feature metadata. Reload the page and Generate again.
    at catalogError (file:///mnt/c/Users/genom/GitHub/gbdraw/.worktrees/collinear-s08-20260916/gbdraw/web/js/services/feature-catalog.js:31:28)
    at admitFeatureCatalog (file:///mnt/c/Users/genom/GitHub/gbdraw/.worktrees/collinear-s08-20260916/gbdraw/web/js/services/feature-catalog.js:516:53)
    at validateFeatureCatalog (file:///mnt/c/Users/genom/GitHub/gbdraw/.worktrees/collinear-s08-20260916/gbdraw/web/js/services/feature-catalog.js:601:3)
    at exportSession (file:///mnt/c/Users/genom/GitHub/gbdraw/.worktrees/collinear-s08-20260916/gbdraw/web/js/services/config.js:3851:36)
    at file:///mnt/c/Users/genom/GitHub/gbdraw/.worktrees/collinear-s08-20260916/tests/web/session-export-validation.test.mjs:68:22
✔ tests/web/session-export-validation.test.mjs (810.538239ms)
✔ decision-required protein comparisons stay committed without projecting a partial draft (17.236471ms)
✔ current session recovers files only when a sequence consumer is missing (8.456054ms)
✔ current Circular sessions recover only supplied comparison FASTA sources (6.639633ms)
✔ fresh Circular LOSAT resources become session-owned live files (0.62271ms)
✔ legacy standalone config import migrates retired values without a writer envelope (0.753098ms)
✔ visible protein cache entries from the frozen v39 session recover stable edge identities (120.423278ms)
✔ a conflicting restored edge key is not exposed under the wrong endpoints (94.421239ms)
✔ version-39 import rejects duplicate raw LOSAT cache keys (0.845105ms)
✔ version-39 import rejects duplicate derived LOSATP cache keys (0.447924ms)
✔ version-39 import rejects a nucleotide raw cache key of undefined (0.504699ms)
✔ version-39 import rejects a nucleotide raw cache key of  (0.157286ms)
✔ version-39 import rejects a nucleotide raw cache key of null (0.102555ms)
✔ version-39 import rejects a nucleotide raw cache key of 1 (0.069237ms)
✔ version-39 import rejects an empty protein raw cache key (0.162991ms)
✔ version-39 import rejects a non-object losatCache (0.077573ms)
✔ version-39 import rejects a non-array losatCache.entries (0.057194ms)
✔ version-39 import rejects a non-object losatDerivedCache (0.050954ms)
✔ version-39 import rejects a non-array losatDerivedCache.entries (0.036027ms)
✔ version-39 import rejects branch-internal raw schema 3 (0.126222ms)
✔ version-39 import rejects branch-internal derived schema 2 (0.094686ms)
✔ version-40 import rejects duplicate raw LOSAT cache keys (0.035724ms)
✔ version-40 import rejects duplicate derived LOSATP cache keys (0.042087ms)
✔ version-40 import rejects a nucleotide raw cache key of undefined (0.042736ms)
✔ version-40 import rejects a nucleotide raw cache key of  (0.029855ms)
✔ version-40 import rejects a nucleotide raw cache key of null (0.035876ms)
✔ version-40 import rejects a nucleotide raw cache key of 1 (0.054492ms)
✔ version-40 import rejects an empty protein raw cache key (0.054804ms)
✔ version-40 import rejects a non-object losatCache (0.028998ms)
✔ version-40 import rejects a non-array losatCache.entries (0.023051ms)
✔ version-40 import rejects a non-object losatDerivedCache (0.03275ms)
✔ version-40 import rejects a non-array losatDerivedCache.entries (0.02422ms)
✔ version-40 import rejects branch-internal raw schema 3 (0.047441ms)
✔ version-40 import rejects branch-internal derived schema 2 (0.04805ms)
✔ session import rejects branch-internal version 34 (6.482055ms)
✔ session import rejects branch-internal version 35 (0.522309ms)
✔ session import rejects branch-internal version 36 (0.344477ms)
✔ session import rejects branch-internal version 37 (0.61413ms)
✔ session import rejects branch-internal version 38 (0.300268ms)
Error: Unsupported session version: 34.
    at validateSessionVersion (file:///mnt/c/Users/genom/GitHub/gbdraw/.worktrees/collinear-s08-20260916/gbdraw/web/js/services/config.js:1103:11)
    at preflightSessionImport (file:///mnt/c/Users/genom/GitHub/gbdraw/.worktrees/collinear-s08-20260916/gbdraw/web/js/services/config.js:1483:3)
    at importSession (file:///mnt/c/Users/genom/GitHub/gbdraw/.worktrees/collinear-s08-20260916/gbdraw/web/js/services/config.js:4068:23)
    at async TestContext.<anonymous> (file:///mnt/c/Users/genom/GitHub/gbdraw/.worktrees/collinear-s08-20260916/tests/web/session-losat-cache-validation.test.mjs:1157:20)
    at async Test.run (node:internal/test_runner/test:1409:7)
    at async Test.processPendingSubtests (node:internal/test_runner/test:974:7)
Error: Unsupported session version: 35.
    at validateSessionVersion (file:///mnt/c/Users/genom/GitHub/gbdraw/.worktrees/collinear-s08-20260916/gbdraw/web/js/services/config.js:1103:11)
    at preflightSessionImport (file:///mnt/c/Users/genom/GitHub/gbdraw/.worktrees/collinear-s08-20260916/gbdraw/web/js/services/config.js:1483:3)
    at importSession (file:///mnt/c/Users/genom/GitHub/gbdraw/.worktrees/collinear-s08-20260916/gbdraw/web/js/services/config.js:4068:23)
    at async TestContext.<anonymous> (file:///mnt/c/Users/genom/GitHub/gbdraw/.worktrees/collinear-s08-20260916/tests/web/session-losat-cache-validation.test.mjs:1157:20)
    at async Test.run (node:internal/test_runner/test:1409:7)
    at async Test.processPendingSubtests (node:internal/test_runner/test:974:7)
Error: Unsupported session version: 36.
    at validateSessionVersion (file:///mnt/c/Users/genom/GitHub/gbdraw/.worktrees/collinear-s08-20260916/gbdraw/web/js/services/config.js:1103:11)
    at preflightSessionImport (file:///mnt/c/Users/genom/GitHub/gbdraw/.worktrees/collinear-s08-20260916/gbdraw/web/js/services/config.js:1483:3)
    at importSession (file:///mnt/c/Users/genom/GitHub/gbdraw/.worktrees/collinear-s08-20260916/gbdraw/web/js/services/config.js:4068:23)
    at async TestContext.<anonymous> (file:///mnt/c/Users/genom/GitHub/gbdraw/.worktrees/collinear-s08-20260916/tests/web/session-losat-cache-validation.test.mjs:1157:20)
    at async Test.run (node:internal/test_runner/test:1409:7)
    at async Test.processPendingSubtests (node:internal/test_runner/test:974:7)
Error: Unsupported session version: 37.
    at validateSessionVersion (file:///mnt/c/Users/genom/GitHub/gbdraw/.worktrees/collinear-s08-20260916/gbdraw/web/js/services/config.js:1103:11)
    at preflightSessionImport (file:///mnt/c/Users/genom/GitHub/gbdraw/.worktrees/collinear-s08-20260916/gbdraw/web/js/services/config.js:1483:3)
    at importSession (file:///mnt/c/Users/genom/GitHub/gbdraw/.worktrees/collinear-s08-20260916/gbdraw/web/js/services/config.js:4068:23)
    at async TestContext.<anonymous> (file:///mnt/c/Users/genom/GitHub/gbdraw/.worktrees/collinear-s08-20260916/tests/web/session-losat-cache-validation.test.mjs:1157:20)
    at async Test.run (node:internal/test_runner/test:1409:7)
    at async Test.processPendingSubtests (node:internal/test_runner/test:974:7)
Error: Unsupported session version: 38.
    at validateSessionVersion (file:///mnt/c/Users/genom/GitHub/gbdraw/.worktrees/collinear-s08-20260916/gbdraw/web/js/services/config.js:1103:11)
    at preflightSessionImport (file:///mnt/c/Users/genom/GitHub/gbdraw/.worktrees/collinear-s08-20260916/gbdraw/web/js/services/config.js:1483:3)
    at importSession (file:///mnt/c/Users/genom/GitHub/gbdraw/.worktrees/collinear-s08-20260916/gbdraw/web/js/services/config.js:4068:23)
    at async TestContext.<anonymous> (file:///mnt/c/Users/genom/GitHub/gbdraw/.worktrees/collinear-s08-20260916/tests/web/session-losat-cache-validation.test.mjs:1157:20)
    at async Test.run (node:internal/test_runner/test:1409:7)
    at async Test.processPendingSubtests (node:internal/test_runner/test:974:7)
✔ tests/web/session-request.test.mjs (712.833057ms)
✔ current-session file views materialize one requested resource once (3.889396ms)
✔ combined file views report exact canonical byte sizes without preview decoding (0.823034ms)
✔ lazy resource failures identify the resource and remain cached (1.649103ms)
✔ ordinary uploaded File objects keep the native read behavior (0.382353ms)
✔ adopted export reuses descriptors and encodes only a replacement (1.531837ms)
✔ export keeps an imported draft file distinct from regenerated bytes under its old ID (0.380802ms)
✔ composite Save preserves ordered sources across a committed ID collision (0.335252ms)
✔ repeated, empty, LF and CRLF components preserve bytes, metadata and lazy reads (0.397848ms)
✔ same-length adopted, alternate-encoded and new candidates decode/hash at most once per Save (1.471621ms)
✔ composite descriptor matching preserves order, LF boundaries and immutable backing identity (0.475714ms)
✔ tests/web/session-resources.test.mjs (685.788501ms)
ℹ tests 52
ℹ suites 0
ℹ pass 52
ℹ fail 0
ℹ cancelled 0
ℹ skipped 0
ℹ todo 0
ℹ duration_ms 1121.86137
