============================= test session starts ==============================
platform linux -- Python 3.13.3, pytest-9.0.2, pluggy-1.5.0 -- /home/kawato/micromamba/bin/python3.13
cachedir: .pytest_cache
rootdir: /mnt/c/Users/genom/GitHub/gbdraw/.worktrees/collinear-s07-6-20260916
configfile: pyproject.toml
plugins: anyio-4.9.0, xdist-3.8.0, timeout-2.4.0, cov-7.0.0
timeout: 300.0s
timeout method: signal
timeout func_only: False
collecting ... collected 622 items

tests/test_collinearity_units.py::test_auto_unit_mode_collapses_strong_locus_ids PASSED [  0%]
tests/test_collinearity_units.py::test_gene_labels_do_not_drive_unit_collapse PASSED [  0%]
tests/test_collinearity_units.py::test_locus_unit_mode_rejects_product_only_cds PASSED [  0%]
tests/test_collinearity_units.py::test_cds_unit_mode_never_collapses_same_locus PASSED [  0%]
tests/test_collinearity_units.py::test_full_index_oracles_at_boundaries[None-auto] PASSED [  0%]
tests/test_collinearity_units.py::test_full_index_oracles_at_boundaries[None-cds] PASSED [  0%]
tests/test_collinearity_units.py::test_full_index_oracles_at_boundaries[None-locus] PASSED [  1%]
tests/test_collinearity_units.py::test_full_index_oracles_at_boundaries[None- AUTO ] PASSED [  1%]
tests/test_collinearity_units.py::test_full_index_oracles_at_boundaries[None-] PASSED [  1%]
tests/test_collinearity_units.py::test_full_index_oracles_at_boundaries[None-None] PASSED [  1%]
tests/test_collinearity_units.py::test_full_index_oracles_at_boundaries[None-invalid] PASSED [  1%]
tests/test_collinearity_units.py::test_full_index_oracles_at_boundaries[records1-auto] PASSED [  1%]
tests/test_collinearity_units.py::test_full_index_oracles_at_boundaries[records1-cds] PASSED [  2%]
tests/test_collinearity_units.py::test_full_index_oracles_at_boundaries[records1-locus] PASSED [  2%]
tests/test_collinearity_units.py::test_full_index_oracles_at_boundaries[records1- AUTO ] PASSED [  2%]
tests/test_collinearity_units.py::test_full_index_oracles_at_boundaries[records1-] PASSED [  2%]
tests/test_collinearity_units.py::test_full_index_oracles_at_boundaries[records1-None] PASSED [  2%]
tests/test_collinearity_units.py::test_full_index_oracles_at_boundaries[records1-invalid] PASSED [  2%]
tests/test_collinearity_units.py::test_full_index_oracles_at_boundaries[records2-auto] PASSED [  3%]
tests/test_collinearity_units.py::test_full_index_oracles_at_boundaries[records2-cds] PASSED [  3%]
tests/test_collinearity_units.py::test_full_index_oracles_at_boundaries[records2-locus] PASSED [  3%]
tests/test_collinearity_units.py::test_full_index_oracles_at_boundaries[records2- AUTO ] PASSED [  3%]
tests/test_collinearity_units.py::test_full_index_oracles_at_boundaries[records2-] PASSED [  3%]
tests/test_collinearity_units.py::test_full_index_oracles_at_boundaries[records2-None] PASSED [  3%]
tests/test_collinearity_units.py::test_full_index_oracles_at_boundaries[records2-invalid] PASSED [  4%]
tests/test_collinearity_units.py::test_full_index_oracles_at_boundaries[records3-auto] PASSED [  4%]
tests/test_collinearity_units.py::test_full_index_oracles_at_boundaries[records3-cds] PASSED [  4%]
tests/test_collinearity_units.py::test_full_index_oracles_at_boundaries[records3-locus] PASSED [  4%]
tests/test_collinearity_units.py::test_full_index_oracles_at_boundaries[records3- AUTO ] PASSED [  4%]
tests/test_collinearity_units.py::test_full_index_oracles_at_boundaries[records3-] PASSED [  4%]
tests/test_collinearity_units.py::test_full_index_oracles_at_boundaries[records3-None] PASSED [  4%]
tests/test_collinearity_units.py::test_full_index_oracles_at_boundaries[records3-invalid] PASSED [  5%]
tests/test_collinearity_units.py::test_empty_index_oracles[rows0-auto] PASSED [  5%]
tests/test_collinearity_units.py::test_empty_index_oracles[rows0-cds] PASSED [  5%]
tests/test_collinearity_units.py::test_empty_index_oracles[rows0-locus] PASSED [  5%]
tests/test_collinearity_units.py::test_empty_index_oracles[rows1-auto] PASSED [  5%]
tests/test_collinearity_units.py::test_empty_index_oracles[rows1-cds] PASSED [  5%]
tests/test_collinearity_units.py::test_empty_index_oracles[rows1-locus] PASSED [  6%]
tests/test_collinearity_units.py::test_empty_index_oracles[rows2-auto] PASSED [  6%]
tests/test_collinearity_units.py::test_empty_index_oracles[rows2-cds] PASSED [  6%]
tests/test_collinearity_units.py::test_empty_index_oracles[rows2-locus] PASSED [  6%]
tests/test_collinearity_units.py::test_shuffled_multicds_full_index_differential[0-auto] PASSED [  6%]
tests/test_collinearity_units.py::test_shuffled_multicds_full_index_differential[0-cds] PASSED [  6%]
tests/test_collinearity_units.py::test_shuffled_multicds_full_index_differential[0-locus] PASSED [  7%]
tests/test_collinearity_units.py::test_shuffled_multicds_full_index_differential[1-auto] PASSED [  7%]
tests/test_collinearity_units.py::test_shuffled_multicds_full_index_differential[1-cds] PASSED [  7%]
tests/test_collinearity_units.py::test_shuffled_multicds_full_index_differential[1-locus] PASSED [  7%]
tests/test_collinearity_units.py::test_shuffled_multicds_full_index_differential[2-auto] PASSED [  7%]
tests/test_collinearity_units.py::test_shuffled_multicds_full_index_differential[2-cds] PASSED [  7%]
tests/test_collinearity_units.py::test_shuffled_multicds_full_index_differential[2-locus] PASSED [  8%]
tests/test_collinearity_units.py::test_shuffled_multicds_full_index_differential[3-auto] PASSED [  8%]
tests/test_collinearity_units.py::test_shuffled_multicds_full_index_differential[3-cds] PASSED [  8%]
tests/test_collinearity_units.py::test_shuffled_multicds_full_index_differential[3-locus] PASSED [  8%]
tests/test_collinearity_units.py::test_shuffled_multicds_full_index_differential[4-auto] PASSED [  8%]
tests/test_collinearity_units.py::test_shuffled_multicds_full_index_differential[4-cds] PASSED [  8%]
tests/test_collinearity_units.py::test_shuffled_multicds_full_index_differential[4-locus] PASSED [  9%]
tests/test_collinearity_units.py::test_shuffled_multicds_full_index_differential[5-auto] PASSED [  9%]
tests/test_collinearity_units.py::test_shuffled_multicds_full_index_differential[5-cds] PASSED [  9%]
tests/test_collinearity_units.py::test_shuffled_multicds_full_index_differential[5-locus] PASSED [  9%]
tests/test_collinearity_units.py::test_shuffled_multicds_full_index_differential[6-auto] PASSED [  9%]
tests/test_collinearity_units.py::test_shuffled_multicds_full_index_differential[6-cds] PASSED [  9%]
tests/test_collinearity_units.py::test_shuffled_multicds_full_index_differential[6-locus] PASSED [  9%]
tests/test_collinearity_units.py::test_shuffled_multicds_full_index_differential[7-auto] PASSED [ 10%]
tests/test_collinearity_units.py::test_shuffled_multicds_full_index_differential[7-cds] PASSED [ 10%]
tests/test_collinearity_units.py::test_shuffled_multicds_full_index_differential[7-locus] PASSED [ 10%]
tests/test_collinearity_units.py::test_shuffled_multicds_full_index_differential[8-auto] PASSED [ 10%]
tests/test_collinearity_units.py::test_shuffled_multicds_full_index_differential[8-cds] PASSED [ 10%]
tests/test_collinearity_units.py::test_shuffled_multicds_full_index_differential[8-locus] PASSED [ 10%]
tests/test_collinearity_units.py::test_shuffled_multicds_full_index_differential[9-auto] PASSED [ 11%]
tests/test_collinearity_units.py::test_shuffled_multicds_full_index_differential[9-cds] PASSED [ 11%]
tests/test_collinearity_units.py::test_shuffled_multicds_full_index_differential[9-locus] PASSED [ 11%]
tests/test_collinearity_units.py::test_shuffled_multicds_full_index_differential[10-auto] PASSED [ 11%]
tests/test_collinearity_units.py::test_shuffled_multicds_full_index_differential[10-cds] PASSED [ 11%]
tests/test_collinearity_units.py::test_shuffled_multicds_full_index_differential[10-locus] PASSED [ 11%]
tests/test_collinearity_units.py::test_shuffled_multicds_full_index_differential[11-auto] PASSED [ 12%]
tests/test_collinearity_units.py::test_shuffled_multicds_full_index_differential[11-cds] PASSED [ 12%]
tests/test_collinearity_units.py::test_shuffled_multicds_full_index_differential[11-locus] PASSED [ 12%]
tests/test_collinearity_units.py::test_shuffled_multicds_full_index_differential[12-auto] PASSED [ 12%]
tests/test_collinearity_units.py::test_shuffled_multicds_full_index_differential[12-cds] PASSED [ 12%]
tests/test_collinearity_units.py::test_shuffled_multicds_full_index_differential[12-locus] PASSED [ 12%]
tests/test_collinearity_units.py::test_shuffled_multicds_full_index_differential[13-auto] PASSED [ 13%]
tests/test_collinearity_units.py::test_shuffled_multicds_full_index_differential[13-cds] PASSED [ 13%]
tests/test_collinearity_units.py::test_shuffled_multicds_full_index_differential[13-locus] PASSED [ 13%]
tests/test_collinearity_units.py::test_shuffled_multicds_full_index_differential[14-auto] PASSED [ 13%]
tests/test_collinearity_units.py::test_shuffled_multicds_full_index_differential[14-cds] PASSED [ 13%]
tests/test_collinearity_units.py::test_shuffled_multicds_full_index_differential[14-locus] PASSED [ 13%]
tests/test_collinearity_units.py::test_shuffled_multicds_full_index_differential[15-auto] PASSED [ 13%]
tests/test_collinearity_units.py::test_shuffled_multicds_full_index_differential[15-cds] PASSED [ 14%]
tests/test_collinearity_units.py::test_shuffled_multicds_full_index_differential[15-locus] PASSED [ 14%]
tests/test_collinearity_units.py::test_shuffled_multicds_full_index_differential[16-auto] PASSED [ 14%]
tests/test_collinearity_units.py::test_shuffled_multicds_full_index_differential[16-cds] PASSED [ 14%]
tests/test_collinearity_units.py::test_shuffled_multicds_full_index_differential[16-locus] PASSED [ 14%]
tests/test_collinearity_units.py::test_shuffled_multicds_full_index_differential[17-auto] PASSED [ 14%]
tests/test_collinearity_units.py::test_shuffled_multicds_full_index_differential[17-cds] PASSED [ 15%]
tests/test_collinearity_units.py::test_shuffled_multicds_full_index_differential[17-locus] PASSED [ 15%]
tests/test_collinearity_units.py::test_shuffled_multicds_full_index_differential[18-auto] PASSED [ 15%]
tests/test_collinearity_units.py::test_shuffled_multicds_full_index_differential[18-cds] PASSED [ 15%]
tests/test_collinearity_units.py::test_shuffled_multicds_full_index_differential[18-locus] PASSED [ 15%]
tests/test_collinearity_units.py::test_shuffled_multicds_full_index_differential[19-auto] PASSED [ 15%]
tests/test_collinearity_units.py::test_shuffled_multicds_full_index_differential[19-cds] PASSED [ 16%]
tests/test_collinearity_units.py::test_shuffled_multicds_full_index_differential[19-locus] PASSED [ 16%]
tests/test_collinearity_units.py::test_each_representative_tiebreak[changes0-b] PASSED [ 16%]
tests/test_collinearity_units.py::test_each_representative_tiebreak[changes1-b] PASSED [ 16%]
tests/test_collinearity_units.py::test_each_representative_tiebreak[changes2-b] PASSED [ 16%]
tests/test_collinearity_units.py::test_each_representative_tiebreak[changes3-a] PASSED [ 16%]
tests/test_collinearity_units.py::test_each_representative_tiebreak[changes4-a] PASSED [ 17%]
tests/test_collinearity_units.py::test_strand_reduction[strands0--1] PASSED [ 17%]
tests/test_collinearity_units.py::test_strand_reduction[strands1--1] PASSED [ 17%]
tests/test_collinearity_units.py::test_strand_reduction[strands2-None] PASSED [ 17%]
tests/test_collinearity_units.py::test_strand_reduction[strands3-None] PASSED [ 17%]
tests/test_collinearity_units.py::test_strand_reduction[strands4-1] PASSED [ 17%]
tests/test_collinearity_units.py::test_independent_minima_and_alias_collision_order PASSED [ 18%]
tests/test_collinearity_units.py::test_duplicate_protein_mapping_keeps_first_key_position_last_value PASSED [ 18%]
tests/test_collinearity_units.py::test_repeated_alias_within_one_unit_is_not_ambiguous PASSED [ 18%]
tests/test_collinearity_units.py::test_invalid_field_exception_parity[start-bad] PASSED [ 18%]
tests/test_collinearity_units.py::test_invalid_field_exception_parity[end-None] PASSED [ 18%]
tests/test_collinearity_units.py::test_invalid_field_exception_parity[feature_index-bad] PASSED [ 18%]
tests/test_collinearity_units.py::test_invalid_field_exception_parity[protein_length-inf] PASSED [ 18%]
tests/test_collinearity_units.py::test_warning_and_exception_preview_limits PASSED [ 19%]
tests/test_collinearity_units.py::test_unit_allocation_and_removed_work[auto] PASSED [ 19%]
tests/test_collinearity_units.py::test_unit_allocation_and_removed_work[cds] PASSED [ 19%]
tests/test_collinearity_units.py::test_unit_allocation_and_removed_work[locus] PASSED [ 19%]
tests/test_collinearity_units.py::test_complete_collinear_outputs_with_frozen_units[sparse-2-False-rbh-auto-1-False-adjacent] PASSED [ 19%]
tests/test_collinearity_units.py::test_complete_collinear_outputs_with_frozen_units[sparse-2-False-rbh-auto-1-False-all] PASSED [ 19%]
tests/test_collinearity_units.py::test_complete_collinear_outputs_with_frozen_units[sparse-2-False-rbh-auto-1-True-adjacent] PASSED [ 20%]
tests/test_collinearity_units.py::test_complete_collinear_outputs_with_frozen_units[sparse-2-False-rbh-auto-1-True-all] PASSED [ 20%]
tests/test_collinearity_units.py::test_complete_collinear_outputs_with_frozen_units[sparse-2-False-rbh-auto-5-False-adjacent] PASSED [ 20%]
tests/test_collinearity_units.py::test_complete_collinear_outputs_with_frozen_units[sparse-2-False-rbh-auto-5-False-all] PASSED [ 20%]
tests/test_collinearity_units.py::test_complete_collinear_outputs_with_frozen_units[sparse-2-False-rbh-auto-5-True-adjacent] PASSED [ 20%]
tests/test_collinearity_units.py::test_complete_collinear_outputs_with_frozen_units[sparse-2-False-rbh-auto-5-True-all] PASSED [ 20%]
tests/test_collinearity_units.py::test_complete_collinear_outputs_with_frozen_units[sparse-2-False-rbh-auto-None-False-adjacent] PASSED [ 21%]
tests/test_collinearity_units.py::test_complete_collinear_outputs_with_frozen_units[sparse-2-False-rbh-auto-None-False-all] PASSED [ 21%]
tests/test_collinearity_units.py::test_complete_collinear_outputs_with_frozen_units[sparse-2-False-rbh-auto-None-True-adjacent] PASSED [ 21%]
tests/test_collinearity_units.py::test_complete_collinear_outputs_with_frozen_units[sparse-2-False-rbh-auto-None-True-all] PASSED [ 21%]
tests/test_collinearity_units.py::test_complete_collinear_outputs_with_frozen_units[sparse-2-False-rbh-cds-1-False-adjacent] PASSED [ 21%]
tests/test_collinearity_units.py::test_complete_collinear_outputs_with_frozen_units[sparse-2-False-rbh-cds-1-False-all] PASSED [ 21%]
tests/test_collinearity_units.py::test_complete_collinear_outputs_with_frozen_units[sparse-2-False-rbh-cds-1-True-adjacent] PASSED [ 22%]
tests/test_collinearity_units.py::test_complete_collinear_outputs_with_frozen_units[sparse-2-False-rbh-cds-1-True-all] PASSED [ 22%]
tests/test_collinearity_units.py::test_complete_collinear_outputs_with_frozen_units[sparse-2-False-rbh-cds-5-False-adjacent] PASSED [ 22%]
tests/test_collinearity_units.py::test_complete_collinear_outputs_with_frozen_units[sparse-2-False-rbh-cds-5-False-all] PASSED [ 22%]
tests/test_collinearity_units.py::test_complete_collinear_outputs_with_frozen_units[sparse-2-False-rbh-cds-5-True-adjacent] PASSED [ 22%]
tests/test_collinearity_units.py::test_complete_collinear_outputs_with_frozen_units[sparse-2-False-rbh-cds-5-True-all] PASSED [ 22%]
tests/test_collinearity_units.py::test_complete_collinear_outputs_with_frozen_units[sparse-2-False-rbh-cds-None-False-adjacent] PASSED [ 22%]
tests/test_collinearity_units.py::test_complete_collinear_outputs_with_frozen_units[sparse-2-False-rbh-cds-None-False-all] PASSED [ 23%]
tests/test_collinearity_units.py::test_complete_collinear_outputs_with_frozen_units[sparse-2-False-rbh-cds-None-True-adjacent] PASSED [ 23%]
tests/test_collinearity_units.py::test_complete_collinear_outputs_with_frozen_units[sparse-2-False-rbh-cds-None-True-all] PASSED [ 23%]
tests/test_collinearity_units.py::test_complete_collinear_outputs_with_frozen_units[sparse-2-False-rbh-locus-1-False-adjacent] PASSED [ 23%]
tests/test_collinearity_units.py::test_complete_collinear_outputs_with_frozen_units[sparse-2-False-rbh-locus-1-False-all] PASSED [ 23%]
tests/test_collinearity_units.py::test_complete_collinear_outputs_with_frozen_units[sparse-2-False-rbh-locus-1-True-adjacent] PASSED [ 23%]
tests/test_collinearity_units.py::test_complete_collinear_outputs_with_frozen_units[sparse-2-False-rbh-locus-1-True-all] PASSED [ 24%]
tests/test_collinearity_units.py::test_complete_collinear_outputs_with_frozen_units[sparse-2-False-rbh-locus-5-False-adjacent] PASSED [ 24%]
tests/test_collinearity_units.py::test_complete_collinear_outputs_with_frozen_units[sparse-2-False-rbh-locus-5-False-all] PASSED [ 24%]
tests/test_collinearity_units.py::test_complete_collinear_outputs_with_frozen_units[sparse-2-False-rbh-locus-5-True-adjacent] PASSED [ 24%]
tests/test_collinearity_units.py::test_complete_collinear_outputs_with_frozen_units[sparse-2-False-rbh-locus-5-True-all] PASSED [ 24%]
tests/test_collinearity_units.py::test_complete_collinear_outputs_with_frozen_units[sparse-2-False-rbh-locus-None-False-adjacent] PASSED [ 24%]
tests/test_collinearity_units.py::test_complete_collinear_outputs_with_frozen_units[sparse-2-False-rbh-locus-None-False-all] PASSED [ 25%]
tests/test_collinearity_units.py::test_complete_collinear_outputs_with_frozen_units[sparse-2-False-rbh-locus-None-True-adjacent] PASSED [ 25%]
tests/test_collinearity_units.py::test_complete_collinear_outputs_with_frozen_units[sparse-2-False-rbh-locus-None-True-all] PASSED [ 25%]
tests/test_collinearity_units.py::test_complete_collinear_outputs_with_frozen_units[sparse-2-False-one_to_one-auto-1-False-adjacent] PASSED [ 25%]
tests/test_collinearity_units.py::test_complete_collinear_outputs_with_frozen_units[sparse-2-False-one_to_one-auto-1-False-all] PASSED [ 25%]
tests/test_collinearity_units.py::test_complete_collinear_outputs_with_frozen_units[sparse-2-False-one_to_one-auto-1-True-adjacent] PASSED [ 25%]
tests/test_collinearity_units.py::test_complete_collinear_outputs_with_frozen_units[sparse-2-False-one_to_one-auto-1-True-all] PASSED [ 26%]
tests/test_collinearity_units.py::test_complete_collinear_outputs_with_frozen_units[sparse-2-False-one_to_one-auto-5-False-adjacent] PASSED [ 26%]
tests/test_collinearity_units.py::test_complete_collinear_outputs_with_frozen_units[sparse-2-False-one_to_one-auto-5-False-all] PASSED [ 26%]
tests/test_collinearity_units.py::test_complete_collinear_outputs_with_frozen_units[sparse-2-False-one_to_one-auto-5-True-adjacent] PASSED [ 26%]
tests/test_collinearity_units.py::test_complete_collinear_outputs_with_frozen_units[sparse-2-False-one_to_one-auto-5-True-all] PASSED [ 26%]
tests/test_collinearity_units.py::test_complete_collinear_outputs_with_frozen_units[sparse-2-False-one_to_one-auto-None-False-adjacent] PASSED [ 26%]
tests/test_collinearity_units.py::test_complete_collinear_outputs_with_frozen_units[sparse-2-False-one_to_one-auto-None-False-all] PASSED [ 27%]
tests/test_collinearity_units.py::test_complete_collinear_outputs_with_frozen_units[sparse-2-False-one_to_one-auto-None-True-adjacent] PASSED [ 27%]
tests/test_collinearity_units.py::test_complete_collinear_outputs_with_frozen_units[sparse-2-False-one_to_one-auto-None-True-all] PASSED [ 27%]
tests/test_collinearity_units.py::test_complete_collinear_outputs_with_frozen_units[sparse-2-False-one_to_one-cds-1-False-adjacent] PASSED [ 27%]
tests/test_collinearity_units.py::test_complete_collinear_outputs_with_frozen_units[sparse-2-False-one_to_one-cds-1-False-all] PASSED [ 27%]
tests/test_collinearity_units.py::test_complete_collinear_outputs_with_frozen_units[sparse-2-False-one_to_one-cds-1-True-adjacent] PASSED [ 27%]
tests/test_collinearity_units.py::test_complete_collinear_outputs_with_frozen_units[sparse-2-False-one_to_one-cds-1-True-all] PASSED [ 27%]
tests/test_collinearity_units.py::test_complete_collinear_outputs_with_frozen_units[sparse-2-False-one_to_one-cds-5-False-adjacent] PASSED [ 28%]
tests/test_collinearity_units.py::test_complete_collinear_outputs_with_frozen_units[sparse-2-False-one_to_one-cds-5-False-all] PASSED [ 28%]
tests/test_collinearity_units.py::test_complete_collinear_outputs_with_frozen_units[sparse-2-False-one_to_one-cds-5-True-adjacent] PASSED [ 28%]
tests/test_collinearity_units.py::test_complete_collinear_outputs_with_frozen_units[sparse-2-False-one_to_one-cds-5-True-all] PASSED [ 28%]
tests/test_collinearity_units.py::test_complete_collinear_outputs_with_frozen_units[sparse-2-False-one_to_one-cds-None-False-adjacent] PASSED [ 28%]
tests/test_collinearity_units.py::test_complete_collinear_outputs_with_frozen_units[sparse-2-False-one_to_one-cds-None-False-all] PASSED [ 28%]
tests/test_collinearity_units.py::test_complete_collinear_outputs_with_frozen_units[sparse-2-False-one_to_one-cds-None-True-adjacent] PASSED [ 29%]
tests/test_collinearity_units.py::test_complete_collinear_outputs_with_frozen_units[sparse-2-False-one_to_one-cds-None-True-all] PASSED [ 29%]
tests/test_collinearity_units.py::test_complete_collinear_outputs_with_frozen_units[sparse-2-False-one_to_one-locus-1-False-adjacent] PASSED [ 29%]
tests/test_collinearity_units.py::test_complete_collinear_outputs_with_frozen_units[sparse-2-False-one_to_one-locus-1-False-all] PASSED [ 29%]
tests/test_collinearity_units.py::test_complete_collinear_outputs_with_frozen_units[sparse-2-False-one_to_one-locus-1-True-adjacent] PASSED [ 29%]
tests/test_collinearity_units.py::test_complete_collinear_outputs_with_frozen_units[sparse-2-False-one_to_one-locus-1-True-all] PASSED [ 29%]
tests/test_collinearity_units.py::test_complete_collinear_outputs_with_frozen_units[sparse-2-False-one_to_one-locus-5-False-adjacent] PASSED [ 30%]
tests/test_collinearity_units.py::test_complete_collinear_outputs_with_frozen_units[sparse-2-False-one_to_one-locus-5-False-all] PASSED [ 30%]
tests/test_collinearity_units.py::test_complete_collinear_outputs_with_frozen_units[sparse-2-False-one_to_one-locus-5-True-adjacent] PASSED [ 30%]
tests/test_collinearity_units.py::test_complete_collinear_outputs_with_frozen_units[sparse-2-False-one_to_one-locus-5-True-all] PASSED [ 30%]
tests/test_collinearity_units.py::test_complete_collinear_outputs_with_frozen_units[sparse-2-False-one_to_one-locus-None-False-adjacent] PASSED [ 30%]
tests/test_collinearity_units.py::test_complete_collinear_outputs_with_frozen_units[sparse-2-False-one_to_one-locus-None-False-all] PASSED [ 30%]
tests/test_collinearity_units.py::test_complete_collinear_outputs_with_frozen_units[sparse-2-False-one_to_one-locus-None-True-adjacent] PASSED [ 31%]
tests/test_collinearity_units.py::test_complete_collinear_outputs_with_frozen_units[sparse-2-False-one_to_one-locus-None-True-all] PASSED [ 31%]
tests/test_collinearity_units.py::test_complete_collinear_outputs_with_frozen_units[sparse-2-False-all-auto-1-False-adjacent] PASSED [ 31%]
tests/test_collinearity_units.py::test_complete_collinear_outputs_with_frozen_units[sparse-2-False-all-auto-1-False-all] PASSED [ 31%]
tests/test_collinearity_units.py::test_complete_collinear_outputs_with_frozen_units[sparse-2-False-all-auto-1-True-adjacent] PASSED [ 31%]
tests/test_collinearity_units.py::test_complete_collinear_outputs_with_frozen_units[sparse-2-False-all-auto-1-True-all] PASSED [ 31%]
tests/test_collinearity_units.py::test_complete_collinear_outputs_with_frozen_units[sparse-2-False-all-auto-5-False-adjacent] PASSED [ 31%]
tests/test_collinearity_units.py::test_complete_collinear_outputs_with_frozen_units[sparse-2-False-all-auto-5-False-all] PASSED [ 32%]
tests/test_collinearity_units.py::test_complete_collinear_outputs_with_frozen_units[sparse-2-False-all-auto-5-True-adjacent] PASSED [ 32%]
tests/test_collinearity_units.py::test_complete_collinear_outputs_with_frozen_units[sparse-2-False-all-auto-5-True-all] PASSED [ 32%]
tests/test_collinearity_units.py::test_complete_collinear_outputs_with_frozen_units[sparse-2-False-all-auto-None-False-adjacent] PASSED [ 32%]
tests/test_collinearity_units.py::test_complete_collinear_outputs_with_frozen_units[sparse-2-False-all-auto-None-False-all] PASSED [ 32%]
tests/test_collinearity_units.py::test_complete_collinear_outputs_with_frozen_units[sparse-2-False-all-auto-None-True-adjacent] PASSED [ 32%]
tests/test_collinearity_units.py::test_complete_collinear_outputs_with_frozen_units[sparse-2-False-all-auto-None-True-all] PASSED [ 33%]
tests/test_collinearity_units.py::test_complete_collinear_outputs_with_frozen_units[sparse-2-False-all-cds-1-False-adjacent] PASSED [ 33%]
tests/test_collinearity_units.py::test_complete_collinear_outputs_with_frozen_units[sparse-2-False-all-cds-1-False-all] PASSED [ 33%]
tests/test_collinearity_units.py::test_complete_collinear_outputs_with_frozen_units[sparse-2-False-all-cds-1-True-adjacent] PASSED [ 33%]
tests/test_collinearity_units.py::test_complete_collinear_outputs_with_frozen_units[sparse-2-False-all-cds-1-True-all] PASSED [ 33%]
tests/test_collinearity_units.py::test_complete_collinear_outputs_with_frozen_units[sparse-2-False-all-cds-5-False-adjacent] PASSED [ 33%]
tests/test_collinearity_units.py::test_complete_collinear_outputs_with_frozen_units[sparse-2-False-all-cds-5-False-all] PASSED [ 34%]
tests/test_collinearity_units.py::test_complete_collinear_outputs_with_frozen_units[sparse-2-False-all-cds-5-True-adjacent] PASSED [ 34%]
tests/test_collinearity_units.py::test_complete_collinear_outputs_with_frozen_units[sparse-2-False-all-cds-5-True-all] PASSED [ 34%]
tests/test_collinearity_units.py::test_complete_collinear_outputs_with_frozen_units[sparse-2-False-all-cds-None-False-adjacent] PASSED [ 34%]
tests/test_collinearity_units.py::test_complete_collinear_outputs_with_frozen_units[sparse-2-False-all-cds-None-False-all] PASSED [ 34%]
tests/test_collinearity_units.py::test_complete_collinear_outputs_with_frozen_units[sparse-2-False-all-cds-None-True-adjacent] PASSED [ 34%]
tests/test_collinearity_units.py::test_complete_collinear_outputs_with_frozen_units[sparse-2-False-all-cds-None-True-all] PASSED [ 35%]
tests/test_collinearity_units.py::test_complete_collinear_outputs_with_frozen_units[sparse-2-False-all-locus-1-False-adjacent] PASSED [ 35%]
tests/test_collinearity_units.py::test_complete_collinear_outputs_with_frozen_units[sparse-2-False-all-locus-1-False-all] PASSED [ 35%]
tests/test_collinearity_units.py::test_complete_collinear_outputs_with_frozen_units[sparse-2-False-all-locus-1-True-adjacent] PASSED [ 35%]
tests/test_collinearity_units.py::test_complete_collinear_outputs_with_frozen_units[sparse-2-False-all-locus-1-True-all] PASSED [ 35%]
tests/test_collinearity_units.py::test_complete_collinear_outputs_with_frozen_units[sparse-2-False-all-locus-5-False-adjacent] PASSED [ 35%]
tests/test_collinearity_units.py::test_complete_collinear_outputs_with_frozen_units[sparse-2-False-all-locus-5-False-all] PASSED [ 36%]
tests/test_collinearity_units.py::test_complete_collinear_outputs_with_frozen_units[sparse-2-False-all-locus-5-True-adjacent] PASSED [ 36%]
tests/test_collinearity_units.py::test_complete_collinear_outputs_with_frozen_units[sparse-2-False-all-locus-5-True-all] PASSED [ 36%]
tests/test_collinearity_units.py::test_complete_collinear_outputs_with_frozen_units[sparse-2-False-all-locus-None-False-adjacent] PASSED [ 36%]
tests/test_collinearity_units.py::test_complete_collinear_outputs_with_frozen_units[sparse-2-False-all-locus-None-False-all] PASSED [ 36%]
tests/test_collinearity_units.py::test_complete_collinear_outputs_with_frozen_units[sparse-2-False-all-locus-None-True-adjacent] PASSED [ 36%]
tests/test_collinearity_units.py::test_complete_collinear_outputs_with_frozen_units[sparse-2-False-all-locus-None-True-all] PASSED [ 36%]
tests/test_collinearity_units.py::test_complete_collinear_outputs_with_frozen_units[dense-4-True-rbh-auto-1-False-adjacent] PASSED [ 37%]
tests/test_collinearity_units.py::test_complete_collinear_outputs_with_frozen_units[dense-4-True-rbh-auto-1-False-all] PASSED [ 37%]
tests/test_collinearity_units.py::test_complete_collinear_outputs_with_frozen_units[dense-4-True-rbh-auto-1-True-adjacent] PASSED [ 37%]
tests/test_collinearity_units.py::test_complete_collinear_outputs_with_frozen_units[dense-4-True-rbh-auto-1-True-all] PASSED [ 37%]
tests/test_collinearity_units.py::test_complete_collinear_outputs_with_frozen_units[dense-4-True-rbh-auto-5-False-adjacent] PASSED [ 37%]
tests/test_collinearity_units.py::test_complete_collinear_outputs_with_frozen_units[dense-4-True-rbh-auto-5-False-all] PASSED [ 37%]
tests/test_collinearity_units.py::test_complete_collinear_outputs_with_frozen_units[dense-4-True-rbh-auto-5-True-adjacent] PASSED [ 38%]
tests/test_collinearity_units.py::test_complete_collinear_outputs_with_frozen_units[dense-4-True-rbh-auto-5-True-all] PASSED [ 38%]
tests/test_collinearity_units.py::test_complete_collinear_outputs_with_frozen_units[dense-4-True-rbh-auto-None-False-adjacent] PASSED [ 38%]
tests/test_collinearity_units.py::test_complete_collinear_outputs_with_frozen_units[dense-4-True-rbh-auto-None-False-all] PASSED [ 38%]
tests/test_collinearity_units.py::test_complete_collinear_outputs_with_frozen_units[dense-4-True-rbh-auto-None-True-adjacent] PASSED [ 38%]
tests/test_collinearity_units.py::test_complete_collinear_outputs_with_frozen_units[dense-4-True-rbh-auto-None-True-all] PASSED [ 38%]
tests/test_collinearity_units.py::test_complete_collinear_outputs_with_frozen_units[dense-4-True-rbh-cds-1-False-adjacent] PASSED [ 39%]
tests/test_collinearity_units.py::test_complete_collinear_outputs_with_frozen_units[dense-4-True-rbh-cds-1-False-all] PASSED [ 39%]
tests/test_collinearity_units.py::test_complete_collinear_outputs_with_frozen_units[dense-4-True-rbh-cds-1-True-adjacent] PASSED [ 39%]
tests/test_collinearity_units.py::test_complete_collinear_outputs_with_frozen_units[dense-4-True-rbh-cds-1-True-all] PASSED [ 39%]
tests/test_collinearity_units.py::test_complete_collinear_outputs_with_frozen_units[dense-4-True-rbh-cds-5-False-adjacent] PASSED [ 39%]
tests/test_collinearity_units.py::test_complete_collinear_outputs_with_frozen_units[dense-4-True-rbh-cds-5-False-all] PASSED [ 39%]
tests/test_collinearity_units.py::test_complete_collinear_outputs_with_frozen_units[dense-4-True-rbh-cds-5-True-adjacent] PASSED [ 40%]
tests/test_collinearity_units.py::test_complete_collinear_outputs_with_frozen_units[dense-4-True-rbh-cds-5-True-all] PASSED [ 40%]
tests/test_collinearity_units.py::test_complete_collinear_outputs_with_frozen_units[dense-4-True-rbh-cds-None-False-adjacent] PASSED [ 40%]
tests/test_collinearity_units.py::test_complete_collinear_outputs_with_frozen_units[dense-4-True-rbh-cds-None-False-all] PASSED [ 40%]
tests/test_collinearity_units.py::test_complete_collinear_outputs_with_frozen_units[dense-4-True-rbh-cds-None-True-adjacent] PASSED [ 40%]
tests/test_collinearity_units.py::test_complete_collinear_outputs_with_frozen_units[dense-4-True-rbh-cds-None-True-all] PASSED [ 40%]
tests/test_collinearity_units.py::test_complete_collinear_outputs_with_frozen_units[dense-4-True-rbh-locus-1-False-adjacent] PASSED [ 40%]
tests/test_collinearity_units.py::test_complete_collinear_outputs_with_frozen_units[dense-4-True-rbh-locus-1-False-all] PASSED [ 41%]
tests/test_collinearity_units.py::test_complete_collinear_outputs_with_frozen_units[dense-4-True-rbh-locus-1-True-adjacent] PASSED [ 41%]
tests/test_collinearity_units.py::test_complete_collinear_outputs_with_frozen_units[dense-4-True-rbh-locus-1-True-all] PASSED [ 41%]
tests/test_collinearity_units.py::test_complete_collinear_outputs_with_frozen_units[dense-4-True-rbh-locus-5-False-adjacent] PASSED [ 41%]
tests/test_collinearity_units.py::test_complete_collinear_outputs_with_frozen_units[dense-4-True-rbh-locus-5-False-all] PASSED [ 41%]
tests/test_collinearity_units.py::test_complete_collinear_outputs_with_frozen_units[dense-4-True-rbh-locus-5-True-adjacent] PASSED [ 41%]
tests/test_collinearity_units.py::test_complete_collinear_outputs_with_frozen_units[dense-4-True-rbh-locus-5-True-all] PASSED [ 42%]
tests/test_collinearity_units.py::test_complete_collinear_outputs_with_frozen_units[dense-4-True-rbh-locus-None-False-adjacent] PASSED [ 42%]
tests/test_collinearity_units.py::test_complete_collinear_outputs_with_frozen_units[dense-4-True-rbh-locus-None-False-all] PASSED [ 42%]
tests/test_collinearity_units.py::test_complete_collinear_outputs_with_frozen_units[dense-4-True-rbh-locus-None-True-adjacent] PASSED [ 42%]
tests/test_collinearity_units.py::test_complete_collinear_outputs_with_frozen_units[dense-4-True-rbh-locus-None-True-all] PASSED [ 42%]
tests/test_collinearity_units.py::test_complete_collinear_outputs_with_frozen_units[dense-4-True-one_to_one-auto-1-False-adjacent] PASSED [ 42%]
tests/test_collinearity_units.py::test_complete_collinear_outputs_with_frozen_units[dense-4-True-one_to_one-auto-1-False-all] PASSED [ 43%]
tests/test_collinearity_units.py::test_complete_collinear_outputs_with_frozen_units[dense-4-True-one_to_one-auto-1-True-adjacent] PASSED [ 43%]
tests/test_collinearity_units.py::test_complete_collinear_outputs_with_frozen_units[dense-4-True-one_to_one-auto-1-True-all] PASSED [ 43%]
tests/test_collinearity_units.py::test_complete_collinear_outputs_with_frozen_units[dense-4-True-one_to_one-auto-5-False-adjacent] PASSED [ 43%]
tests/test_collinearity_units.py::test_complete_collinear_outputs_with_frozen_units[dense-4-True-one_to_one-auto-5-False-all] PASSED [ 43%]
tests/test_collinearity_units.py::test_complete_collinear_outputs_with_frozen_units[dense-4-True-one_to_one-auto-5-True-adjacent] PASSED [ 43%]
tests/test_collinearity_units.py::test_complete_collinear_outputs_with_frozen_units[dense-4-True-one_to_one-auto-5-True-all] PASSED [ 44%]
tests/test_collinearity_units.py::test_complete_collinear_outputs_with_frozen_units[dense-4-True-one_to_one-auto-None-False-adjacent] PASSED [ 44%]
tests/test_collinearity_units.py::test_complete_collinear_outputs_with_frozen_units[dense-4-True-one_to_one-auto-None-False-all] PASSED [ 44%]
tests/test_collinearity_units.py::test_complete_collinear_outputs_with_frozen_units[dense-4-True-one_to_one-auto-None-True-adjacent] PASSED [ 44%]
tests/test_collinearity_units.py::test_complete_collinear_outputs_with_frozen_units[dense-4-True-one_to_one-auto-None-True-all] PASSED [ 44%]
tests/test_collinearity_units.py::test_complete_collinear_outputs_with_frozen_units[dense-4-True-one_to_one-cds-1-False-adjacent] PASSED [ 44%]
tests/test_collinearity_units.py::test_complete_collinear_outputs_with_frozen_units[dense-4-True-one_to_one-cds-1-False-all] PASSED [ 45%]
tests/test_collinearity_units.py::test_complete_collinear_outputs_with_frozen_units[dense-4-True-one_to_one-cds-1-True-adjacent] PASSED [ 45%]
tests/test_collinearity_units.py::test_complete_collinear_outputs_with_frozen_units[dense-4-True-one_to_one-cds-1-True-all] PASSED [ 45%]
tests/test_collinearity_units.py::test_complete_collinear_outputs_with_frozen_units[dense-4-True-one_to_one-cds-5-False-adjacent] PASSED [ 45%]
tests/test_collinearity_units.py::test_complete_collinear_outputs_with_frozen_units[dense-4-True-one_to_one-cds-5-False-all] PASSED [ 45%]
tests/test_collinearity_units.py::test_complete_collinear_outputs_with_frozen_units[dense-4-True-one_to_one-cds-5-True-adjacent] PASSED [ 45%]
tests/test_collinearity_units.py::test_complete_collinear_outputs_with_frozen_units[dense-4-True-one_to_one-cds-5-True-all] PASSED [ 45%]
tests/test_collinearity_units.py::test_complete_collinear_outputs_with_frozen_units[dense-4-True-one_to_one-cds-None-False-adjacent] PASSED [ 46%]
tests/test_collinearity_units.py::test_complete_collinear_outputs_with_frozen_units[dense-4-True-one_to_one-cds-None-False-all] PASSED [ 46%]
tests/test_collinearity_units.py::test_complete_collinear_outputs_with_frozen_units[dense-4-True-one_to_one-cds-None-True-adjacent] PASSED [ 46%]
tests/test_collinearity_units.py::test_complete_collinear_outputs_with_frozen_units[dense-4-True-one_to_one-cds-None-True-all] PASSED [ 46%]
tests/test_collinearity_units.py::test_complete_collinear_outputs_with_frozen_units[dense-4-True-one_to_one-locus-1-False-adjacent] PASSED [ 46%]
tests/test_collinearity_units.py::test_complete_collinear_outputs_with_frozen_units[dense-4-True-one_to_one-locus-1-False-all] PASSED [ 46%]
tests/test_collinearity_units.py::test_complete_collinear_outputs_with_frozen_units[dense-4-True-one_to_one-locus-1-True-adjacent] PASSED [ 47%]
tests/test_collinearity_units.py::test_complete_collinear_outputs_with_frozen_units[dense-4-True-one_to_one-locus-1-True-all] PASSED [ 47%]
tests/test_collinearity_units.py::test_complete_collinear_outputs_with_frozen_units[dense-4-True-one_to_one-locus-5-False-adjacent] PASSED [ 47%]
tests/test_collinearity_units.py::test_complete_collinear_outputs_with_frozen_units[dense-4-True-one_to_one-locus-5-False-all] PASSED [ 47%]
tests/test_collinearity_units.py::test_complete_collinear_outputs_with_frozen_units[dense-4-True-one_to_one-locus-5-True-adjacent] PASSED [ 47%]
tests/test_collinearity_units.py::test_complete_collinear_outputs_with_frozen_units[dense-4-True-one_to_one-locus-5-True-all] PASSED [ 47%]
tests/test_collinearity_units.py::test_complete_collinear_outputs_with_frozen_units[dense-4-True-one_to_one-locus-None-False-adjacent] PASSED [ 48%]
tests/test_collinearity_units.py::test_complete_collinear_outputs_with_frozen_units[dense-4-True-one_to_one-locus-None-False-all] PASSED [ 48%]
tests/test_collinearity_units.py::test_complete_collinear_outputs_with_frozen_units[dense-4-True-one_to_one-locus-None-True-adjacent] PASSED [ 48%]
tests/test_collinearity_units.py::test_complete_collinear_outputs_with_frozen_units[dense-4-True-one_to_one-locus-None-True-all] PASSED [ 48%]
tests/test_collinearity_units.py::test_complete_collinear_outputs_with_frozen_units[dense-4-True-all-auto-1-False-adjacent] PASSED [ 48%]
tests/test_collinearity_units.py::test_complete_collinear_outputs_with_frozen_units[dense-4-True-all-auto-1-False-all] PASSED [ 48%]
tests/test_collinearity_units.py::test_complete_collinear_outputs_with_frozen_units[dense-4-True-all-auto-1-True-adjacent] PASSED [ 49%]
tests/test_collinearity_units.py::test_complete_collinear_outputs_with_frozen_units[dense-4-True-all-auto-1-True-all] PASSED [ 49%]
tests/test_collinearity_units.py::test_complete_collinear_outputs_with_frozen_units[dense-4-True-all-auto-5-False-adjacent] PASSED [ 49%]
tests/test_collinearity_units.py::test_complete_collinear_outputs_with_frozen_units[dense-4-True-all-auto-5-False-all] PASSED [ 49%]
tests/test_collinearity_units.py::test_complete_collinear_outputs_with_frozen_units[dense-4-True-all-auto-5-True-adjacent] PASSED [ 49%]
tests/test_collinearity_units.py::test_complete_collinear_outputs_with_frozen_units[dense-4-True-all-auto-5-True-all] PASSED [ 49%]
tests/test_collinearity_units.py::test_complete_collinear_outputs_with_frozen_units[dense-4-True-all-auto-None-False-adjacent] PASSED [ 50%]
tests/test_collinearity_units.py::test_complete_collinear_outputs_with_frozen_units[dense-4-True-all-auto-None-False-all] PASSED [ 50%]
tests/test_collinearity_units.py::test_complete_collinear_outputs_with_frozen_units[dense-4-True-all-auto-None-True-adjacent] PASSED [ 50%]
tests/test_collinearity_units.py::test_complete_collinear_outputs_with_frozen_units[dense-4-True-all-auto-None-True-all] PASSED [ 50%]
tests/test_collinearity_units.py::test_complete_collinear_outputs_with_frozen_units[dense-4-True-all-cds-1-False-adjacent] PASSED [ 50%]
tests/test_collinearity_units.py::test_complete_collinear_outputs_with_frozen_units[dense-4-True-all-cds-1-False-all] PASSED [ 50%]
tests/test_collinearity_units.py::test_complete_collinear_outputs_with_frozen_units[dense-4-True-all-cds-1-True-adjacent] PASSED [ 50%]
tests/test_collinearity_units.py::test_complete_collinear_outputs_with_frozen_units[dense-4-True-all-cds-1-True-all] PASSED [ 51%]
tests/test_collinearity_units.py::test_complete_collinear_outputs_with_frozen_units[dense-4-True-all-cds-5-False-adjacent] PASSED [ 51%]
tests/test_collinearity_units.py::test_complete_collinear_outputs_with_frozen_units[dense-4-True-all-cds-5-False-all] PASSED [ 51%]
tests/test_collinearity_units.py::test_complete_collinear_outputs_with_frozen_units[dense-4-True-all-cds-5-True-adjacent] PASSED [ 51%]
tests/test_collinearity_units.py::test_complete_collinear_outputs_with_frozen_units[dense-4-True-all-cds-5-True-all] PASSED [ 51%]
tests/test_collinearity_units.py::test_complete_collinear_outputs_with_frozen_units[dense-4-True-all-cds-None-False-adjacent] PASSED [ 51%]
tests/test_collinearity_units.py::test_complete_collinear_outputs_with_frozen_units[dense-4-True-all-cds-None-False-all] PASSED [ 52%]
tests/test_collinearity_units.py::test_complete_collinear_outputs_with_frozen_units[dense-4-True-all-cds-None-True-adjacent] PASSED [ 52%]
tests/test_collinearity_units.py::test_complete_collinear_outputs_with_frozen_units[dense-4-True-all-cds-None-True-all] PASSED [ 52%]
tests/test_collinearity_units.py::test_complete_collinear_outputs_with_frozen_units[dense-4-True-all-locus-1-False-adjacent] PASSED [ 52%]
tests/test_collinearity_units.py::test_complete_collinear_outputs_with_frozen_units[dense-4-True-all-locus-1-False-all] PASSED [ 52%]
tests/test_collinearity_units.py::test_complete_collinear_outputs_with_frozen_units[dense-4-True-all-locus-1-True-adjacent] PASSED [ 52%]
tests/test_collinearity_units.py::test_complete_collinear_outputs_with_frozen_units[dense-4-True-all-locus-1-True-all] PASSED [ 53%]
tests/test_collinearity_units.py::test_complete_collinear_outputs_with_frozen_units[dense-4-True-all-locus-5-False-adjacent] PASSED [ 53%]
tests/test_collinearity_units.py::test_complete_collinear_outputs_with_frozen_units[dense-4-True-all-locus-5-False-all] PASSED [ 53%]
tests/test_collinearity_units.py::test_complete_collinear_outputs_with_frozen_units[dense-4-True-all-locus-5-True-adjacent] PASSED [ 53%]
tests/test_collinearity_units.py::test_complete_collinear_outputs_with_frozen_units[dense-4-True-all-locus-5-True-all] PASSED [ 53%]
tests/test_collinearity_units.py::test_complete_collinear_outputs_with_frozen_units[dense-4-True-all-locus-None-False-adjacent] PASSED [ 53%]
tests/test_collinearity_units.py::test_complete_collinear_outputs_with_frozen_units[dense-4-True-all-locus-None-False-all] PASSED [ 54%]
tests/test_collinearity_units.py::test_complete_collinear_outputs_with_frozen_units[dense-4-True-all-locus-None-True-adjacent] PASSED [ 54%]
tests/test_collinearity_units.py::test_complete_collinear_outputs_with_frozen_units[dense-4-True-all-locus-None-True-all] PASSED [ 54%]
tests/test_collinearity_units.py::test_complete_collinear_outputs_with_frozen_units[support-edges-False-rbh-auto-1-False-adjacent] PASSED [ 54%]
tests/test_collinearity_units.py::test_complete_collinear_outputs_with_frozen_units[support-edges-False-rbh-auto-1-False-all] PASSED [ 54%]
tests/test_collinearity_units.py::test_complete_collinear_outputs_with_frozen_units[support-edges-False-rbh-auto-1-True-adjacent] PASSED [ 54%]
tests/test_collinearity_units.py::test_complete_collinear_outputs_with_frozen_units[support-edges-False-rbh-auto-1-True-all] PASSED [ 54%]
tests/test_collinearity_units.py::test_complete_collinear_outputs_with_frozen_units[support-edges-False-rbh-auto-5-False-adjacent] PASSED [ 55%]
tests/test_collinearity_units.py::test_complete_collinear_outputs_with_frozen_units[support-edges-False-rbh-auto-5-False-all] PASSED [ 55%]
tests/test_collinearity_units.py::test_complete_collinear_outputs_with_frozen_units[support-edges-False-rbh-auto-5-True-adjacent] PASSED [ 55%]
tests/test_collinearity_units.py::test_complete_collinear_outputs_with_frozen_units[support-edges-False-rbh-auto-5-True-all] PASSED [ 55%]
tests/test_collinearity_units.py::test_complete_collinear_outputs_with_frozen_units[support-edges-False-rbh-auto-None-False-adjacent] PASSED [ 55%]
tests/test_collinearity_units.py::test_complete_collinear_outputs_with_frozen_units[support-edges-False-rbh-auto-None-False-all] PASSED [ 55%]
tests/test_collinearity_units.py::test_complete_collinear_outputs_with_frozen_units[support-edges-False-rbh-auto-None-True-adjacent] PASSED [ 56%]
tests/test_collinearity_units.py::test_complete_collinear_outputs_with_frozen_units[support-edges-False-rbh-auto-None-True-all] PASSED [ 56%]
tests/test_collinearity_units.py::test_complete_collinear_outputs_with_frozen_units[support-edges-False-rbh-cds-1-False-adjacent] PASSED [ 56%]
tests/test_collinearity_units.py::test_complete_collinear_outputs_with_frozen_units[support-edges-False-rbh-cds-1-False-all] PASSED [ 56%]
tests/test_collinearity_units.py::test_complete_collinear_outputs_with_frozen_units[support-edges-False-rbh-cds-1-True-adjacent] PASSED [ 56%]
tests/test_collinearity_units.py::test_complete_collinear_outputs_with_frozen_units[support-edges-False-rbh-cds-1-True-all] PASSED [ 56%]
tests/test_collinearity_units.py::test_complete_collinear_outputs_with_frozen_units[support-edges-False-rbh-cds-5-False-adjacent] PASSED [ 57%]
tests/test_collinearity_units.py::test_complete_collinear_outputs_with_frozen_units[support-edges-False-rbh-cds-5-False-all] PASSED [ 57%]
tests/test_collinearity_units.py::test_complete_collinear_outputs_with_frozen_units[support-edges-False-rbh-cds-5-True-adjacent] PASSED [ 57%]
tests/test_collinearity_units.py::test_complete_collinear_outputs_with_frozen_units[support-edges-False-rbh-cds-5-True-all] PASSED [ 57%]
tests/test_collinearity_units.py::test_complete_collinear_outputs_with_frozen_units[support-edges-False-rbh-cds-None-False-adjacent] PASSED [ 57%]
tests/test_collinearity_units.py::test_complete_collinear_outputs_with_frozen_units[support-edges-False-rbh-cds-None-False-all] PASSED [ 57%]
tests/test_collinearity_units.py::test_complete_collinear_outputs_with_frozen_units[support-edges-False-rbh-cds-None-True-adjacent] PASSED [ 58%]
tests/test_collinearity_units.py::test_complete_collinear_outputs_with_frozen_units[support-edges-False-rbh-cds-None-True-all] PASSED [ 58%]
tests/test_collinearity_units.py::test_complete_collinear_outputs_with_frozen_units[support-edges-False-rbh-locus-1-False-adjacent] PASSED [ 58%]
tests/test_collinearity_units.py::test_complete_collinear_outputs_with_frozen_units[support-edges-False-rbh-locus-1-False-all] PASSED [ 58%]
tests/test_collinearity_units.py::test_complete_collinear_outputs_with_frozen_units[support-edges-False-rbh-locus-1-True-adjacent] PASSED [ 58%]
tests/test_collinearity_units.py::test_complete_collinear_outputs_with_frozen_units[support-edges-False-rbh-locus-1-True-all] PASSED [ 58%]
tests/test_collinearity_units.py::test_complete_collinear_outputs_with_frozen_units[support-edges-False-rbh-locus-5-False-adjacent] PASSED [ 59%]
tests/test_collinearity_units.py::test_complete_collinear_outputs_with_frozen_units[support-edges-False-rbh-locus-5-False-all] PASSED [ 59%]
tests/test_collinearity_units.py::test_complete_collinear_outputs_with_frozen_units[support-edges-False-rbh-locus-5-True-adjacent] PASSED [ 59%]
tests/test_collinearity_units.py::test_complete_collinear_outputs_with_frozen_units[support-edges-False-rbh-locus-5-True-all] PASSED [ 59%]
tests/test_collinearity_units.py::test_complete_collinear_outputs_with_frozen_units[support-edges-False-rbh-locus-None-False-adjacent] PASSED [ 59%]
tests/test_collinearity_units.py::test_complete_collinear_outputs_with_frozen_units[support-edges-False-rbh-locus-None-False-all] PASSED [ 59%]
tests/test_collinearity_units.py::test_complete_collinear_outputs_with_frozen_units[support-edges-False-rbh-locus-None-True-adjacent] PASSED [ 59%]
tests/test_collinearity_units.py::test_complete_collinear_outputs_with_frozen_units[support-edges-False-rbh-locus-None-True-all] PASSED [ 60%]
tests/test_collinearity_units.py::test_complete_collinear_outputs_with_frozen_units[support-edges-False-one_to_one-auto-1-False-adjacent] PASSED [ 60%]
tests/test_collinearity_units.py::test_complete_collinear_outputs_with_frozen_units[support-edges-False-one_to_one-auto-1-False-all] PASSED [ 60%]
tests/test_collinearity_units.py::test_complete_collinear_outputs_with_frozen_units[support-edges-False-one_to_one-auto-1-True-adjacent] PASSED [ 60%]
tests/test_collinearity_units.py::test_complete_collinear_outputs_with_frozen_units[support-edges-False-one_to_one-auto-1-True-all] PASSED [ 60%]
tests/test_collinearity_units.py::test_complete_collinear_outputs_with_frozen_units[support-edges-False-one_to_one-auto-5-False-adjacent] PASSED [ 60%]
tests/test_collinearity_units.py::test_complete_collinear_outputs_with_frozen_units[support-edges-False-one_to_one-auto-5-False-all] PASSED [ 61%]
tests/test_collinearity_units.py::test_complete_collinear_outputs_with_frozen_units[support-edges-False-one_to_one-auto-5-True-adjacent] PASSED [ 61%]
tests/test_collinearity_units.py::test_complete_collinear_outputs_with_frozen_units[support-edges-False-one_to_one-auto-5-True-all] PASSED [ 61%]
tests/test_collinearity_units.py::test_complete_collinear_outputs_with_frozen_units[support-edges-False-one_to_one-auto-None-False-adjacent] PASSED [ 61%]
tests/test_collinearity_units.py::test_complete_collinear_outputs_with_frozen_units[support-edges-False-one_to_one-auto-None-False-all] PASSED [ 61%]
tests/test_collinearity_units.py::test_complete_collinear_outputs_with_frozen_units[support-edges-False-one_to_one-auto-None-True-adjacent] PASSED [ 61%]
tests/test_collinearity_units.py::test_complete_collinear_outputs_with_frozen_units[support-edges-False-one_to_one-auto-None-True-all] PASSED [ 62%]
tests/test_collinearity_units.py::test_complete_collinear_outputs_with_frozen_units[support-edges-False-one_to_one-cds-1-False-adjacent] PASSED [ 62%]
tests/test_collinearity_units.py::test_complete_collinear_outputs_with_frozen_units[support-edges-False-one_to_one-cds-1-False-all] PASSED [ 62%]
tests/test_collinearity_units.py::test_complete_collinear_outputs_with_frozen_units[support-edges-False-one_to_one-cds-1-True-adjacent] PASSED [ 62%]
tests/test_collinearity_units.py::test_complete_collinear_outputs_with_frozen_units[support-edges-False-one_to_one-cds-1-True-all] PASSED [ 62%]
tests/test_collinearity_units.py::test_complete_collinear_outputs_with_frozen_units[support-edges-False-one_to_one-cds-5-False-adjacent] PASSED [ 62%]
tests/test_collinearity_units.py::test_complete_collinear_outputs_with_frozen_units[support-edges-False-one_to_one-cds-5-False-all] PASSED [ 63%]
tests/test_collinearity_units.py::test_complete_collinear_outputs_with_frozen_units[support-edges-False-one_to_one-cds-5-True-adjacent] PASSED [ 63%]
tests/test_collinearity_units.py::test_complete_collinear_outputs_with_frozen_units[support-edges-False-one_to_one-cds-5-True-all] PASSED [ 63%]
tests/test_collinearity_units.py::test_complete_collinear_outputs_with_frozen_units[support-edges-False-one_to_one-cds-None-False-adjacent] PASSED [ 63%]
tests/test_collinearity_units.py::test_complete_collinear_outputs_with_frozen_units[support-edges-False-one_to_one-cds-None-False-all] PASSED [ 63%]
tests/test_collinearity_units.py::test_complete_collinear_outputs_with_frozen_units[support-edges-False-one_to_one-cds-None-True-adjacent] PASSED [ 63%]
tests/test_collinearity_units.py::test_complete_collinear_outputs_with_frozen_units[support-edges-False-one_to_one-cds-None-True-all] PASSED [ 63%]
tests/test_collinearity_units.py::test_complete_collinear_outputs_with_frozen_units[support-edges-False-one_to_one-locus-1-False-adjacent] PASSED [ 64%]
tests/test_collinearity_units.py::test_complete_collinear_outputs_with_frozen_units[support-edges-False-one_to_one-locus-1-False-all] PASSED [ 64%]
tests/test_collinearity_units.py::test_complete_collinear_outputs_with_frozen_units[support-edges-False-one_to_one-locus-1-True-adjacent] PASSED [ 64%]
tests/test_collinearity_units.py::test_complete_collinear_outputs_with_frozen_units[support-edges-False-one_to_one-locus-1-True-all] PASSED [ 64%]
tests/test_collinearity_units.py::test_complete_collinear_outputs_with_frozen_units[support-edges-False-one_to_one-locus-5-False-adjacent] PASSED [ 64%]
tests/test_collinearity_units.py::test_complete_collinear_outputs_with_frozen_units[support-edges-False-one_to_one-locus-5-False-all] PASSED [ 64%]
tests/test_collinearity_units.py::test_complete_collinear_outputs_with_frozen_units[support-edges-False-one_to_one-locus-5-True-adjacent] PASSED [ 65%]
tests/test_collinearity_units.py::test_complete_collinear_outputs_with_frozen_units[support-edges-False-one_to_one-locus-5-True-all] PASSED [ 65%]
tests/test_collinearity_units.py::test_complete_collinear_outputs_with_frozen_units[support-edges-False-one_to_one-locus-None-False-adjacent] PASSED [ 65%]
tests/test_collinearity_units.py::test_complete_collinear_outputs_with_frozen_units[support-edges-False-one_to_one-locus-None-False-all] PASSED [ 65%]
tests/test_collinearity_units.py::test_complete_collinear_outputs_with_frozen_units[support-edges-False-one_to_one-locus-None-True-adjacent] PASSED [ 65%]
tests/test_collinearity_units.py::test_complete_collinear_outputs_with_frozen_units[support-edges-False-one_to_one-locus-None-True-all] PASSED [ 65%]
tests/test_collinearity_units.py::test_complete_collinear_outputs_with_frozen_units[support-edges-False-all-auto-1-False-adjacent] PASSED [ 66%]
tests/test_collinearity_units.py::test_complete_collinear_outputs_with_frozen_units[support-edges-False-all-auto-1-False-all] PASSED [ 66%]
tests/test_collinearity_units.py::test_complete_collinear_outputs_with_frozen_units[support-edges-False-all-auto-1-True-adjacent] PASSED [ 66%]
tests/test_collinearity_units.py::test_complete_collinear_outputs_with_frozen_units[support-edges-False-all-auto-1-True-all] PASSED [ 66%]
tests/test_collinearity_units.py::test_complete_collinear_outputs_with_frozen_units[support-edges-False-all-auto-5-False-adjacent] PASSED [ 66%]
tests/test_collinearity_units.py::test_complete_collinear_outputs_with_frozen_units[support-edges-False-all-auto-5-False-all] PASSED [ 66%]
tests/test_collinearity_units.py::test_complete_collinear_outputs_with_frozen_units[support-edges-False-all-auto-5-True-adjacent] PASSED [ 67%]
tests/test_collinearity_units.py::test_complete_collinear_outputs_with_frozen_units[support-edges-False-all-auto-5-True-all] PASSED [ 67%]
tests/test_collinearity_units.py::test_complete_collinear_outputs_with_frozen_units[support-edges-False-all-auto-None-False-adjacent] PASSED [ 67%]
tests/test_collinearity_units.py::test_complete_collinear_outputs_with_frozen_units[support-edges-False-all-auto-None-False-all] PASSED [ 67%]
tests/test_collinearity_units.py::test_complete_collinear_outputs_with_frozen_units[support-edges-False-all-auto-None-True-adjacent] PASSED [ 67%]
tests/test_collinearity_units.py::test_complete_collinear_outputs_with_frozen_units[support-edges-False-all-auto-None-True-all] PASSED [ 67%]
tests/test_collinearity_units.py::test_complete_collinear_outputs_with_frozen_units[support-edges-False-all-cds-1-False-adjacent] PASSED [ 68%]
tests/test_collinearity_units.py::test_complete_collinear_outputs_with_frozen_units[support-edges-False-all-cds-1-False-all] PASSED [ 68%]
tests/test_collinearity_units.py::test_complete_collinear_outputs_with_frozen_units[support-edges-False-all-cds-1-True-adjacent] PASSED [ 68%]
tests/test_collinearity_units.py::test_complete_collinear_outputs_with_frozen_units[support-edges-False-all-cds-1-True-all] PASSED [ 68%]
tests/test_collinearity_units.py::test_complete_collinear_outputs_with_frozen_units[support-edges-False-all-cds-5-False-adjacent] PASSED [ 68%]
tests/test_collinearity_units.py::test_complete_collinear_outputs_with_frozen_units[support-edges-False-all-cds-5-False-all] PASSED [ 68%]
tests/test_collinearity_units.py::test_complete_collinear_outputs_with_frozen_units[support-edges-False-all-cds-5-True-adjacent] PASSED [ 68%]
tests/test_collinearity_units.py::test_complete_collinear_outputs_with_frozen_units[support-edges-False-all-cds-5-True-all] PASSED [ 69%]
tests/test_collinearity_units.py::test_complete_collinear_outputs_with_frozen_units[support-edges-False-all-cds-None-False-adjacent] PASSED [ 69%]
tests/test_collinearity_units.py::test_complete_collinear_outputs_with_frozen_units[support-edges-False-all-cds-None-False-all] PASSED [ 69%]
tests/test_collinearity_units.py::test_complete_collinear_outputs_with_frozen_units[support-edges-False-all-cds-None-True-adjacent] PASSED [ 69%]
tests/test_collinearity_units.py::test_complete_collinear_outputs_with_frozen_units[support-edges-False-all-cds-None-True-all] PASSED [ 69%]
tests/test_collinearity_units.py::test_complete_collinear_outputs_with_frozen_units[support-edges-False-all-locus-1-False-adjacent] PASSED [ 69%]
tests/test_collinearity_units.py::test_complete_collinear_outputs_with_frozen_units[support-edges-False-all-locus-1-False-all] PASSED [ 70%]
tests/test_collinearity_units.py::test_complete_collinear_outputs_with_frozen_units[support-edges-False-all-locus-1-True-adjacent] PASSED [ 70%]
tests/test_collinearity_units.py::test_complete_collinear_outputs_with_frozen_units[support-edges-False-all-locus-1-True-all] PASSED [ 70%]
tests/test_collinearity_units.py::test_complete_collinear_outputs_with_frozen_units[support-edges-False-all-locus-5-False-adjacent] PASSED [ 70%]
tests/test_collinearity_units.py::test_complete_collinear_outputs_with_frozen_units[support-edges-False-all-locus-5-False-all] PASSED [ 70%]
tests/test_collinearity_units.py::test_complete_collinear_outputs_with_frozen_units[support-edges-False-all-locus-5-True-adjacent] PASSED [ 70%]
tests/test_collinearity_units.py::test_complete_collinear_outputs_with_frozen_units[support-edges-False-all-locus-5-True-all] PASSED [ 71%]
tests/test_collinearity_units.py::test_complete_collinear_outputs_with_frozen_units[support-edges-False-all-locus-None-False-adjacent] PASSED [ 71%]
tests/test_collinearity_units.py::test_complete_collinear_outputs_with_frozen_units[support-edges-False-all-locus-None-False-all] PASSED [ 71%]
tests/test_collinearity_units.py::test_complete_collinear_outputs_with_frozen_units[support-edges-False-all-locus-None-True-adjacent] PASSED [ 71%]
tests/test_collinearity_units.py::test_complete_collinear_outputs_with_frozen_units[support-edges-False-all-locus-None-True-all] PASSED [ 71%]
tests/test_collinearity.py::test_collinear_record_local_mixed_fixture[rbh-adjacent] PASSED [ 71%]
tests/test_collinearity.py::test_collinear_record_local_mixed_fixture[rbh-all] PASSED [ 72%]
tests/test_collinearity.py::test_collinear_record_local_mixed_fixture[one_to_one-adjacent] PASSED [ 72%]
tests/test_collinearity.py::test_collinear_record_local_mixed_fixture[one_to_one-all] PASSED [ 72%]
tests/test_collinearity.py::test_collinear_record_local_mixed_fixture[all_hits-adjacent] PASSED [ 72%]
tests/test_collinearity.py::test_collinear_record_local_mixed_fixture[all_hits-all] PASSED [ 72%]
tests/test_collinearity.py::test_collinear_scope_partitions_table_identity[one_to_one-adjacent] PASSED [ 72%]
tests/test_collinearity.py::test_collinear_scope_partitions_table_identity[one_to_one-all] PASSED [ 72%]
tests/test_collinearity.py::test_collinear_scope_partitions_table_identity[all_hits-adjacent] PASSED [ 73%]
tests/test_collinearity.py::test_collinear_scope_partitions_table_identity[all_hits-all] PASSED [ 73%]
tests/test_collinearity.py::test_lossless_collinearity_parameters_validate_domains PASSED [ 73%]
tests/test_collinearity.py::test_collinearity_blocks_are_called_with_lossless_parameters PASSED [ 73%]
tests/test_collinearity.py::test_collinearity_block_evalue_uses_genomic_coordinates_not_unit_order PASSED [ 73%]
tests/test_collinearity.py::test_pairwise_singleton_anchor_is_emitted_by_default PASSED [ 73%]
tests/test_collinearity.py::test_min_anchors_drops_singleton_blocks PASSED [ 74%]
tests/test_collinearity.py::test_native_block_caller_detects_plus_and_minus_orientation PASSED [ 74%]
tests/test_collinearity.py::test_single_anchor_block_orientation_uses_feature_strands PASSED [ 74%]
tests/test_collinearity.py::test_collinearity_color_mode_defaults_to_orientation_and_aliases_identity PASSED [ 74%]
tests/test_collinearity.py::test_collinearity_anchor_mode_defaults_to_rbh_and_aliases_top1 PASSED [ 74%]
tests/test_collinearity.py::test_collinearity_search_scope_defaults_to_adjacent PASSED [ 74%]
tests/test_collinearity.py::test_iter_collinearity_search_pairs_adjacent_returns_neighboring_pairs PASSED [ 75%]
tests/test_collinearity.py::test_iter_collinearity_search_pairs_all_returns_every_unordered_pair PASSED [ 75%]
tests/test_collinearity.py::test_build_blocks_from_hits_one_to_one_removes_query_to_many_noise PASSED [ 75%]
tests/test_collinearity.py::test_build_blocks_from_hits_rbh_uses_reverse_best_hits PASSED [ 75%]
tests/test_collinearity.py::test_lossless_collinearity_preserves_every_adjacent_orthogroup_edge PASSED [ 75%]
tests/test_collinearity.py::test_lossless_max_conflicts_threshold_controls[zero-interior-conflicts] PASSED [ 75%]
tests/test_collinearity.py::test_lossless_max_conflicts_threshold_controls[one-interior-conflict] PASSED [ 76%]
tests/test_collinearity.py::test_lossless_max_conflicts_threshold_controls[two-interior-conflicts] PASSED [ 76%]
tests/test_collinearity.py::test_typed_request_max_conflicts_reaches_real_collinearity_consumer[auto-locus] PASSED [ 76%]
tests/test_collinearity.py::test_typed_request_max_conflicts_reaches_real_collinearity_consumer[cds-cds] PASSED [ 76%]
tests/test_collinearity.py::test_typed_request_max_conflicts_reaches_real_collinearity_consumer[locus-locus] PASSED [ 76%]
tests/test_collinearity.py::test_lossless_min_anchors_filters_blocks_after_clustering PASSED [ 76%]
tests/test_collinearity.py::test_build_blocks_from_hits_maps_proteins_to_units PASSED [ 77%]
tests/test_collinearity.py::test_true_global_singleton_orthogroup_does_not_create_link PASSED [ 77%]
tests/test_collinearity.py::test_anchor_core_membership_adds_strong_non_rbh_member_without_new_anchor PASSED [ 77%]
tests/test_collinearity.py::test_anchor_core_unions_connected_near_reciprocal_groups PASSED [ 77%]
tests/test_collinearity.py::test_orthogroup_display_edges_skip_cross_group_related_hits PASSED [ 77%]
tests/test_collinearity.py::test_anchor_core_same_record_hits_do_not_merge_distinct_cross_record_cores PASSED [ 77%]
tests/test_collinearity.py::test_anchor_core_same_record_hits_assign_inparalogs_to_existing_core PASSED [ 77%]
tests/test_collinearity.py::test_anchor_core_record_local_paralog_cluster_forms_species_specific_orthogroup PASSED [ 78%]
tests/test_collinearity.py::test_anchor_core_record_local_singleton_remains_unassigned_with_singletons_requested PASSED [ 78%]
tests/test_collinearity.py::test_anchor_core_record_local_ignores_already_assigned_members PASSED [ 78%]
tests/test_collinearity.py::test_anchor_core_record_local_rejects_domain_only_component PASSED [ 78%]
tests/test_collinearity.py::test_anchor_core_record_local_ids_are_deterministic_after_cross_record_groups PASSED [ 78%]
tests/test_collinearity.py::test_anchor_core_record_local_membership_survives_when_hits_fit_limit PASSED [ 78%]
tests/test_collinearity.py::test_anchor_core_record_local_membership_edge_not_duplicated_as_related PASSED [ 79%]
tests/test_collinearity.py::test_anchor_core_record_local_edges_do_not_create_collinearity_anchors PASSED [ 79%]
tests/test_collinearity.py::test_anchor_core_membership_survives_reciprocal_candidates_within_limit PASSED [ 79%]
tests/test_collinearity.py::test_anchor_core_records_ambiguous_paralog_without_assigning_member PASSED [ 79%]
tests/test_collinearity.py::test_shared_node_paths_are_serialized_without_collapsing_to_one_to_one PASSED [ 79%]
tests/test_collinearity.py::test_build_blocks_from_hits_adjacent_scope_ignores_non_adjacent_tables PASSED [ 79%]
tests/test_collinearity.py::test_build_blocks_from_hits_adjacent_scope_uses_explicit_adjacent_row_pairs PASSED [ 80%]
tests/test_collinearity.py::test_build_blocks_from_hits_all_scope_uses_non_adjacent_connectivity_only_as_evidence PASSED [ 80%]
tests/test_collinearity.py::test_build_blocks_from_hits_can_render_selected_non_adjacent_pairs PASSED [ 80%]
tests/test_collinearity.py::test_orthogroup_collinearity_rbh_search_defaults_to_uncapped_candidates PASSED [ 80%]
tests/test_collinearity.py::test_orthogroup_collinearity_member_hit_depth_is_post_search PASSED [ 80%]
tests/test_collinearity.py::test_orthogroup_collinearity_all_hits_keeps_uncapped_search PASSED [ 80%]
tests/test_collinearity.py::test_orthogroup_collinearity_all_scope_rbh_searches_every_direction PASSED [ 81%]
tests/test_collinearity.py::test_linear_cli_forwards_collinearity_options PASSED [ 81%]
tests/test_collinearity.py::test_linear_cli_help_omits_removed_collinearity_options PASSED [ 81%]
tests/test_collinearity.py::test_linear_cli_help_uses_underscore_option_aliases PASSED [ 81%]
tests/test_collinearity.py::test_linear_cli_rejects_removed_hidden_aliases[option_args0] PASSED [ 81%]
tests/test_collinearity.py::test_linear_cli_rejects_removed_hidden_aliases[option_args1] PASSED [ 81%]
tests/test_collinearity.py::test_linear_cli_rejects_removed_hidden_aliases[option_args2] PASSED [ 81%]
tests/test_collinearity.py::test_linear_cli_rejects_removed_hidden_aliases[option_args3] PASSED [ 82%]
tests/test_collinearity.py::test_linear_cli_rejects_removed_hidden_aliases[option_args4] PASSED [ 82%]
tests/test_collinearity.py::test_linear_cli_rejects_removed_hidden_aliases[option_args5] PASSED [ 82%]
tests/test_collinearity.py::test_linear_cli_rejects_removed_hidden_aliases[option_args6] PASSED [ 82%]
tests/test_collinearity.py::test_linear_cli_rejects_removed_hidden_aliases[option_args7] PASSED [ 82%]
tests/test_collinearity.py::test_linear_cli_rejects_removed_hidden_aliases[option_args8] PASSED [ 82%]
tests/test_collinearity.py::test_linear_cli_rejects_removed_hidden_aliases[option_args9] PASSED [ 83%]
tests/test_collinearity.py::test_linear_cli_rejects_removed_hidden_aliases[option_args10] PASSED [ 83%]
tests/test_collinearity.py::test_linear_cli_rejects_removed_collinear_block_options[--collinear_blocks] PASSED [ 83%]
tests/test_collinearity.py::test_linear_cli_rejects_removed_collinear_block_options[--save_collinear_blocks] PASSED [ 83%]
tests/test_collinearity.py::test_linear_cli_rejects_removed_collinear_block_options[--collinear-blocks] PASSED [ 83%]
tests/test_collinearity.py::test_linear_cli_rejects_removed_collinear_block_options[--save-collinear-blocks] PASSED [ 83%]
tests/test_collinearity.py::test_linear_cli_rejects_removed_collinear_block_options[--collinear_block_merge_gap] PASSED [ 84%]
tests/test_collinearity.py::test_linear_cli_rejects_removed_collinear_block_options[--collinear_singleton_merge_gap] PASSED [ 84%]
tests/test_collinearity.py::test_linear_cli_rejects_removed_collinear_block_options[--collinear_gap_penalty] PASSED [ 84%]
tests/test_collinearity.py::test_linear_cli_rejects_removed_collinear_block_options[--collinear_nearby_duplicate_window] PASSED [ 84%]
tests/test_collinearity.py::test_linear_cli_rejects_removed_collinear_block_options[--collinear_score_mode] PASSED [ 84%]
tests/test_collinearity.py::test_linear_cli_rejects_removed_collinear_block_options[--collinear_constant_anchor_score] PASSED [ 84%]
tests/test_collinearity.py::test_linear_cli_rejects_removed_collinear_block_options[--collinear_min_block_score] PASSED [ 85%]
tests/test_collinearity.py::test_linear_cli_rejects_removed_collinear_block_options[--collinear_block_evalue] PASSED [ 85%]
tests/test_collinearity.py::test_linear_cli_rejects_removed_collinear_block_options[--collinear-block-merge-gap] PASSED [ 85%]
tests/test_collinearity.py::test_linear_cli_rejects_removed_collinear_block_options[--collinear-singleton-merge-gap] PASSED [ 85%]
tests/test_collinearity.py::test_linear_cli_rejects_removed_collinear_block_options[--collinear-gap-penalty] PASSED [ 85%]
tests/test_collinearity.py::test_linear_cli_rejects_removed_collinear_block_options[--collinear-nearby-duplicate-window] PASSED [ 85%]
tests/test_collinearity.py::test_linear_cli_rejects_removed_collinear_block_options[--collinear-score-mode] PASSED [ 86%]
tests/test_collinearity.py::test_linear_cli_rejects_removed_collinear_block_options[--collinear-constant-anchor-score] PASSED [ 86%]
tests/test_collinearity.py::test_linear_cli_rejects_removed_collinear_block_options[--collinear-min-block-score] PASSED [ 86%]
tests/test_collinearity.py::test_linear_cli_rejects_removed_collinear_block_options[--collinear-block-evalue] PASSED [ 86%]
tests/test_collinearity.py::test_linear_cli_accepts_orientation_identity_collinear_color_mode PASSED [ 86%]
tests/test_collinearity.py::test_linear_cli_parses_collinear_min_anchors PASSED [ 86%]
tests/test_collinearity.py::test_linear_cli_rejects_nonpositive_collinear_min_anchors PASSED [ 86%]
tests/test_collinearity.py::test_web_losatp_blastp_payload_helper_returns_collinear_rows PASSED [ 87%]
tests/test_collinearity.py::test_web_losatp_blastp_payload_helper_uses_collinear_option_domains[all-strand-2] PASSED [ 87%]
tests/test_collinearity.py::test_web_losatp_blastp_payload_helper_uses_collinear_option_domains[one_to_one-order-2] PASSED [ 87%]
tests/test_collinearity.py::test_web_losatp_blastp_payload_helper_uses_collinear_option_domains[rbh-either-1] PASSED [ 87%]
tests/test_collinearity.py::test_web_losatp_blastp_payload_helper_applies_collinear_search_scope PASSED [ 87%]
tests/test_collinearity.py::test_collinearity_comparison_rows_use_block_spans PASSED [ 87%]
tests/test_collinearity.py::test_collinearity_match_path_with_metadata_serializes PASSED [ 88%]
tests/test_collinearity.py::test_pairwise_match_path_emits_plain_required_metadata PASSED [ 88%]
tests/test_collinearity.py::test_pairwise_match_path_marks_orthogroup_kind PASSED [ 88%]
tests/test_collinearity.py::test_blast_configurator_reads_collinearity_colors_from_default_colors PASSED [ 88%]
tests/test_collinearity.py::test_blast_configurator_accepts_plus_max_collinearity_color_alias PASSED [ 88%]
tests/test_collinearity.py::test_orientation_collinearity_suppresses_pairwise_identity_legend PASSED [ 88%]
tests/test_collinearity.py::test_average_identity_collinearity_legend_uses_average_identity_label PASSED [ 89%]
tests/test_collinearity.py::test_orientation_identity_collinearity_legend_uses_two_orientation_gradients PASSED [ 89%]
tests/test_collinearity.py::test_orientation_identity_pairwise_legend_renders_collinear_above_inverted PASSED [ 89%]
tests/test_collinearity.py::test_vertical_linear_pairwise_legend_aligns_to_feature_color_left_edge PASSED [ 89%]
tests/test_collinearity.py::test_vertical_linear_pairwise_legend_centers_when_wider_than_features PASSED [ 89%]
tests/test_collinearity.py::test_blast_file_collinearity_metadata_drives_orientation_identity_legend PASSED [ 89%]
tests/test_collinearity.py::test_collinearity_orientation_colors_use_default_color_overrides PASSED [ 90%]
tests/test_collinearity.py::test_orientation_identity_collinearity_uses_orientation_specific_identity_ramp PASSED [ 90%]
tests/test_collinearity.py::test_orientation_identity_collinearity_low_identity_is_paler_than_high_identity PASSED [ 90%]
tests/test_collinearity.py::test_orientation_identity_collinearity_uses_two_orientation_gradients PASSED [ 90%]
tests/test_collinearity.py::test_average_identity_collinearity_ignores_orientation_colors PASSED [ 90%]
tests/test_collinearity.py::test_non_collinearity_match_path_does_not_add_metadata_attributes PASSED [ 90%]
tests/test_collinearity.py::test_collinearity_match_group_draws_inversions_above_plus_blocks PASSED [ 90%]
tests/test_collinearity.py::test_collinear_without_orthogroups_skips_self_search_and_inference[rbh-adjacent-4] PASSED [ 91%]
tests/test_collinearity.py::test_collinear_without_orthogroups_skips_self_search_and_inference[rbh-all-6] PASSED [ 91%]
tests/test_collinearity.py::test_collinear_without_orthogroups_skips_self_search_and_inference[one_to_one-adjacent-4] PASSED [ 91%]
tests/test_collinearity.py::test_collinear_without_orthogroups_skips_self_search_and_inference[one_to_one-all-6] PASSED [ 91%]
tests/test_collinearity.py::test_collinear_without_orthogroups_skips_self_search_and_inference[all-adjacent-4] PASSED [ 91%]
tests/test_collinearity.py::test_collinear_without_orthogroups_skips_self_search_and_inference[all-all-6] PASSED [ 91%]
tests/test_collinearity.py::test_collinear_without_inference_applies_member_limit_after_raw_filters PASSED [ 92%]
tests/test_collinearity.py::test_merge_conflict_index_preserves_exact_count_boundaries_and_exclusions[plus] PASSED [ 92%]
tests/test_collinearity.py::test_merge_conflict_index_preserves_exact_count_boundaries_and_exclusions[minus] PASSED [ 92%]
tests/test_collinearity.py::test_lossless_merge_matches_frozen_oracle_for_all_result_fields[0] PASSED [ 92%]
tests/test_collinearity.py::test_lossless_merge_matches_frozen_oracle_for_all_result_fields[1] PASSED [ 92%]
tests/test_collinearity.py::test_lossless_merge_matches_frozen_oracle_for_all_result_fields[2] PASSED [ 92%]
tests/test_collinearity.py::test_lossless_merge_matches_frozen_oracle_for_all_result_fields[3] PASSED [ 93%]
tests/test_collinearity.py::test_lossless_merge_matches_frozen_oracle_for_all_result_fields[4] PASSED [ 93%]
tests/test_collinearity.py::test_lossless_merge_matches_frozen_oracle_for_all_result_fields[5] PASSED [ 93%]
tests/test_collinearity.py::test_lossless_merge_matches_frozen_oracle_for_all_result_fields[6] PASSED [ 93%]
tests/test_collinearity.py::test_lossless_merge_matches_frozen_oracle_for_all_result_fields[7] PASSED [ 93%]
tests/test_collinearity.py::test_lossless_merge_matches_frozen_oracle_for_all_result_fields[8] PASSED [ 93%]
tests/test_collinearity.py::test_lossless_merge_matches_frozen_oracle_for_all_result_fields[9] PASSED [ 94%]
tests/test_collinearity.py::test_lossless_merge_matches_frozen_oracle_for_all_result_fields[10] PASSED [ 94%]
tests/test_collinearity.py::test_lossless_merge_matches_frozen_oracle_for_all_result_fields[11] PASSED [ 94%]
tests/test_collinearity.py::test_lossless_merge_matches_frozen_oracle_for_all_result_fields[12] PASSED [ 94%]
tests/test_collinearity.py::test_lossless_merge_matches_frozen_oracle_for_all_result_fields[13] PASSED [ 94%]
tests/test_collinearity.py::test_lossless_merge_matches_frozen_oracle_for_all_result_fields[14] PASSED [ 94%]
tests/test_collinearity.py::test_lossless_merge_matches_frozen_oracle_for_all_result_fields[15] PASSED [ 95%]
tests/test_collinearity.py::test_lossless_merge_matches_frozen_oracle_for_all_result_fields[16] PASSED [ 95%]
tests/test_collinearity.py::test_lossless_merge_matches_frozen_oracle_for_all_result_fields[17] PASSED [ 95%]
tests/test_collinearity.py::test_lossless_merge_matches_frozen_oracle_for_all_result_fields[18] PASSED [ 95%]
tests/test_collinearity.py::test_lossless_merge_matches_frozen_oracle_for_all_result_fields[19] PASSED [ 95%]
tests/test_collinearity.py::test_lossless_merge_matches_frozen_oracle_for_all_result_fields[20] PASSED [ 95%]
tests/test_collinearity.py::test_lossless_merge_matches_frozen_oracle_for_all_result_fields[21] PASSED [ 95%]
tests/test_collinearity.py::test_lossless_merge_matches_frozen_oracle_for_all_result_fields[22] PASSED [ 96%]
tests/test_collinearity.py::test_lossless_merge_matches_frozen_oracle_for_all_result_fields[23] PASSED [ 96%]
tests/test_collinearity.py::test_lossless_merge_matches_frozen_oracle_for_all_result_fields[24] PASSED [ 96%]
tests/test_collinearity.py::test_lossless_merge_matches_frozen_oracle_for_all_result_fields[25] PASSED [ 96%]
tests/test_collinearity.py::test_lossless_merge_matches_frozen_oracle_for_all_result_fields[26] PASSED [ 96%]
tests/test_collinearity.py::test_lossless_merge_matches_frozen_oracle_for_all_result_fields[27] PASSED [ 96%]
tests/test_collinearity.py::test_lossless_merge_matches_frozen_oracle_for_all_result_fields[28] PASSED [ 97%]
tests/test_collinearity.py::test_lossless_merge_matches_frozen_oracle_for_all_result_fields[29] PASSED [ 97%]
tests/test_collinearity.py::test_lossless_merge_matches_frozen_oracle_for_all_result_fields[30] PASSED [ 97%]
tests/test_collinearity.py::test_lossless_merge_matches_frozen_oracle_for_all_result_fields[31] PASSED [ 97%]
tests/test_collinearity.py::test_lossless_merge_matches_frozen_oracle_for_all_result_fields[32] PASSED [ 97%]
tests/test_collinearity.py::test_lossless_merge_matches_frozen_oracle_for_all_result_fields[33] PASSED [ 97%]
tests/test_collinearity.py::test_lossless_merge_matches_frozen_oracle_for_all_result_fields[34] PASSED [ 98%]
tests/test_collinearity.py::test_lossless_merge_matches_frozen_oracle_for_all_result_fields[35] PASSED [ 98%]
tests/test_collinearity.py::test_lossless_merge_matches_frozen_oracle_for_all_result_fields[36] PASSED [ 98%]
tests/test_collinearity.py::test_lossless_merge_matches_frozen_oracle_for_all_result_fields[37] PASSED [ 98%]
tests/test_collinearity.py::test_lossless_merge_matches_frozen_oracle_for_all_result_fields[38] PASSED [ 98%]
tests/test_collinearity.py::test_lossless_merge_matches_frozen_oracle_for_all_result_fields[39] PASSED [ 98%]
tests/test_collinearity.py::test_chain_merge_materializes_once_and_visits_only_query_gap PASSED [ 99%]
tests/test_collinearity.py::test_chain_merge_preserves_float_score_and_final_order[1-False] PASSED [ 99%]
tests/test_collinearity.py::test_chain_merge_preserves_float_score_and_final_order[1-True] PASSED [ 99%]
tests/test_collinearity.py::test_chain_merge_preserves_float_score_and_final_order[2-False] PASSED [ 99%]
tests/test_collinearity.py::test_chain_merge_preserves_float_score_and_final_order[2-True] PASSED [ 99%]
tests/test_collinearity.py::test_chain_merge_preserves_float_score_and_final_order[80-False] PASSED [ 99%]
tests/test_collinearity.py::test_chain_merge_preserves_float_score_and_final_order[80-True] PASSED [100%]

============================= 622 passed in 23.50s =============================
