E702 Multiple statements on one line (semicolon)
  --> tests/run_unit_index_browser_acceptance.py:57:48
   |
55 |         pairs, raw = Path(directory)/'pairs.json', Path(directory)/'raw.tsv'
56 |         for case in inputs:
57 |             pairs.write_text(case['pairsText']); raw.write_text(case['rawText'])
   |                                                ^
58 |             kw = dict(mode='collinear', bitscore=50, orthogroup_member_max_hits=5,
59 |                       collinear_infer_orthogroups=case['parameters']['collinearInferOrthogroups'])
   |

E702 Multiple statements on one line (semicolon)
  --> tests/run_unit_index_browser_acceptance.py:77:55
   |
75 |                     url = urlparse(r.request.url)
76 |                     if url.netloc != urlparse(base).netloc:
77 |                         external.append(r.request.url); r.abort()
   |                                                       ^
78 |                     else:
79 |                         paths.add(url.path); r.continue_()
   |

E702 Multiple statements on one line (semicolon)
  --> tests/run_unit_index_browser_acceptance.py:79:44
   |
77 |                         external.append(r.request.url); r.abort()
78 |                     else:
79 |                         paths.add(url.path); r.continue_()
   |                                            ^
80 |                 context.route('**/*', route)
81 |                 page = context.new_page()
   |

Found 3 errors.
