memory: hsp-edges
  hsp-edges/overlap_duplicate_tie
  hsp-edges/disjoint_reverse_clamp
  hsp-edges/unknown_missing
  hsp-edges/bad_coordinates
  hsp-edges/pair_row_order
  hsp-edges/nan_score
  hsp-edges/infinite_score
  hsp-edges/infinite_length
  hsp-edges/empty
memory: hsp-1
  hsp-1/multi_hsp
memory: hsp-1000
  hsp-1000/multi_hsp
memory: hsp-many
  hsp-many/multi_hsp
memory: gallery-collinear
  gallery-collinear/parse
  gallery-collinear/filter
  gallery-collinear/hsp_aggregate
  gallery-collinear/post_search
  gallery-collinear/metadata
  gallery-collinear/typed_serialization
memory: gallery-orthogroup
  gallery-orthogroup/parse
  gallery-orthogroup/filter
  gallery-orthogroup/hsp_aggregate
  gallery-orthogroup/post_search
  gallery-orthogroup/metadata
  gallery-orthogroup/typed_serialization
