============================= test session starts ==============================
platform linux -- Python 3.13.3, pytest-9.0.2, pluggy-1.5.0
rootdir: /tmp/gbdraw-collinear-s03
configfile: pyproject.toml
plugins: anyio-4.9.0, xdist-3.8.0, timeout-2.4.0, cov-7.0.0
timeout: 300.0s
timeout method: signal
timeout func_only: False
collected 369 items

tests/test_protein_colinearity.py ...................................... [ 10%]
........................................................................ [ 29%]
.....................................................s.................. [ 49%]
...............................                                          [ 57%]
tests/test_collinearity.py ............................................. [ 69%]
........................................................................ [ 89%]
..........                                                               [ 92%]
tests/test_collinearity_units.py ....                                    [ 93%]
tests/test_protein_comparison_benchmark.py ........                      [ 95%]
tests/test_ortholog_path_contract.py .................                   [100%]

=============================== warnings summary ===============================
tests/test_protein_colinearity.py::test_hsp_missing_ids_never_become_valid_strings[category]
  /tmp/gbdraw-collinear-s03/tests/prototypes/hsp_aggregation.py:30: FutureWarning: The default of observed=False is deprecated and will be changed to True in a future version of pandas. Pass observed=False to retain current behavior or observed=True to adopt the future default and silence this warning.
    for (query_id, subject_id), group in hits.groupby(["query", "subject"], sort=False):

-- Docs: https://docs.pytest.org/en/stable/how-to/capture-warnings.html
================== 368 passed, 1 skipped, 1 warning in 23.85s ==================
