node:internal/child_process:1144
    result.error = new ErrnoException(result.error, 'spawnSync ' + options.file);
                   ^

<ref *1> Error: spawnSync git EPERM
    at Object.spawnSync (node:internal/child_process:1144:20)
    at spawnSync (node:child_process:928:24)
    at execFileSync (node:child_process:971:15)
    at runGit (file:///mnt/c/Users/genom/GitHub/gbdraw/.worktrees/s09-premerge-review-20260917/tools/check-web-change-budget.mjs:35:46)
    at file:///mnt/c/Users/genom/GitHub/gbdraw/.worktrees/s09-premerge-review-20260917/tools/check-web-change-budget.mjs:91:24
    at ModuleJob.run (node:internal/modules/esm/module_job:569:25)
    at async node:internal/modules/esm/loader:650:26
    at async asyncRunEntryPointWithESMLoader (node:internal/modules/run_main:101:5) {
  errno: -1,
  code: 'EPERM',
  syscall: 'spawnSync git',
  path: 'git',
  spawnargs: [
    '-C',
    '/mnt/c/Users/genom/GitHub/gbdraw/.worktrees/s09-premerge-review-20260917',
    'rev-parse',
    '--show-toplevel'
  ],
  error: [Circular *1],
  status: 0,
  signal: null,
  output: [
    null,
    '/mnt/c/Users/genom/GitHub/gbdraw/.worktrees/s09-premerge-review-20260917\n',
    ''
  ],
  pid: 15,
  stdout: '/mnt/c/Users/genom/GitHub/gbdraw/.worktrees/s09-premerge-review-20260917\n',
  stderr: ''
}

Node.js v26.8.2
