timing: sparse-2
  sparse-2/selector
timing: support-edges
  support-edges/selector
timing: sparse-200
  sparse-200/selector
timing: sparse-400
  sparse-400/selector
timing: sparse-800
  sparse-800/selector
timing: unrelated-200
  unrelated-200/support_scan
timing: unrelated-800
  unrelated-800/support_scan
timing: giant-200
  giant-200/selector
timing: giant-800
  giant-800/selector
timing: dense-24
  dense-24/selector
timing: gallery-collinear
  gallery-collinear/parse
  gallery-collinear/filter
  gallery-collinear/hsp_aggregate
  gallery-collinear/post_search
  gallery-collinear/metadata
  gallery-collinear/display_tables
  gallery-collinear/typed_serialization
timing: gallery-orthogroup
  gallery-orthogroup/parse
  gallery-orthogroup/filter
  gallery-orthogroup/hsp_aggregate
  gallery-orthogroup/post_search
  gallery-orthogroup/metadata
  gallery-orthogroup/display_tables
  gallery-orthogroup/typed_serialization
