probe: hsp-edges
  hsp-edges/overlap_duplicate_tie
  hsp-edges/disjoint_reverse_clamp
  hsp-edges/unknown_missing
  hsp-edges/bad_coordinates
  hsp-edges/pair_row_order
  hsp-edges/nan_score
  hsp-edges/infinite_score
  hsp-edges/infinite_length
  hsp-edges/empty
probe: hsp-1
  hsp-1/multi_hsp
probe: hsp-1000
  hsp-1000/multi_hsp
probe: hsp-many
  hsp-many/multi_hsp
probe: dense-24
  dense-24/selector
probe: support-edges
  support-edges/selector
probe: sparse-2
  sparse-2/selector
probe: sparse-200
  sparse-200/selector
probe: sparse-400
  sparse-400/selector
probe: sparse-800
  sparse-800/selector
probe: giant-200
  giant-200/selector
probe: giant-800
  giant-800/selector
probe: unrelated-200
  unrelated-200/support_scan
probe: unrelated-800
  unrelated-800/support_scan
probe: cache-49
  cache-49/cache_cycle
probe: cache-64
  cache-64/cache_cycle
probe: cache-81
  cache-81/cache_cycle
probe: path-8
  path-8/selector
probe: path-12
  path-12/selector
probe: path-16
  path-16/selector
probe: merge-300
  merge-300/cluster
probe: merge-600
  merge-600/cluster
probe: merge-1200
  merge-1200/cluster
probe: merge-edges
  merge-edges/max_conflicts_0
  merge-edges/max_conflicts_1
  merge-edges/reverse
probe: manifest
/home/kawato/micromamba/lib/python3.13/site-packages/Bio/Seq.py:2879: BiopythonWarning: Partial codon, len(sequence) not a multiple of three. Explicitly trim the sequence or add trailing N before translation. This may become an error in future.
  warnings.warn(
  manifest/batch_identity
probe: gallery-collinear
  gallery-collinear/parse
  gallery-collinear/filter
  gallery-collinear/hsp_aggregate
  gallery-collinear/post_search
  gallery-collinear/metadata
  gallery-collinear/display_tables
  gallery-collinear/typed_serialization
probe: gallery-orthogroup
  gallery-orthogroup/parse
  gallery-orthogroup/filter
  gallery-orthogroup/hsp_aggregate
  gallery-orthogroup/post_search
  gallery-orthogroup/metadata
  gallery-orthogroup/display_tables
  gallery-orthogroup/typed_serialization
probe: render-gallery
  render-gallery/hepatoplasmataceae_collinear
  render-gallery/hepatoplasmataceae_orthogroup
