memory: sparse-2
  sparse-2/selector
memory: support-edges
  support-edges/selector
memory: sparse-200
  sparse-200/selector
memory: sparse-400
  sparse-400/selector
memory: sparse-800
  sparse-800/selector
memory: unrelated-200
  unrelated-200/support_scan
memory: unrelated-800
  unrelated-800/support_scan
memory: giant-200
  giant-200/selector
memory: giant-800
  giant-800/selector
memory: dense-24
  dense-24/selector
memory: gallery-collinear
  gallery-collinear/parse
  gallery-collinear/filter
  gallery-collinear/hsp_aggregate
  gallery-collinear/post_search
  gallery-collinear/metadata
  gallery-collinear/display_tables
  gallery-collinear/typed_serialization
memory: gallery-orthogroup
  gallery-orthogroup/parse
  gallery-orthogroup/filter
  gallery-orthogroup/hsp_aggregate
  gallery-orthogroup/post_search
  gallery-orthogroup/metadata
  gallery-orthogroup/display_tables
  gallery-orthogroup/typed_serialization
