✔ decision-required protein comparisons stay committed without projecting a partial draft (30.268247ms)
✔ current session recovers files only when a sequence consumer is missing (14.122451ms)
✔ current Circular sessions recover only supplied comparison FASTA sources (10.973672ms)
✔ fresh Circular LOSAT resources become session-owned live files (1.247053ms)
✔ legacy standalone config import migrates retired values without a writer envelope (1.084935ms)
✔ visible protein cache entries from the frozen v39 session recover stable edge identities (160.993299ms)
✔ a conflicting restored edge key is not exposed under the wrong endpoints (217.870717ms)
✔ version-39 import rejects duplicate raw LOSAT cache keys (0.725626ms)
✔ version-39 import rejects duplicate derived LOSATP cache keys (0.385143ms)
✔ version-39 import rejects a nucleotide raw cache key of undefined (0.372641ms)
✔ version-39 import rejects a nucleotide raw cache key of  (0.365036ms)
✔ version-39 import rejects a nucleotide raw cache key of null (0.123286ms)
✔ version-39 import rejects a nucleotide raw cache key of 1 (0.105013ms)
✔ version-39 import rejects an empty protein raw cache key (0.187007ms)
✔ version-39 import rejects a non-object losatCache (0.107677ms)
✔ version-39 import rejects a non-array losatCache.entries (0.075709ms)
✔ version-39 import rejects a non-object losatDerivedCache (0.047301ms)
✔ version-39 import rejects a non-array losatDerivedCache.entries (0.04828ms)
✔ version-39 import rejects branch-internal raw schema 3 (0.18331ms)
✔ version-39 import rejects branch-internal derived schema 2 (0.115045ms)
✔ version-40 import rejects duplicate raw LOSAT cache keys (0.057384ms)
✔ version-40 import rejects duplicate derived LOSATP cache keys (0.074427ms)
✔ version-40 import rejects a nucleotide raw cache key of undefined (0.055105ms)
✔ version-40 import rejects a nucleotide raw cache key of  (0.047816ms)
✔ version-40 import rejects a nucleotide raw cache key of null (0.037264ms)
✔ version-40 import rejects a nucleotide raw cache key of 1 (0.035387ms)
✔ version-40 import rejects an empty protein raw cache key (0.071922ms)
✔ version-40 import rejects a non-object losatCache (0.038213ms)
✔ version-40 import rejects a non-array losatCache.entries (0.034509ms)
✔ version-40 import rejects a non-object losatDerivedCache (0.029362ms)
✔ version-40 import rejects a non-array losatDerivedCache.entries (0.029024ms)
✔ version-40 import rejects branch-internal raw schema 3 (0.065135ms)
✔ version-40 import rejects branch-internal derived schema 2 (0.047697ms)
Error: Unsupported session version: 34.
    at validateSessionVersion (file:///tmp/gbdraw-collinear-s04/gbdraw/web/js/services/config.js:1103:11)
    at preflightSessionImport (file:///tmp/gbdraw-collinear-s04/gbdraw/web/js/services/config.js:1483:3)
    at importSession (file:///tmp/gbdraw-collinear-s04/gbdraw/web/js/services/config.js:4054:23)
    at async TestContext.<anonymous> (file:///tmp/gbdraw-collinear-s04/tests/web/session-losat-cache-validation.test.mjs:1157:20)
    at async Test.run (node:internal/test_runner/test:1409:7)
    at async Test.processPendingSubtests (node:internal/test_runner/test:974:7)
✔ session import rejects branch-internal version 34 (5.045049ms)
Error: Unsupported session version: 35.
    at validateSessionVersion (file:///tmp/gbdraw-collinear-s04/gbdraw/web/js/services/config.js:1103:11)
    at preflightSessionImport (file:///tmp/gbdraw-collinear-s04/gbdraw/web/js/services/config.js:1483:3)
    at importSession (file:///tmp/gbdraw-collinear-s04/gbdraw/web/js/services/config.js:4054:23)
    at async TestContext.<anonymous> (file:///tmp/gbdraw-collinear-s04/tests/web/session-losat-cache-validation.test.mjs:1157:20)
    at async Test.run (node:internal/test_runner/test:1409:7)
    at async Test.processPendingSubtests (node:internal/test_runner/test:974:7)
✔ session import rejects branch-internal version 35 (1.318884ms)
Error: Unsupported session version: 36.
    at validateSessionVersion (file:///tmp/gbdraw-collinear-s04/gbdraw/web/js/services/config.js:1103:11)
    at preflightSessionImport (file:///tmp/gbdraw-collinear-s04/gbdraw/web/js/services/config.js:1483:3)
    at importSession (file:///tmp/gbdraw-collinear-s04/gbdraw/web/js/services/config.js:4054:23)
    at async TestContext.<anonymous> (file:///tmp/gbdraw-collinear-s04/tests/web/session-losat-cache-validation.test.mjs:1157:20)
    at async Test.run (node:internal/test_runner/test:1409:7)
    at async Test.processPendingSubtests (node:internal/test_runner/test:974:7)
✔ session import rejects branch-internal version 36 (0.56329ms)
Error: Unsupported session version: 37.
    at validateSessionVersion (file:///tmp/gbdraw-collinear-s04/gbdraw/web/js/services/config.js:1103:11)
    at preflightSessionImport (file:///tmp/gbdraw-collinear-s04/gbdraw/web/js/services/config.js:1483:3)
    at importSession (file:///tmp/gbdraw-collinear-s04/gbdraw/web/js/services/config.js:4054:23)
    at async TestContext.<anonymous> (file:///tmp/gbdraw-collinear-s04/tests/web/session-losat-cache-validation.test.mjs:1157:20)
    at async Test.run (node:internal/test_runner/test:1409:7)
    at async Test.processPendingSubtests (node:internal/test_runner/test:974:7)
✔ session import rejects branch-internal version 37 (0.634953ms)
Error: Unsupported session version: 38.
    at validateSessionVersion (file:///tmp/gbdraw-collinear-s04/gbdraw/web/js/services/config.js:1103:11)
    at preflightSessionImport (file:///tmp/gbdraw-collinear-s04/gbdraw/web/js/services/config.js:1483:3)
    at importSession (file:///tmp/gbdraw-collinear-s04/gbdraw/web/js/services/config.js:4054:23)
    at async TestContext.<anonymous> (file:///tmp/gbdraw-collinear-s04/tests/web/session-losat-cache-validation.test.mjs:1157:20)
    at async Test.run (node:internal/test_runner/test:1409:7)
    at async Test.processPendingSubtests (node:internal/test_runner/test:974:7)
✔ session import rejects branch-internal version 38 (0.543917ms)
ℹ tests 38
ℹ suites 0
ℹ pass 38
ℹ fail 0
ℹ cancelled 0
ℹ skipped 0
ℹ todo 0
ℹ duration_ms 552.077292
