INFO: Loading GenBank file(s)...
INFO: Loading GenBank file /tmp/gbdraw-session-v31-ztjc4jao/record-1.gbk
INFO: Importing all entries...
INFO:              ... finished loading GenBank file(s)
INFO: Number of sequences loaded to gbdraw: 1
INFO: Loading GenBank file(s)...
INFO: Loading GenBank file /tmp/gbdraw-session-v31-ztjc4jao/record-2.gbk
INFO: Importing all entries...
INFO:              ... finished loading GenBank file(s)
INFO: Number of sequences loaded to gbdraw: 1
INFO: Loading GenBank file(s)...
INFO: Loading GenBank file /tmp/gbdraw-session-v31-ztjc4jao/record-3.gbk
INFO: Importing all entries...
INFO:              ... finished loading GenBank file(s)
INFO: Number of sequences loaded to gbdraw: 1
INFO: Loading GenBank file(s)...
INFO: Loading GenBank file /tmp/gbdraw-session-v31-ztjc4jao/record-4.gbk
INFO: Importing all entries...
INFO:              ... finished loading GenBank file(s)
INFO: Number of sequences loaded to gbdraw: 1
INFO: Loading GenBank file(s)...
INFO: Loading GenBank file /tmp/gbdraw-session-v31-ztjc4jao/record-5.gbk
INFO: Importing all entries...
INFO:              ... finished loading GenBank file(s)
INFO: Number of sequences loaded to gbdraw: 1
INFO: Loading config file: /mnt/c/Users/genom/GitHub/gbdraw/.worktrees/collinear-s07-7-20260916/.venv/s07-7-cli/lib/python3.13/site-packages/gbdraw/data/config.toml
Generated SVG: /tmp/gbdraw-s077-replay-qtrn9s49/replayed.svg
