INFO: Loading GenBank file(s)...
INFO: Loading GenBank file /tmp/gbdraw-session-v31-i24xuon1/record-1.gbk
INFO: Importing all entries...
INFO:              ... finished loading GenBank file(s)
INFO: Number of sequences loaded to gbdraw: 1
INFO: Loading GenBank file(s)...
INFO: Loading GenBank file /tmp/gbdraw-session-v31-i24xuon1/record-2.gbk
INFO: Importing all entries...
INFO:              ... finished loading GenBank file(s)
INFO: Number of sequences loaded to gbdraw: 1
INFO: Loading GenBank file(s)...
INFO: Loading GenBank file /tmp/gbdraw-session-v31-i24xuon1/record-3.gbk
INFO: Importing all entries...
INFO:              ... finished loading GenBank file(s)
INFO: Number of sequences loaded to gbdraw: 1
INFO: Loading GenBank file(s)...
INFO: Loading GenBank file /tmp/gbdraw-session-v31-i24xuon1/record-4.gbk
INFO: Importing all entries...
INFO:              ... finished loading GenBank file(s)
INFO: Number of sequences loaded to gbdraw: 1
INFO: Loading GenBank file(s)...
INFO: Loading GenBank file /tmp/gbdraw-session-v31-i24xuon1/record-5.gbk
INFO: Importing all entries...
INFO:              ... finished loading GenBank file(s)
INFO: Number of sequences loaded to gbdraw: 1
INFO: Loading config file: /mnt/c/Users/genom/GitHub/gbdraw/.worktrees/collinear-s07-8-20260916/.venv/s07-8-cli/lib/python3.13/site-packages/gbdraw/data/config.toml
Generated SVG: /tmp/gbdraw-s078-replay-niv39kzo/replayed.svg
/mnt/c/Users/genom/GitHub/gbdraw/.worktrees/collinear-s07-8-20260916/.venv/s07-8-cli/lib/python3.13/site-packages/gbdraw/linear_comparison.py:110: FutureWarning: The behavior of DataFrame concatenation with empty or all-NA entries is deprecated. In a future version, this will no longer exclude empty or all-NA columns when determining the result dtypes. To retain the old behavior, exclude the relevant entries before the concat operation.
  else pd.concat(frames, ignore_index=True)
/mnt/c/Users/genom/GitHub/gbdraw/.worktrees/collinear-s07-8-20260916/.venv/s07-8-cli/lib/python3.13/site-packages/gbdraw/linear_comparison.py:110: FutureWarning: The behavior of DataFrame concatenation with empty or all-NA entries is deprecated. In a future version, this will no longer exclude empty or all-NA columns when determining the result dtypes. To retain the old behavior, exclude the relevant entries before the concat operation.
  else pd.concat(frames, ignore_index=True)
/mnt/c/Users/genom/GitHub/gbdraw/.worktrees/collinear-s07-8-20260916/.venv/s07-8-cli/lib/python3.13/site-packages/gbdraw/linear_comparison.py:110: FutureWarning: The behavior of DataFrame concatenation with empty or all-NA entries is deprecated. In a future version, this will no longer exclude empty or all-NA columns when determining the result dtypes. To retain the old behavior, exclude the relevant entries before the concat operation.
  else pd.concat(frames, ignore_index=True)
/mnt/c/Users/genom/GitHub/gbdraw/.worktrees/collinear-s07-8-20260916/.venv/s07-8-cli/lib/python3.13/site-packages/gbdraw/linear_comparison.py:110: FutureWarning: The behavior of DataFrame concatenation with empty or all-NA entries is deprecated. In a future version, this will no longer exclude empty or all-NA columns when determining the result dtypes. To retain the old behavior, exclude the relevant entries before the concat operation.
  else pd.concat(frames, ignore_index=True)
