INFO: Loading GenBank file(s)...
INFO: Loading GenBank file /tmp/gbdraw-session-v31-2s2_kipk/record-1-genbank-record-1-genbank-record-1.gbk
INFO: Importing all entries...
INFO:              ... finished loading GenBank file(s)
INFO: Number of sequences loaded to gbdraw: 1
INFO: Loading GenBank file(s)...
INFO: Loading GenBank file /tmp/gbdraw-session-v31-2s2_kipk/record-2-genbank-record-2-genbank-record-2.gbk
INFO: Importing all entries...
INFO:              ... finished loading GenBank file(s)
INFO: Number of sequences loaded to gbdraw: 1
INFO: Loading GenBank file(s)...
INFO: Loading GenBank file /tmp/gbdraw-session-v31-2s2_kipk/record-3-genbank-record-3-genbank-record-3.gbk
INFO: Importing all entries...
INFO:              ... finished loading GenBank file(s)
INFO: Number of sequences loaded to gbdraw: 1
INFO: Loading GenBank file(s)...
INFO: Loading GenBank file /tmp/gbdraw-session-v31-2s2_kipk/record-4-genbank-record-4-genbank-record-4.gbk
INFO: Importing all entries...
INFO:              ... finished loading GenBank file(s)
INFO: Number of sequences loaded to gbdraw: 1
INFO: Loading GenBank file(s)...
INFO: Loading GenBank file /tmp/gbdraw-session-v31-2s2_kipk/record-5-genbank-record-5-genbank-record-5.gbk
INFO: Importing all entries...
INFO:              ... finished loading GenBank file(s)
INFO: Number of sequences loaded to gbdraw: 1
Generated SVG: /tmp/gbdraw-s077-replay-v9erf14q/replayed.svg
