INFO: Loading GenBank file(s)...
INFO: Loading GenBank file /tmp/gbdraw-session-v31-2ekdwinl/record-1.gbk
INFO: Importing all entries...
INFO:              ... finished loading GenBank file(s)
INFO: Number of sequences loaded to gbdraw: 1
INFO: Loading GenBank file(s)...
INFO: Loading GenBank file /tmp/gbdraw-session-v31-2ekdwinl/record-2.gbk
INFO: Importing all entries...
INFO:              ... finished loading GenBank file(s)
INFO: Number of sequences loaded to gbdraw: 1
INFO: Loading GenBank file(s)...
INFO: Loading GenBank file /tmp/gbdraw-session-v31-2ekdwinl/record-3.gbk
INFO: Importing all entries...
INFO:              ... finished loading GenBank file(s)
INFO: Number of sequences loaded to gbdraw: 1
INFO: Loading GenBank file(s)...
INFO: Loading GenBank file /tmp/gbdraw-session-v31-2ekdwinl/record-4.gbk
INFO: Importing all entries...
INFO:              ... finished loading GenBank file(s)
INFO: Number of sequences loaded to gbdraw: 1
INFO: Loading GenBank file(s)...
INFO: Loading GenBank file /tmp/gbdraw-session-v31-2ekdwinl/record-5.gbk
INFO: Importing all entries...
INFO:              ... finished loading GenBank file(s)
INFO: Number of sequences loaded to gbdraw: 1
INFO: Loading config file: /mnt/c/Users/genom/GitHub/gbdraw/.worktrees/collinear-s07-7-20260916/.venv/s07-7-cli/lib/python3.13/site-packages/gbdraw/data/config.toml
Generated SVG: /tmp/gbdraw-s077-replay-ab_sf24i/replayed.svg
/mnt/c/Users/genom/GitHub/gbdraw/.worktrees/collinear-s07-7-20260916/.venv/s07-7-cli/lib/python3.13/site-packages/gbdraw/linear_comparison.py:110: FutureWarning: The behavior of DataFrame concatenation with empty or all-NA entries is deprecated. In a future version, this will no longer exclude empty or all-NA columns when determining the result dtypes. To retain the old behavior, exclude the relevant entries before the concat operation.
  else pd.concat(frames, ignore_index=True)
/mnt/c/Users/genom/GitHub/gbdraw/.worktrees/collinear-s07-7-20260916/.venv/s07-7-cli/lib/python3.13/site-packages/gbdraw/linear_comparison.py:110: FutureWarning: The behavior of DataFrame concatenation with empty or all-NA entries is deprecated. In a future version, this will no longer exclude empty or all-NA columns when determining the result dtypes. To retain the old behavior, exclude the relevant entries before the concat operation.
  else pd.concat(frames, ignore_index=True)
/mnt/c/Users/genom/GitHub/gbdraw/.worktrees/collinear-s07-7-20260916/.venv/s07-7-cli/lib/python3.13/site-packages/gbdraw/linear_comparison.py:110: FutureWarning: The behavior of DataFrame concatenation with empty or all-NA entries is deprecated. In a future version, this will no longer exclude empty or all-NA columns when determining the result dtypes. To retain the old behavior, exclude the relevant entries before the concat operation.
  else pd.concat(frames, ignore_index=True)
/mnt/c/Users/genom/GitHub/gbdraw/.worktrees/collinear-s07-7-20260916/.venv/s07-7-cli/lib/python3.13/site-packages/gbdraw/linear_comparison.py:110: FutureWarning: The behavior of DataFrame concatenation with empty or all-NA entries is deprecated. In a future version, this will no longer exclude empty or all-NA columns when determining the result dtypes. To retain the old behavior, exclude the relevant entries before the concat operation.
  else pd.concat(frames, ignore_index=True)
