INFO: Loading GenBank file(s)...
INFO: Loading GenBank file /tmp/gbdraw-session-v31-iq23too8/record-1.gbk
INFO: Importing all entries...
INFO:              ... finished loading GenBank file(s)
INFO: Number of sequences loaded to gbdraw: 1
INFO: Loading GenBank file(s)...
INFO: Loading GenBank file /tmp/gbdraw-session-v31-iq23too8/record-2.gbk
INFO: Importing all entries...
INFO:              ... finished loading GenBank file(s)
INFO: Number of sequences loaded to gbdraw: 1
INFO: Loading GenBank file(s)...
INFO: Loading GenBank file /tmp/gbdraw-session-v31-iq23too8/record-3.gbk
INFO: Importing all entries...
INFO:              ... finished loading GenBank file(s)
INFO: Number of sequences loaded to gbdraw: 1
INFO: Loading GenBank file(s)...
INFO: Loading GenBank file /tmp/gbdraw-session-v31-iq23too8/record-4.gbk
INFO: Importing all entries...
INFO:              ... finished loading GenBank file(s)
INFO: Number of sequences loaded to gbdraw: 1
INFO: Loading GenBank file(s)...
INFO: Loading GenBank file /tmp/gbdraw-session-v31-iq23too8/record-5.gbk
INFO: Importing all entries...
INFO:              ... finished loading GenBank file(s)
INFO: Number of sequences loaded to gbdraw: 1
INFO: Loading config file: /mnt/c/Users/genom/GitHub/gbdraw/.worktrees/collinear-s08-20260916/.venv/s08-cli/lib/python3.13/site-packages/gbdraw/data/config.toml
Generated SVG: /tmp/gbdraw-s078-replay-js5sdjte/replayed.svg
