timing: sparse-2
  sparse-2/selector
timing: path-16
  path-16/selector
  path-16/metadata
  path-16/typed_serialization
  path-16/path_graph
timing: path-24
  path-24/selector
  path-24/metadata
  path-24/typed_serialization
  path-24/path_graph
timing: gallery-collinear
  gallery-collinear/post_search
  gallery-collinear/metadata
  gallery-collinear/display_tables
  gallery-collinear/typed_serialization
timing: gallery-collinear-off
  gallery-collinear-off/post_search
  gallery-collinear-off/metadata
  gallery-collinear-off/display_tables
  gallery-collinear-off/typed_serialization
timing: gallery-orthogroup
  gallery-orthogroup/post_search
  gallery-orthogroup/metadata
  gallery-orthogroup/display_tables
  gallery-orthogroup/typed_serialization
