✔ the main application import graph excludes Worker-only modules (2.045387ms)
✔ Worker construction and the diagram-generation client have explicit owners (7.929831ms)
✔ Pyodide initialization and helper execution are Worker-only (13.71456ms)
✔ export payloads stay outside the eager application graph (1.24736ms)
✔ production rendering crosses the canonical request and Worker boundary (2.153319ms)
✔ the embedded Python render bridge has no alternate production caller (6.169935ms)
✔ History intent and SVG admission have one production ownership path (5.007848ms)
✔ right drawer availability and transitions have one production owner (4.585808ms)
✔ privileged capability owners and importers stay within their allowlists (196.460135ms)
✔ shared privileged detectors preserve the characterized current-source facts (188.736551ms)
✔ versioned architecture detectors expose stable normalized subjects (0.764936ms)
✔ current Result admission detectors characterize the merged runtime source facts (232.21722ms)
✔ declared architecture rules actively govern the current source tree (771.836681ms)
✔ four-rule authority activation validates and passes on the current source tree (776.440638ms)
✔ pure architecture evaluation owns no I/O, source detection, or authority data (0.467286ms)
✔ pure Product Impact mechanics own no I/O, Git, environment, reporting, or CLI (0.650869ms)
✔ Product Impact authority bootstrap accepts zero or two inert JSON files (32.693014ms)
✔ registered architecture authority and executable matching have separate owners (0.401224ms)
✔ the Web checker remains the sole evaluator orchestrator and CLI entry point (0.648258ms)
✔ report-only source facts preserve the characterized masking behavior (1.044072ms)
✔ workflow triggers separate dev admission, dev staging, promotion, and deployment (0.488245ms)
✔ PR-to-dev jobs and aggregate use the trusted selective plan (1.024804ms)
✔ PR smoke selection is explicit while the full functional inventory stays wide (0.100013ms)
✔ exact dev staging routes every job through the protected-branch plan (0.352043ms)
✔ Gallery readiness routes jobs from direct-parent evidence and aggregates the current SHA (0.292275ms)
✔ trusted promotion uses base code for topology, exact-SHA evidence, and tree proof (0.427642ms)
✔ steady-state topology removes legacy main producers without changing final owners (3.165883ms)
✔ the PR template retains architecture evidence anchors (0.097224ms)
✔ the PR template contains one optional bounded Product Impact decision block (0.06116ms)
✔ the PR template requires exact changed-scope architecture debt arithmetic (0.067218ms)
✔ normal CI uses only dev as the staging push branch (0.030116ms)
✔ dev staging Web checks scope only the newly integrated change (0.168443ms)
✔ supported-version and slow matrices are mandatory in explicit release acceptance (0.207078ms)
✔ synthetic architecture fixtures grow through evidence dependencies, not alternate authority (1.049753ms)
✔ otherwise unmodified synthetic repositories pass current inherited authority (340.610361ms)
✔ active base rules accept one canonical entry edge (151.079571ms)
✔ an extra registered authority location fails and remains visible in the delta (149.701803ms)
✔ an unpreauthorized registered authority move fails (142.413777ms)
✔ a first-party static self-import fails as a one-node cycle (139.060881ms)
✔ an unresolved first-party static import fails closed (135.13839ms)
✔ two-node and three-node first-party static cycles fail (281.478933ms)
✔ an acyclic graph resolves extensionless modules and directory indexes (134.239846ms)
✔ multiple cycles report stable sorted nodes and internal edges (134.739657ms)
✔ compatibility-like names report and a private helper adds no authority (135.285ms)
✔ active hard rule fails when the canonical entry edge is absent (154.02001ms)
✔ active hard rule rejects an unapproved canonical entry edge (153.766192ms)
✔ two simultaneously active preauthorized edges fail in stable subject order (246.702814ms)
✔ an inactive preauthorized edge does not fail (148.170632ms)
✔ a preauthorized one-for-one canonical path move passes and requires review (151.345665ms)
✔ trusted Product Impact stays absent for unchanged source and non-authoritative pull requests (436.035713ms)
✔ trusted Product Impact reports a mapped provider substitution as one conforming concern (144.284559ms)
✔ two changed architecture rules still produce one trusted Product Impact concern packet (142.63263ms)
✔ report-only Product Impact regression requires review without changing a passing Gate (138.300727ms)
✔ Decision Pack routing is outcome-oriented and accepts only an eligible exact-head decision (281.998117ms)
✔ stale and non-maintainer Product Impact decisions remain unresolved and routed (378.018272ms)
✔ invalid current Product Impact authority fails closed without exposing body content (146.945471ms)
✔ conflicting static and current Product Impact authority is report-only but explicit (134.610211ms)
✔ candidate Product Impact authority is validation-only and cannot authorize candidate runtime (136.965566ms)
✔ malformed candidate Product Impact authority fails closed (134.593638ms)
✔ mapped contract changes are surfaced while unrelated tests add no Product Impact burden (264.756288ms)
✔ Product Impact stdout and GitHub summary use the same deterministic report (132.425764ms)
✔ hard Product Impact fixtures block every blocking observation (527.686024ms)
✔ report-only rules report absence without consulting an accepted store or failing (130.569529ms)
✔ hard rules do not consult an accepted-violation store (126.325045ms)
✔ trusted checker rejects malformed proposed rule JSON as inert data (127.390069ms)
✔ a proposed detector that throws is never loaded or executed (127.840881ms)
✔ trusted fixture execution imports detector and evaluator modules from its base revision (125.024019ms)
✔ proposed detector ID and implementation cannot alter trusted source observation (137.877036ms)
✔ cross-validated inert architecture and Product Impact preauthorization passes and requires review (136.552872ms)
✔ mutually conforming proposed rules and source cannot replace base authority (141.451116ms)
✔ fixed profiles classify exact and excess production-file review thresholds (803.807553ms)
✔ fixed profiles classify exact and excess gross-churn review thresholds (720.099783ms)
✔ fixed profiles classify exact and excess net-addition review thresholds (798.939649ms)
✔ the architecture label selects a larger advisory profile without waiving blockers (339.774215ms)
✔ net-zero rewrites above gross thresholds require review in both profiles (389.342122ms)
✔ new module, export, create, reactive, and watcher signals are report-only (374.097013ms)
✔ registered performance, reference-output, and session paths require review (626.16646ms)
✔ review reasons are deduplicated and deterministically sorted (183.339188ms)
✔ report-only inventory contractions display removals without failing (147.307757ms)
✔ the GitHub step summary leads with independent Gate and Review results (346.646155ms)
✔ review reasons and blocking violations produce the four independent decision states (1400.194973ms)
✔ GitHub Actions emits one bounded warning only when Review is required (691.896846ms)
✔ dependency, vendor, binary, and runtime/guard rules are non-waivable (2402.568394ms)
✔ malformed authority and unsupported accepted-violation authority fail canonically (339.355679ms)
✔ a trusted workflow cannot check out candidate head code (187.422919ms)
✔ reserved future guard paths need not exist before their rollout (194.31154ms)
✔ every Product Impact policy, checker, authority, parser, and fixture path is guarded (2822.785748ms)
✔ Product Impact checker implementation is separate from Product Impact authority (3010.864591ms)
✔ the Product Contract authority path is exact and isolated (569.189538ms)
✔ the narrow inert authority bundle contains only architecture rules, map, and decisions (550.141178ms)
✔ runtime cannot co-change with any protected architecture guard path (1476.700949ms)
✔ checker implementation and authority files cannot change together (36418.774555ms)
✔ all checker implementations are separated from reserved future authority (10562.37847ms)
✔ promotion helper stays checker-only while evidence workflows stay authority-only (530.609258ms)
✔ evaluator fixtures stay implementation-only while active rule authority stays isolated (339.665933ms)
✔ the reserved PR template is guard-only (327.276697ms)
✔ an unregistered path acquires no guard or authority classification (344.441958ms)
✔ the Web change-budget checker allows an owner-internal edit (173.133539ms)
✔ privileged ownership and import contractions do not require a policy edit (180.113906ms)
✔ runtime removal may contract its now-inactive owner authorization in one revision (200.929042ms)
✔ runtime removal may contract exactly its inactive owner and importer authorizations (194.568166ms)
✔ safe contraction passes but requires review at exact size thresholds (418.950128ms)
✔ runtime and policy cannot self-authorize a new privileged owner (341.634276ms)
✔ runtime and policy cannot self-authorize a new privileged importer (343.129093ms)
✔ runtime contraction cannot mix removal with a new authorization (373.817356ms)
✔ runtime contraction cannot remove an authorization still active at head (398.02965ms)
✔ runtime contraction cannot delete a capability key (369.729377ms)
✔ runtime contraction cannot delete a privileged import-target key (331.175513ms)
✔ runtime contraction cannot add privileged policy keys (734.487856ms)
✔ runtime plus a semantically unchanged policy remains separated (330.9679ms)
✔ runtime plus policy contraction rejects every additional guard change (3607.670663ms)
✔ safe contraction requires review above the selected production-file threshold (345.172925ms)
✔ safe contraction does not waive dependency, vendor, or binary integrity (1300.809966ms)
✔ unapproved privileged expansion fails against the base allowlist (294.898833ms)
✔ an unused privileged owner allowlist entry can contract (171.902657ms)
✔ an active privileged owner allowlist entry cannot contract (300.216992ms)
✔ an active privileged importer allowlist entry cannot contract (305.310715ms)
✔ a policy change cannot self-authorize privileged runtime expansion (307.387999ms)
✔ base privileged allowlist keys cannot disappear (325.429351ms)
✔ privileged expansion requires policy preauthorization on the base revision (326.005608ms)
✔ comments, strings, and local session object keys are not hard failures (152.203776ms)
✔ index.html growth counts toward the net-addition review threshold (159.461491ms)
✔ base-policy execution ignores a PR-modified checker and detects its runtime co-change (173.344183ms)
✔ trusted-base execution rejects self-authorization despite a successful head checker (182.376138ms)
✔ trusted-base execution rejects runtime plus a candidate Product Contract and checker (193.358794ms)
✔ promotion omits runtime and guard inventories without weakening ordinary PRs (267.95841ms)
✔ promotion omits checker and authority aggregation without authorizing ordinary PRs (250.150239ms)
✔ promotion omits ordinary size profiling while ordinary review remains required (245.237907ms)
✔ promotion relies on exact staging instead of rerunning ordinary import-cycle checks (245.830118ms)
✔ promotion relies on exact staging instead of rerunning ordinary privileged checks (238.343939ms)
✔ promotion relies on exact staging instead of parsing ordinary architecture authority (227.972669ms)
✔ arbitrary-head and fork pull requests to main fail the bounded promotion gate (146.865258ms)
✔ malformed pull-request metadata fails before ordinary inventory evaluation (89.122687ms)
✔ promotion accepts a content-neutral main merge commit without a sync PR (153.676566ms)
✔ promotion rejects a main merge commit with main-only tree content (135.653457ms)
✔ promotion fails when dev does not contain current main content (137.340492ms)
✔ pull request SHA mismatches are blocking metadata errors (91.654771ms)
✔ Web and Python current Session, request and protein-cache schemas agree (19.27757ms)
✔ Node LOSAT acceptance expects the current writer for every output schema (4.605011ms)
✔ Python LOSAT acceptance expects the current writer for every output schema (0.178988ms)
ℹ tests 140
ℹ suites 0
ℹ pass 140
ℹ fail 0
ℹ cancelled 0
ℹ skipped 0
ℹ todo 0
ℹ duration_ms 94589.104583
