============================= test session starts ==============================
platform linux -- Python 3.13.3, pytest-9.0.2, pluggy-1.5.0
rootdir: /mnt/c/users/genom/github/gbdraw/.worktrees/collinear-s06-20260916
configfile: pyproject.toml
plugins: anyio-4.9.0, xdist-3.8.0, timeout-2.4.0, cov-7.0.0
timeout: 300.0s
timeout method: signal
timeout func_only: False
collected 79 items

tests/test_session_compat.py ..................................          [ 43%]
tests/test_public_contract.py ..                                         [ 45%]
tests/test_protein_comparison_benchmark.py ........                      [ 55%]
tests/test_lossless_ortholog_paths.py .................                  [ 77%]
tests/test_ortholog_path_contract.py .................                   [ 98%]
tests/test_cli_tables_tracks_sessions_exports_recipe_contracts.py .      [100%]

=============================== warnings summary ===============================
tests/test_session_compat.py::test_released_schema_v2_fixture_cli_sidecar_is_current_and_rerenders
tests/test_session_compat.py::test_version_39_typed_replay_retains_dormant_comparison_resource
  /home/kawato/micromamba/lib/python3.13/site-packages/Bio/SeqIO/InsdcIO.py:404: BiopythonWarning: Feature qualifier key 'candidate_cluster_numbers' is longer than maximum length specified by standard (20 characters).
    warnings.warn(

tests/test_session_compat.py::test_released_schema_v2_fixture_cli_sidecar_is_current_and_rerenders
tests/test_session_compat.py::test_version_39_typed_replay_retains_dormant_comparison_resource
  /home/kawato/micromamba/lib/python3.13/site-packages/Bio/SeqIO/InsdcIO.py:404: BiopythonWarning: Feature qualifier key 'candidate_cluster_number' is longer than maximum length specified by standard (20 characters).
    warnings.warn(

tests/test_lossless_ortholog_paths.py::test_current_gallery_render_save_replay_do_not_enumerate[gallery-orthogroup]
tests/test_lossless_ortholog_paths.py::test_current_gallery_render_save_replay_do_not_enumerate[gallery-orthogroup]
tests/test_lossless_ortholog_paths.py::test_current_gallery_render_save_replay_do_not_enumerate[gallery-orthogroup]
tests/test_lossless_ortholog_paths.py::test_current_gallery_render_save_replay_do_not_enumerate[gallery-orthogroup]
  /mnt/c/users/genom/github/gbdraw/.worktrees/collinear-s06-20260916/gbdraw/linear_comparison.py:110: FutureWarning: The behavior of DataFrame concatenation with empty or all-NA entries is deprecated. In a future version, this will no longer exclude empty or all-NA columns when determining the result dtypes. To retain the old behavior, exclude the relevant entries before the concat operation.
    else pd.concat(frames, ignore_index=True)

-- Docs: https://docs.pytest.org/en/stable/how-to/capture-warnings.html
================== 79 passed, 8 warnings in 105.69s (0:01:45) ==================
