timing: sparse-2
  sparse-2/selector
timing: path-16
  path-16/selector
timing: path-24
  path-24/selector
timing: gallery-collinear
  gallery-collinear/parse
  gallery-collinear/filter
  gallery-collinear/hsp_aggregate
  gallery-collinear/post_search
  gallery-collinear/metadata
  gallery-collinear/display_tables
  gallery-collinear/typed_serialization
timing: gallery-collinear-off
  gallery-collinear-off/parse
  gallery-collinear-off/filter
  gallery-collinear-off/hsp_aggregate
  gallery-collinear-off/post_search
  gallery-collinear-off/metadata
  gallery-collinear-off/display_tables
  gallery-collinear-off/typed_serialization
timing: gallery-orthogroup
  gallery-orthogroup/parse
  gallery-orthogroup/filter
  gallery-orthogroup/hsp_aggregate
  gallery-orthogroup/post_search
  gallery-orthogroup/metadata
  gallery-orthogroup/display_tables
  gallery-orthogroup/typed_serialization
